Component: ARM Compiler 5.06 update 6 (build 750) Tool: armlink [4d35ed]

==============================================================================

Section Cross References

    main.o(i.SystemClock_Config) refers to stm32f1xx_ll_utils.o(i.LL_SetSystemCoreClock) for LL_SetSystemCoreClock
    main.o(i.SystemClock_Config) refers to stm32f1xx_hal.o(i.HAL_InitTick) for HAL_InitTick
    main.o(i.main) refers to stm32f1xx_hal.o(i.HAL_Init) for HAL_Init
    main.o(i.main) refers to main.o(i.SystemClock_Config) for SystemClock_Config
    main.o(i.main) refers to gpio.o(i.MX_GPIO_Init) for MX_GPIO_Init
    main.o(i.main) refers to rtc.o(i.MX_RTC_Init) for MX_RTC_Init
    main.o(i.main) refers to usb_device.o(i.MX_USB_DEVICE_Init) for MX_USB_DEVICE_Init
    main.o(i.main) refers to tim.o(i.MX_TIM2_Init) for MX_TIM2_Init
    main.o(i.main) refers to spi.o(i.MX_SPI1_Init) for MX_SPI1_Init
    main.o(i.main) refers to stm32f1xx_hal.o(i.HAL_Delay) for HAL_Delay
    main.o(i.main) refers to nrf24.o(i.NRF24_ini) for NRF24_ini
    main.o(i.main) refers to nrf24.o(i.NRF24L01_Send) for NRF24L01_Send
    main.o(i.main) refers to usbd_cdc_if.o(i.CDC_Transmit_FS) for CDC_Transmit_FS
    main.o(i.main) refers to main.o(.data) for .data
    main.o(i.main) refers to usbd_cdc_if.o(.bss) for UserRxBufferFS
    gpio.o(i.MX_GPIO_Init) refers to memseta.o(.text) for __aeabi_memclr4
    gpio.o(i.MX_GPIO_Init) refers to gpio.o(i.LL_APB2_GRP1_EnableClock) for LL_APB2_GRP1_EnableClock
    gpio.o(i.MX_GPIO_Init) refers to stm32f1xx_ll_gpio.o(i.LL_GPIO_Init) for LL_GPIO_Init
    rtc.o(i.MX_RTC_Init) refers to stm32f1xx_ll_rtc.o(i.LL_RTC_Init) for LL_RTC_Init
    spi.o(i.HAL_SPI_MspDeInit) refers to stm32f1xx_hal_gpio.o(i.HAL_GPIO_DeInit) for HAL_GPIO_DeInit
    spi.o(i.HAL_SPI_MspInit) refers to stm32f1xx_hal_gpio.o(i.HAL_GPIO_Init) for HAL_GPIO_Init
    spi.o(i.MX_SPI1_Init) refers to stm32f1xx_hal_spi.o(i.HAL_SPI_Init) for HAL_SPI_Init
    spi.o(i.MX_SPI1_Init) refers to main.o(i.Error_Handler) for Error_Handler
    spi.o(i.MX_SPI1_Init) refers to spi.o(.bss) for .bss
    tim.o(i.HAL_TIM_Base_MspDeInit) refers to stm32f1xx_hal_cortex.o(i.HAL_NVIC_DisableIRQ) for HAL_NVIC_DisableIRQ
    tim.o(i.HAL_TIM_Base_MspInit) refers to stm32f1xx_hal_cortex.o(i.HAL_NVIC_SetPriority) for HAL_NVIC_SetPriority
    tim.o(i.HAL_TIM_Base_MspInit) refers to stm32f1xx_hal_cortex.o(i.HAL_NVIC_EnableIRQ) for HAL_NVIC_EnableIRQ
    tim.o(i.MX_TIM2_Init) refers to stm32f1xx_hal_tim.o(i.HAL_TIM_Base_Init) for HAL_TIM_Base_Init
    tim.o(i.MX_TIM2_Init) refers to main.o(i.Error_Handler) for Error_Handler
    tim.o(i.MX_TIM2_Init) refers to stm32f1xx_hal_tim.o(i.HAL_TIM_ConfigClockSource) for HAL_TIM_ConfigClockSource
    tim.o(i.MX_TIM2_Init) refers to stm32f1xx_hal_tim_ex.o(i.HAL_TIMEx_MasterConfigSynchronization) for HAL_TIMEx_MasterConfigSynchronization
    tim.o(i.MX_TIM2_Init) refers to tim.o(.bss) for .bss
    usb_device.o(i.MX_USB_DEVICE_Init) refers to usbd_core.o(i.USBD_Init) for USBD_Init
    usb_device.o(i.MX_USB_DEVICE_Init) refers to main.o(i.Error_Handler) for Error_Handler
    usb_device.o(i.MX_USB_DEVICE_Init) refers to usbd_core.o(i.USBD_RegisterClass) for USBD_RegisterClass
    usb_device.o(i.MX_USB_DEVICE_Init) refers to usbd_cdc.o(i.USBD_CDC_RegisterInterface) for USBD_CDC_RegisterInterface
    usb_device.o(i.MX_USB_DEVICE_Init) refers to usbd_core.o(i.USBD_Start) for USBD_Start
    usb_device.o(i.MX_USB_DEVICE_Init) refers to usbd_desc.o(.data) for FS_Desc
    usb_device.o(i.MX_USB_DEVICE_Init) refers to usb_device.o(.bss) for .bss
    usb_device.o(i.MX_USB_DEVICE_Init) refers to usbd_cdc.o(.data) for USBD_CDC
    usb_device.o(i.MX_USB_DEVICE_Init) refers to usbd_cdc_if.o(.data) for USBD_Interface_fops_FS
    usbd_conf.o(i.HAL_PCD_ConnectCallback) refers to usbd_core.o(i.USBD_LL_DevConnected) for USBD_LL_DevConnected
    usbd_conf.o(i.HAL_PCD_DataInStageCallback) refers to usbd_core.o(i.USBD_LL_DataInStage) for USBD_LL_DataInStage
    usbd_conf.o(i.HAL_PCD_DataOutStageCallback) refers to usbd_core.o(i.USBD_LL_DataOutStage) for USBD_LL_DataOutStage
    usbd_conf.o(i.HAL_PCD_DisconnectCallback) refers to usbd_core.o(i.USBD_LL_DevDisconnected) for USBD_LL_DevDisconnected
    usbd_conf.o(i.HAL_PCD_ISOINIncompleteCallback) refers to usbd_core.o(i.USBD_LL_IsoINIncomplete) for USBD_LL_IsoINIncomplete
    usbd_conf.o(i.HAL_PCD_ISOOUTIncompleteCallback) refers to usbd_core.o(i.USBD_LL_IsoOUTIncomplete) for USBD_LL_IsoOUTIncomplete
    usbd_conf.o(i.HAL_PCD_MspDeInit) refers to stm32f1xx_hal_cortex.o(i.HAL_NVIC_DisableIRQ) for HAL_NVIC_DisableIRQ
    usbd_conf.o(i.HAL_PCD_MspInit) refers to stm32f1xx_hal_cortex.o(i.HAL_NVIC_SetPriority) for HAL_NVIC_SetPriority
    usbd_conf.o(i.HAL_PCD_MspInit) refers to stm32f1xx_hal_cortex.o(i.HAL_NVIC_EnableIRQ) for HAL_NVIC_EnableIRQ
    usbd_conf.o(i.HAL_PCD_ResetCallback) refers to main.o(i.Error_Handler) for Error_Handler
[...]
    ..\Drivers\STM32F1xx_HAL_Driver\Src\stm32f1xx_hal_pcd.c 0x00000000   Number         0  stm32f1xx_hal_pcd.o ABSOLUTE
    ..\Drivers\STM32F1xx_HAL_Driver\Src\stm32f1xx_hal_pcd_ex.c 0x00000000   Number         0  stm32f1xx_hal_pcd_ex.o ABSOLUTE
    ..\Drivers\STM32F1xx_HAL_Driver\Src\stm32f1xx_hal_pwr.c 0x00000000   Number         0  stm32f1xx_hal_pwr.o ABSOLUTE
    ..\Drivers\STM32F1xx_HAL_Driver\Src\stm32f1xx_hal_rcc.c 0x00000000   Number         0  stm32f1xx_hal_rcc.o ABSOLUTE
    ..\Drivers\STM32F1xx_HAL_Driver\Src\stm32f1xx_hal_rcc_ex.c 0x00000000   Number         0  stm32f1xx_hal_rcc_ex.o ABSOLUTE
    ..\Drivers\STM32F1xx_HAL_Driver\Src\stm32f1xx_hal_spi.c 0x00000000   Number         0  stm32f1xx_hal_spi.o ABSOLUTE
    ..\Drivers\STM32F1xx_HAL_Driver\Src\stm32f1xx_hal_tim.c 0x00000000   Number         0  stm32f1xx_hal_tim.o ABSOLUTE
    ..\Drivers\STM32F1xx_HAL_Driver\Src\stm32f1xx_hal_tim_ex.c 0x00000000   Number         0  stm32f1xx_hal_tim_ex.o ABSOLUTE
    ..\Drivers\STM32F1xx_HAL_Driver\Src\stm32f1xx_ll_exti.c 0x00000000   Number         0  stm32f1xx_ll_exti.o ABSOLUTE
    ..\Drivers\STM32F1xx_HAL_Driver\Src\stm32f1xx_ll_gpio.c 0x00000000   Number         0  stm32f1xx_ll_gpio.o ABSOLUTE
    ..\Drivers\STM32F1xx_HAL_Driver\Src\stm32f1xx_ll_rcc.c 0x00000000   Number         0  stm32f1xx_ll_rcc.o ABSOLUTE
    ..\Drivers\STM32F1xx_HAL_Driver\Src\stm32f1xx_ll_rtc.c 0x00000000   Number         0  stm32f1xx_ll_rtc.o ABSOLUTE
    ..\Drivers\STM32F1xx_HAL_Driver\Src\stm32f1xx_ll_usb.c 0x00000000   Number         0  stm32f1xx_ll_usb.o ABSOLUTE
    ..\Drivers\STM32F1xx_HAL_Driver\Src\stm32f1xx_ll_utils.c 0x00000000   Number         0  stm32f1xx_ll_utils.o ABSOLUTE
    ..\Middlewares\ST\STM32_USB_Device_Library\Class\CDC\Src\usbd_cdc.c 0x00000000   Number         0  usbd_cdc.o ABSOLUTE
    ..\Middlewares\ST\STM32_USB_Device_Library\Core\Src\usbd_core.c 0x00000000   Number         0  usbd_core.o ABSOLUTE
    ..\Middlewares\ST\STM32_USB_Device_Library\Core\Src\usbd_ctlreq.c 0x00000000   Number         0  usbd_ctlreq.o ABSOLUTE
    ..\Middlewares\ST\STM32_USB_Device_Library\Core\Src\usbd_ioreq.c 0x00000000   Number         0  usbd_ioreq.o ABSOLUTE
    ..\Src\NRF24.c                           0x00000000   Number         0  nrf24.o ABSOLUTE
    ..\Src\gpio.c                            0x00000000   Number         0  gpio.o ABSOLUTE
    ..\Src\main.c                            0x00000000   Number         0  main.o ABSOLUTE
    ..\Src\rtc.c                             0x00000000   Number         0  rtc.o ABSOLUTE
    ..\Src\spi.c                             0x00000000   Number         0  spi.o ABSOLUTE
    ..\Src\stm32f1xx_hal_msp.c               0x00000000   Number         0  stm32f1xx_hal_msp.o ABSOLUTE
    ..\Src\stm32f1xx_it.c                    0x00000000   Number         0  stm32f1xx_it.o ABSOLUTE
    ..\Src\system_stm32f1xx.c                0x00000000   Number         0  system_stm32f1xx.o ABSOLUTE
    ..\Src\tim.c                             0x00000000   Number         0  tim.o ABSOLUTE
    ..\Src\usb_device.c                      0x00000000   Number         0  usb_device.o ABSOLUTE
    ..\Src\usbd_cdc_if.c                     0x00000000   Number         0  usbd_cdc_if.o ABSOLUTE
    ..\Src\usbd_conf.c                       0x00000000   Number         0  usbd_conf.o ABSOLUTE
    ..\Src\usbd_desc.c                       0x00000000   Number         0  usbd_desc.o ABSOLUTE
    ..\\Src\\NRF24.c                         0x00000000   Number         0  nrf24.o ABSOLUTE
    cdrcmple.s                               0x00000000   Number         0  cdrcmple.o ABSOLUTE
    dc.s                                     0x00000000   Number         0  dc.o ABSOLUTE
    handlers.s                               0x00000000   Number         0  handlers.o ABSOLUTE
    init.s                                   0x00000000   Number         0  init.o ABSOLUTE
    startup_stm32f103xb.s                    0x00000000   Number         0  startup_stm32f103xb.o ABSOLUTE
    RESET                                    0x08000000   Section      236  startup_stm32f103xb.o(RESET)
    .ARM.Collect$$$$00000000                 0x080000ec   Section        0  entry.o(.ARM.Collect$$$$00000000)
    .ARM.Collect$$$$00000001                 0x080000ec   Section        4  entry2.o(.ARM.Collect$$$$00000001)
    .ARM.Collect$$$$00000004                 0x080000f0   Section        4  entry5.o(.ARM.Collect$$$$00000004)
    .ARM.Collect$$$$00000008                 0x080000f4   Section        0  entry7b.o(.ARM.Collect$$$$00000008)
    .ARM.Collect$$$$0000000A                 0x080000f4   Section        0  entry8b.o(.ARM.Collect$$$$0000000A)
    .ARM.Collect$$$$0000000B                 0x080000f4   Section        8  entry9a.o(.ARM.Collect$$$$0000000B)
    .ARM.Collect$$$$0000000D                 0x080000fc   Section        0  entry10a.o(.ARM.Collect$$$$0000000D)
    .ARM.Collect$$$$0000000F                 0x080000fc   Section        0  entry11a.o(.ARM.Collect$$$$0000000F)
    .ARM.Collect$$$$00002712                 0x080000fc   Section        4  entry2.o(.ARM.Collect$$$$00002712)
    __lit__00000000                          0x080000fc   Data           4  entry2.o(.ARM.Collect$$$$00002712)
    .text                                    0x08000100   Section       36  startup_stm32f103xb.o(.text)
    .text                                    0x08000124   Section        0  memcpya.o(.text)
    .text                                    0x08000148   Section        0  memseta.o(.text)
    .text                                    0x0800016c   Section       36  init.o(.text)
    .text                                    0x08000190   Section        0  __dczerorl2.o(.text)
    i.BusFault_Handler                       0x080001e6   Section        0  stm32f1xx_it.o(i.BusFault_Handler)
    i.CDC_Control_FS                         0x080001e8   Section        0  usbd_cdc_if.o(i.CDC_Control_FS)
    CDC_Control_FS                           0x080001e9   Thumb Code     4  usbd_cdc_if.o(i.CDC_Control_FS)
    i.CDC_DeInit_FS                          0x080001ec   Section        0  usbd_cdc_if.o(i.CDC_DeInit_FS)
    CDC_DeInit_FS                            0x080001ed   Thumb Code     4  usbd_cdc_if.o(i.CDC_DeInit_FS)
    i.CDC_Init_FS                            0x080001f0   Section        0  usbd_cdc_if.o(i.CDC_Init_FS)
    CDC_Init_FS                              0x080001f1   Thumb Code    26  usbd_cdc_if.o(i.CDC_Init_FS)
    i.CDC_Receive_FS                         0x08000214   Section        0  usbd_cdc_if.o(i.CDC_Receive_FS)
    CDC_Receive_FS                           0x08000215   Thumb Code    28  usbd_cdc_if.o(i.CDC_Receive_FS)
    i.CDC_Transmit_FS                        0x08000238   Section        0  usbd_cdc_if.o(i.CDC_Transmit_FS)
    i.DebugMon_Handler                       0x08000264   Section        0  stm32f1xx_it.o(i.DebugMon_Handler)
    i.DelayMicro                             0x08000268   Section        0  nrf24.o(i.DelayMicro)
    DelayMicro                               0x08000269   Thumb Code    30  nrf24.o(i.DelayMicro)
    i.Error_Handler                          0x08000290   Section        0  main.o(i.Error_Handler)
    i.HAL_Delay                              0x08000294   Section        0  stm32f1xx_hal.o(i.HAL_Delay)
    i.HAL_GPIO_Init                          0x080002b8   Section        0  stm32f1xx_hal_gpio.o(i.HAL_GPIO_Init)
    i.HAL_GPIO_ReadPin                       0x08000498   Section        0  stm32f1xx_hal_gpio.o(i.HAL_GPIO_ReadPin)
    i.HAL_GPIO_TogglePin                     0x080004a2   Section        0  stm32f1xx_hal_gpio.o(i.HAL_GPIO_TogglePin)
    i.HAL_GPIO_WritePin                      0x080004b0   Section        0  stm32f1xx_hal_gpio.o(i.HAL_GPIO_WritePin)
    i.HAL_GetTick                            0x080004bc   Section        0  stm32f1xx_hal.o(i.HAL_GetTick)
    i.HAL_IncTick                            0x080004c8   Section        0  stm32f1xx_hal.o(i.HAL_IncTick)
    i.HAL_Init                               0x080004d8   Section        0  stm32f1xx_hal.o(i.HAL_Init)
    i.HAL_InitTick                           0x080004fc   Section        0  stm32f1xx_hal.o(i.HAL_InitTick)
    i.HAL_MspInit                            0x0800053c   Section        0  stm32f1xx_hal_msp.o(i.HAL_MspInit)
    i.HAL_NVIC_EnableIRQ                     0x08000578   Section        0  stm32f1xx_hal_cortex.o(i.HAL_NVIC_EnableIRQ)
    i.HAL_NVIC_SetPriority                   0x08000594   Section        0  stm32f1xx_hal_cortex.o(i.HAL_NVIC_SetPriority)
    i.HAL_NVIC_SetPriorityGrouping           0x080005d4   Section        0  stm32f1xx_hal_cortex.o(i.HAL_NVIC_SetPriorityGrouping)
    i.HAL_PCDEx_PMAConfig                    0x080005f8   Section        0  stm32f1xx_hal_pcd_ex.o(i.HAL_PCDEx_PMAConfig)
    i.HAL_PCDEx_SetConnectionState           0x0800062c   Section        0  usbd_conf.o(i.HAL_PCDEx_SetConnectionState)
    i.HAL_PCD_DataInStageCallback            0x0800062e   Section        0  usbd_conf.o(i.HAL_PCD_DataInStageCallback)
    i.HAL_PCD_DataOutStageCallback           0x0800063c   Section        0  usbd_conf.o(i.HAL_PCD_DataOutStageCallback)
    i.HAL_PCD_EP_Close                       0x0800064c   Section        0  stm32f1xx_hal_pcd.o(i.HAL_PCD_EP_Close)
    i.HAL_PCD_EP_ClrStall                    0x08000694   Section        0  stm32f1xx_hal_pcd.o(i.HAL_PCD_EP_ClrStall)
    i.HAL_PCD_EP_GetRxCount                  0x080006ec   Section        0  stm32f1xx_hal_pcd.o(i.HAL_PCD_EP_GetRxCount)
    i.HAL_PCD_EP_Open                        0x080006fa   Section        0  stm32f1xx_hal_pcd.o(i.HAL_PCD_EP_Open)
    i.HAL_PCD_EP_Receive                     0x08000756   Section        0  stm32f1xx_hal_pcd.o(i.HAL_PCD_EP_Receive)
    i.HAL_PCD_EP_SetStall                    0x08000784   Section        0  stm32f1xx_hal_pcd.o(i.HAL_PCD_EP_SetStall)
    i.HAL_PCD_EP_Transmit                    0x080007ee   Section        0  stm32f1xx_hal_pcd.o(i.HAL_PCD_EP_Transmit)
    i.HAL_PCD_IRQHandler                     0x08000818   Section        0  stm32f1xx_hal_pcd.o(i.HAL_PCD_IRQHandler)
    i.HAL_PCD_Init                           0x08000930   Section        0  stm32f1xx_hal_pcd.o(i.HAL_PCD_Init)
    i.HAL_PCD_MspInit                        0x08000a04   Section        0  usbd_conf.o(i.HAL_PCD_MspInit)
    i.HAL_PCD_ResetCallback                  0x08000a40   Section        0  usbd_conf.o(i.HAL_PCD_ResetCallback)
    i.HAL_PCD_ResumeCallback                 0x08000a66   Section        0  usbd_conf.o(i.HAL_PCD_ResumeCallback)
    i.HAL_PCD_SOFCallback                    0x08000a6e   Section        0  usbd_conf.o(i.HAL_PCD_SOFCallback)
    i.HAL_PCD_SetAddress                     0x08000a76   Section        0  stm32f1xx_hal_pcd.o(i.HAL_PCD_SetAddress)
    i.HAL_PCD_SetupStageCallback             0x08000a9e   Section        0  usbd_conf.o(i.HAL_PCD_SetupStageCallback)
    i.HAL_PCD_Start                          0x08000aac   Section        0  stm32f1xx_hal_pcd.o(i.HAL_PCD_Start)
    i.HAL_PCD_SuspendCallback                0x08000ae0   Section        0  usbd_conf.o(i.HAL_PCD_SuspendCallback)
    i.HAL_SPI_Init                           0x08000b04   Section        0  stm32f1xx_hal_spi.o(i.HAL_SPI_Init)
    i.HAL_SPI_MspInit                        0x08000b80   Section        0  spi.o(i.HAL_SPI_MspInit)
    i.HAL_SPI_Transmit                       0x08000bf0   Section        0  stm32f1xx_hal_spi.o(i.HAL_SPI_Transmit)
    i.HAL_SPI_TransmitReceive                0x08000d4c   Section        0  stm32f1xx_hal_spi.o(i.HAL_SPI_TransmitReceive)
    i.HAL_SYSTICK_Config                     0x08000f2e   Section        0  stm32f1xx_hal_cortex.o(i.HAL_SYSTICK_Config)
    i.HAL_TIMEx_BreakCallback                0x08000f56   Section        0  stm32f1xx_hal_tim_ex.o(i.HAL_TIMEx_BreakCallback)
    i.HAL_TIMEx_CommutCallback               0x08000f58   Section        0  stm32f1xx_hal_tim_ex.o(i.HAL_TIMEx_CommutCallback)
    i.HAL_TIMEx_MasterConfigSynchronization  0x08000f5a   Section        0  stm32f1xx_hal_tim_ex.o(i.HAL_TIMEx_MasterConfigSynchronization)
    i.HAL_TIM_Base_Init                      0x08000f9c   Section        0  stm32f1xx_hal_tim.o(i.HAL_TIM_Base_Init)
    i.HAL_TIM_Base_MspInit                   0x08000fd4   Section        0  tim.o(i.HAL_TIM_Base_MspInit)
    i.HAL_TIM_ConfigClockSource              0x0800100c   Section        0  stm32f1xx_hal_tim.o(i.HAL_TIM_ConfigClockSource)
    i.HAL_TIM_IC_CaptureCallback             0x080010e2   Section        0  stm32f1xx_hal_tim.o(i.HAL_TIM_IC_CaptureCallback)
    i.HAL_TIM_IRQHandler                     0x080010e4   Section        0  stm32f1xx_hal_tim.o(i.HAL_TIM_IRQHandler)
    i.HAL_TIM_OC_DelayElapsedCallback        0x0800124a   Section        0  stm32f1xx_hal_tim.o(i.HAL_TIM_OC_DelayElapsedCallback)
    i.HAL_TIM_PWM_PulseFinishedCallback      0x0800124c   Section        0  stm32f1xx_hal_tim.o(i.HAL_TIM_PWM_PulseFinishedCallback)
    i.HAL_TIM_PeriodElapsedCallback          0x0800124e   Section        0  stm32f1xx_hal_tim.o(i.HAL_TIM_PeriodElapsedCallback)
    i.HAL_TIM_TriggerCallback                0x08001250   Section        0  stm32f1xx_hal_tim.o(i.HAL_TIM_TriggerCallback)
    i.HardFault_Handler                      0x08001252   Section        0  stm32f1xx_it.o(i.HardFault_Handler)
    i.IntToUnicode                           0x08001254   Section        0  usbd_desc.o(i.IntToUnicode)
    IntToUnicode                             0x08001255   Thumb Code    56  usbd_desc.o(i.IntToUnicode)
    i.LL_APB2_GRP1_EnableClock               0x0800128c   Section        0  gpio.o(i.LL_APB2_GRP1_EnableClock)
    LL_APB2_GRP1_EnableClock                 0x0800128d   Thumb Code    18  gpio.o(i.LL_APB2_GRP1_EnableClock)
    i.LL_GPIO_Init                           0x080012a4   Section        0  stm32f1xx_ll_gpio.o(i.LL_GPIO_Init)
    i.LL_RTC_EnterInitMode                   0x08001394   Section        0  stm32f1xx_ll_rtc.o(i.LL_RTC_EnterInitMode)
    i.LL_RTC_ExitInitMode                    0x080013d6   Section        0  stm32f1xx_ll_rtc.o(i.LL_RTC_ExitInitMode)
    i.LL_RTC_Init                            0x08001418   Section        0  stm32f1xx_ll_rtc.o(i.LL_RTC_Init)
    i.LL_RTC_WaitForSynchro                  0x08001490   Section        0  stm32f1xx_ll_rtc.o(i.LL_RTC_WaitForSynchro)
    i.LL_SetSystemCoreClock                  0x080014d4   Section        0  stm32f1xx_ll_utils.o(i.LL_SetSystemCoreClock)
    i.MX_GPIO_Init                           0x080014e0   Section        0  gpio.o(i.MX_GPIO_Init)
    i.MX_RTC_Init                            0x0800155c   Section        0  rtc.o(i.MX_RTC_Init)
    i.MX_SPI1_Init                           0x080015b8   Section        0  spi.o(i.MX_SPI1_Init)
    i.MX_TIM2_Init                           0x08001600   Section        0  tim.o(i.MX_TIM2_Init)
    i.MX_USB_DEVICE_Init                     0x08001668   Section        0  usb_device.o(i.MX_USB_DEVICE_Init)
    i.MemManage_Handler                      0x080016bc   Section        0  stm32f1xx_it.o(i.MemManage_Handler)
    i.NMI_Handler                            0x080016be   Section        0  stm32f1xx_it.o(i.NMI_Handler)
    i.NRF24L01_RX_Mode                       0x080016c0   Section        0  nrf24.o(i.NRF24L01_RX_Mode)
    i.NRF24L01_Send                          0x080016f4   Section        0  nrf24.o(i.NRF24L01_Send)
    i.NRF24L01_TX_Mode                       0x08001790   Section        0  nrf24.o(i.NRF24L01_TX_Mode)
    i.NRF24_FlushRX                          0x080017bc   Section        0  nrf24.o(i.NRF24_FlushRX)
    i.NRF24_FlushTX                          0x080017fc   Section        0  nrf24.o(i.NRF24_FlushTX)
    i.NRF24_ReadReg                          0x0800183c   Section        0  nrf24.o(i.NRF24_ReadReg)
    i.NRF24_ToggleFeatures                   0x0800189c   Section        0  nrf24.o(i.NRF24_ToggleFeatures)
    i.NRF24_Transmit                         0x080018f0   Section        0  nrf24.o(i.NRF24_Transmit)
    i.NRF24_WriteReg                         0x0800194c   Section        0  nrf24.o(i.NRF24_WriteReg)
    i.NRF24_Write_Buf                        0x08001998   Section        0  nrf24.o(i.NRF24_Write_Buf)
    i.NRF24_ini                              0x080019ec   Section        0  nrf24.o(i.NRF24_ini)
    i.PCD_EP_ISR_Handler                     0x08001a98   Section        0  stm32f1xx_hal_pcd.o(i.PCD_EP_ISR_Handler)
    PCD_EP_ISR_Handler                       0x08001a99   Thumb Code   706  stm32f1xx_hal_pcd.o(i.PCD_EP_ISR_Handler)
    i.PendSV_Handler                         0x08001d5a   Section        0  stm32f1xx_it.o(i.PendSV_Handler)
    i.SPI_EndRxTxTransaction                 0x08001d5c   Section        0  stm32f1xx_hal_spi.o(i.SPI_EndRxTxTransaction)
    SPI_EndRxTxTransaction                   0x08001d5d   Thumb Code    32  stm32f1xx_hal_spi.o(i.SPI_EndRxTxTransaction)
    i.SPI_WaitFlagStateUntilTimeout          0x08001d7c   Section        0  stm32f1xx_hal_spi.o(i.SPI_WaitFlagStateUntilTimeout)
    SPI_WaitFlagStateUntilTimeout            0x08001d7d   Thumb Code   148  stm32f1xx_hal_spi.o(i.SPI_WaitFlagStateUntilTimeout)
    i.SVC_Handler                            0x08001e10   Section        0  stm32f1xx_it.o(i.SVC_Handler)
    i.SysTick_Handler                        0x08001e12   Section        0  stm32f1xx_it.o(i.SysTick_Handler)
    i.SystemClock_Config                     0x08001e18   Section        0  main.o(i.SystemClock_Config)
    i.SystemInit                             0x08001ee0   Section        0  system_stm32f1xx.o(i.SystemInit)
    i.TIM2_IRQHandler                        0x08001f28   Section        0  stm32f1xx_it.o(i.TIM2_IRQHandler)
    i.TIM_Base_SetConfig                     0x08001f34   Section        0  stm32f1xx_hal_tim.o(i.TIM_Base_SetConfig)
    i.TIM_ETR_SetConfig                      0x08001fa0   Section        0  stm32f1xx_hal_tim.o(i.TIM_ETR_SetConfig)
    i.TIM_ITRx_SetConfig                     0x08001fb4   Section        0  stm32f1xx_hal_tim.o(i.TIM_ITRx_SetConfig)
    TIM_ITRx_SetConfig                       0x08001fb5   Thumb Code    16  stm32f1xx_hal_tim.o(i.TIM_ITRx_SetConfig)
    i.TIM_TI1_ConfigInputStage               0x08001fc4   Section        0  stm32f1xx_hal_tim.o(i.TIM_TI1_ConfigInputStage)
    TIM_TI1_ConfigInputStage                 0x08001fc5   Thumb Code    34  stm32f1xx_hal_tim.o(i.TIM_TI1_ConfigInputStage)
    i.TIM_TI2_ConfigInputStage               0x08001fe6   Section        0  stm32f1xx_hal_tim.o(i.TIM_TI2_ConfigInputStage)
    TIM_TI2_ConfigInputStage                 0x08001fe7   Thumb Code    36  stm32f1xx_hal_tim.o(i.TIM_TI2_ConfigInputStage)
    i.USBD_CDC_DataIn                        0x0800200a   Section        0  usbd_cdc.o(i.USBD_CDC_DataIn)
    USBD_CDC_DataIn                          0x0800200b   Thumb Code    70  usbd_cdc.o(i.USBD_CDC_DataIn)
    i.USBD_CDC_DataOut                       0x08002050   Section        0  usbd_cdc.o(i.USBD_CDC_DataOut)
    USBD_CDC_DataOut                         0x08002051   Thumb Code    46  usbd_cdc.o(i.USBD_CDC_DataOut)
    i.USBD_CDC_DeInit                        0x0800207e   Section        0  usbd_cdc.o(i.USBD_CDC_DeInit)
    USBD_CDC_DeInit                          0x0800207f   Thumb Code    68  usbd_cdc.o(i.USBD_CDC_DeInit)
    i.USBD_CDC_EP0_RxReady                   0x080020c2   Section        0  usbd_cdc.o(i.USBD_CDC_EP0_RxReady)
    USBD_CDC_EP0_RxReady                     0x080020c3   Thumb Code    36  usbd_cdc.o(i.USBD_CDC_EP0_RxReady)
    i.USBD_CDC_GetDeviceQualifierDescriptor  0x080020e8   Section        0  usbd_cdc.o(i.USBD_CDC_GetDeviceQualifierDescriptor)
    i.USBD_CDC_GetFSCfgDesc                  0x080020f4   Section        0  usbd_cdc.o(i.USBD_CDC_GetFSCfgDesc)
    USBD_CDC_GetFSCfgDesc                    0x080020f5   Thumb Code     8  usbd_cdc.o(i.USBD_CDC_GetFSCfgDesc)
    i.USBD_CDC_GetHSCfgDesc                  0x08002100   Section        0  usbd_cdc.o(i.USBD_CDC_GetHSCfgDesc)
    USBD_CDC_GetHSCfgDesc                    0x08002101   Thumb Code     8  usbd_cdc.o(i.USBD_CDC_GetHSCfgDesc)
    i.USBD_CDC_GetOtherSpeedCfgDesc          0x0800210c   Section        0  usbd_cdc.o(i.USBD_CDC_GetOtherSpeedCfgDesc)
    USBD_CDC_GetOtherSpeedCfgDesc            0x0800210d   Thumb Code     8  usbd_cdc.o(i.USBD_CDC_GetOtherSpeedCfgDesc)
    i.USBD_CDC_Init                          0x08002118   Section        0  usbd_cdc.o(i.USBD_CDC_Init)
    USBD_CDC_Init                            0x08002119   Thumb Code   148  usbd_cdc.o(i.USBD_CDC_Init)
    i.USBD_CDC_ReceivePacket                 0x080021ac   Section        0  usbd_cdc.o(i.USBD_CDC_ReceivePacket)
    i.USBD_CDC_RegisterInterface             0x080021d4   Section        0  usbd_cdc.o(i.USBD_CDC_RegisterInterface)
    i.USBD_CDC_SetRxBuffer                   0x080021e4   Section        0  usbd_cdc.o(i.USBD_CDC_SetRxBuffer)
    i.USBD_CDC_SetTxBuffer                   0x080021f0   Section        0  usbd_cdc.o(i.USBD_CDC_SetTxBuffer)
    i.USBD_CDC_Setup                         0x08002200   Section        0  usbd_cdc.o(i.USBD_CDC_Setup)
    USBD_CDC_Setup                           0x08002201   Thumb Code   172  usbd_cdc.o(i.USBD_CDC_Setup)
    i.USBD_CDC_TransmitPacket                0x080022ac   Section        0  usbd_cdc.o(i.USBD_CDC_TransmitPacket)
    i.USBD_ClrClassConfig                    0x080022e2   Section        0  usbd_core.o(i.USBD_ClrClassConfig)
    i.USBD_CtlContinueRx                     0x080022f0   Section        0  usbd_ioreq.o(i.USBD_CtlContinueRx)
    i.USBD_CtlContinueSendData               0x08002300   Section        0  usbd_ioreq.o(i.USBD_CtlContinueSendData)
    i.USBD_CtlError                          0x08002310   Section        0  usbd_ctlreq.o(i.USBD_CtlError)
    i.USBD_CtlPrepareRx                      0x08002326   Section        0  usbd_ioreq.o(i.USBD_CtlPrepareRx)
    i.USBD_CtlReceiveStatus                  0x08002344   Section        0  usbd_ioreq.o(i.USBD_CtlReceiveStatus)
    i.USBD_CtlSendData                       0x0800235a   Section        0  usbd_ioreq.o(i.USBD_CtlSendData)
    i.USBD_CtlSendStatus                     0x08002374   Section        0  usbd_ioreq.o(i.USBD_CtlSendStatus)
    i.USBD_FS_ConfigStrDescriptor            0x0800238c   Section        0  usbd_desc.o(i.USBD_FS_ConfigStrDescriptor)
    i.USBD_FS_DeviceDescriptor               0x080023ac   Section        0  usbd_desc.o(i.USBD_FS_DeviceDescriptor)
    i.USBD_FS_InterfaceStrDescriptor         0x080023b8   Section        0  usbd_desc.o(i.USBD_FS_InterfaceStrDescriptor)
    i.USBD_FS_LangIDStrDescriptor            0x080023dc   Section        0  usbd_desc.o(i.USBD_FS_LangIDStrDescriptor)
    i.USBD_FS_ManufacturerStrDescriptor      0x080023e8   Section        0  usbd_desc.o(i.USBD_FS_ManufacturerStrDescriptor)
    i.USBD_FS_ProductStrDescriptor           0x08002410   Section        0  usbd_desc.o(i.USBD_FS_ProductStrDescriptor)
    i.USBD_FS_SerialStrDescriptor            0x0800243c   Section        0  usbd_desc.o(i.USBD_FS_SerialStrDescriptor)
    i.USBD_GetDescriptor                     0x08002474   Section        0  usbd_ctlreq.o(i.USBD_GetDescriptor)
    USBD_GetDescriptor                       0x08002475   Thumb Code   232  usbd_ctlreq.o(i.USBD_GetDescriptor)
    i.USBD_GetString                         0x0800255c   Section        0  usbd_ctlreq.o(i.USBD_GetString)
    i.USBD_Get_USB_Status                    0x080025a4   Section        0  usbd_conf.o(i.USBD_Get_USB_Status)
    USBD_Get_USB_Status                      0x080025a5   Thumb Code    24  usbd_conf.o(i.USBD_Get_USB_Status)
    i.USBD_Init                              0x080025bc   Section        0  usbd_core.o(i.USBD_Init)
    i.USBD_LL_ClearStallEP                   0x080025e6   Section        0  usbd_conf.o(i.USBD_LL_ClearStallEP)
    i.USBD_LL_CloseEP                        0x080025f8   Section        0  usbd_conf.o(i.USBD_LL_CloseEP)
    i.USBD_LL_DataInStage                    0x0800260a   Section        0  usbd_core.o(i.USBD_LL_DataInStage)
    i.USBD_LL_DataOutStage                   0x080026d0   Section        0  usbd_core.o(i.USBD_LL_DataOutStage)
    i.USBD_LL_GetRxDataSize                  0x08002752   Section        0  usbd_conf.o(i.USBD_LL_GetRxDataSize)
    i.USBD_LL_Init                           0x0800275c   Section        0  usbd_conf.o(i.USBD_LL_Init)
    i.USBD_LL_IsStallEP                      0x080027dc   Section        0  usbd_conf.o(i.USBD_LL_IsStallEP)
    i.USBD_LL_OpenEP                         0x080027f8   Section        0  usbd_conf.o(i.USBD_LL_OpenEP)
    i.USBD_LL_PrepareReceive                 0x08002810   Section        0  usbd_conf.o(i.USBD_LL_PrepareReceive)
    i.USBD_LL_Reset                          0x08002822   Section        0  usbd_core.o(i.USBD_LL_Reset)
    i.USBD_LL_Resume                         0x08002872   Section        0  usbd_core.o(i.USBD_LL_Resume)
    i.USBD_LL_SOF                            0x08002886   Section        0  usbd_core.o(i.USBD_LL_SOF)
    i.USBD_LL_SetSpeed                       0x0800289e   Section        0  usbd_core.o(i.USBD_LL_SetSpeed)
    i.USBD_LL_SetUSBAddress                  0x080028a4   Section        0  usbd_conf.o(i.USBD_LL_SetUSBAddress)
    i.USBD_LL_SetupStage                     0x080028b6   Section        0  usbd_core.o(i.USBD_LL_SetupStage)
    i.USBD_LL_StallEP                        0x08002910   Section        0  usbd_conf.o(i.USBD_LL_StallEP)
    i.USBD_LL_Start                          0x08002922   Section        0  usbd_conf.o(i.USBD_LL_Start)
    i.USBD_LL_Suspend                        0x08002934   Section        0  usbd_core.o(i.USBD_LL_Suspend)
    i.USBD_LL_Transmit                       0x08002946   Section        0  usbd_conf.o(i.USBD_LL_Transmit)
    i.USBD_ParseSetupRequest                 0x08002958   Section        0  usbd_ctlreq.o(i.USBD_ParseSetupRequest)
    i.USBD_RegisterClass                     0x08002980   Section        0  usbd_core.o(i.USBD_RegisterClass)
    i.USBD_SetClassConfig                    0x08002990   Section        0  usbd_core.o(i.USBD_SetClassConfig)
    i.USBD_SetConfig                         0x080029a8   Section        0  usbd_ctlreq.o(i.USBD_SetConfig)
    USBD_SetConfig                           0x080029a9   Thumb Code   128  usbd_ctlreq.o(i.USBD_SetConfig)
    i.USBD_Start                             0x08002a2c   Section        0  usbd_core.o(i.USBD_Start)
    i.USBD_StdDevReq                         0x08002a36   Section        0  usbd_ctlreq.o(i.USBD_StdDevReq)
    i.USBD_StdEPReq                          0x08002b48   Section        0  usbd_ctlreq.o(i.USBD_StdEPReq)
    i.USBD_StdItfReq                         0x08002c98   Section        0  usbd_ctlreq.o(i.USBD_StdItfReq)
    i.USBD_static_free                       0x08002ce6   Section        0  usbd_conf.o(i.USBD_static_free)
    i.USBD_static_malloc                     0x08002ce8   Section        0  usbd_conf.o(i.USBD_static_malloc)
    i.USB_ActivateEndpoint                   0x08002cf0   Section        0  stm32f1xx_ll_usb.o(i.USB_ActivateEndpoint)
    i.USB_CoreInit                           0x08002f56   Section        0  stm32f1xx_ll_usb.o(i.USB_CoreInit)
    i.USB_DeactivateEndpoint                 0x08002f5a   Section        0  stm32f1xx_ll_usb.o(i.USB_DeactivateEndpoint)
    i.USB_DevConnect                         0x08003068   Section        0  stm32f1xx_ll_usb.o(i.USB_DevConnect)
    i.USB_DevDisconnect                      0x0800306c   Section        0  stm32f1xx_ll_usb.o(i.USB_DevDisconnect)
    i.USB_DevInit                            0x08003070   Section        0  stm32f1xx_ll_usb.o(i.USB_DevInit)
    i.USB_DisableGlobalInt                   0x0800308e   Section        0  stm32f1xx_ll_usb.o(i.USB_DisableGlobalInt)
    i.USB_EP0_OutStart                       0x0800309c   Section        0  stm32f1xx_ll_usb.o(i.USB_EP0_OutStart)
    i.USB_EPClearStall                       0x080030a0   Section        0  stm32f1xx_ll_usb.o(i.USB_EPClearStall)
    i.USB_EPSetStall                         0x08003118   Section        0  stm32f1xx_ll_usb.o(i.USB_EPSetStall)
    i.USB_EPStartXfer                        0x0800314a   Section        0  stm32f1xx_ll_usb.o(i.USB_EPStartXfer)
    i.USB_EnableGlobalInt                    0x080032e6   Section        0  stm32f1xx_ll_usb.o(i.USB_EnableGlobalInt)
    i.USB_LP_CAN1_RX0_IRQHandler             0x080032f4   Section        0  stm32f1xx_it.o(i.USB_LP_CAN1_RX0_IRQHandler)
    i.USB_ReadInterrupts                     0x08003300   Section        0  stm32f1xx_ll_usb.o(i.USB_ReadInterrupts)
    i.USB_ReadPMA                            0x08003308   Section        0  stm32f1xx_ll_usb.o(i.USB_ReadPMA)
    i.USB_SetCurrentMode                     0x08003334   Section        0  stm32f1xx_ll_usb.o(i.USB_SetCurrentMode)
    i.USB_SetDevAddress                      0x08003338   Section        0  stm32f1xx_ll_usb.o(i.USB_SetDevAddress)
    i.USB_WritePMA                           0x08003344   Section        0  stm32f1xx_ll_usb.o(i.USB_WritePMA)
    i.UsageFault_Handler                     0x0800336a   Section        0  stm32f1xx_it.o(i.UsageFault_Handler)
    i.__NVIC_SetPriority                     0x0800336c   Section        0  stm32f1xx_hal_cortex.o(i.__NVIC_SetPriority)
    __NVIC_SetPriority                       0x0800336d   Thumb Code    32  stm32f1xx_hal_cortex.o(i.__NVIC_SetPriority)
    i.__scatterload_copy                     0x0800338c   Section       14  handlers.o(i.__scatterload_copy)
    i.__scatterload_null                     0x0800339a   Section        2  handlers.o(i.__scatterload_null)
    i.__scatterload_zeroinit                 0x0800339c   Section       14  handlers.o(i.__scatterload_zeroinit)
    i.main                                   0x080033ac   Section        0  main.o(i.main)
    .data                                    0x20000000   Section        1  main.o(.data)
    .data                                    0x20000004   Section       28  usbd_desc.o(.data)
    .data                                    0x20000020   Section       50  usbd_desc.o(.data)
    .data                                    0x20000054   Section       16  usbd_cdc_if.o(.data)
    .data                                    0x20000064   Section        3  nrf24.o(.data)
    .data                                    0x20000068   Section       12  stm32f1xx_hal.o(.data)
    .data                                    0x20000074   Section        4  system_stm32f1xx.o(.data)
    .data                                    0x20000078   Section        1  usbd_ctlreq.o(.data)
    cfgidx                                   0x20000078   Data           1  usbd_ctlreq.o(.data)
    .data                                    0x2000007c   Section      215  usbd_cdc.o(.data)
    USBD_CDC_DeviceQualifierDesc             0x2000007c   Data          10  usbd_cdc.o(.data)
    .data                                    0x20000154   Section       56  usbd_cdc.o(.data)
    .bss                                     0x2000018c   Section       88  spi.o(.bss)
    .bss                                     0x200001e4   Section       64  tim.o(.bss)
    .bss                                     0x20000224   Section      708  usb_device.o(.bss)
    .bss                                     0x200004e8   Section     1164  usbd_conf.o(.bss)
    mem                                      0x200004e8   Data         544  usbd_conf.o(.bss)
    .bss                                     0x20000974   Section      512  usbd_desc.o(.bss)
    .bss                                     0x20000b74   Section      128  usbd_cdc_if.o(.bss)
    STACK                                    0x20000bf8   Section     2048  startup_stm32f103xb.o(STACK)

    Global Symbols

    Symbol Name                              Value     Ov Type        Size  Object(Section)

    BuildAttributes$$THM_ISAv4$P$D$K$B$S$PE$A:L22UL41UL21$X:L11$S22US41US21$IEEE1$IW$USESV6$~STKCKD$USESV7$~SHL$OSPACE$ROPI$EBA8$MICROLIB$REQ8$PRES8$EABIv2 0x00000000   Number         0  anon$$obj.o ABSOLUTE
    __ARM_use_no_argv                        0x00000000   Number         0  main.o ABSOLUTE
    _printf_a                                0x00000000   Number         0  stubs.o ABSOLUTE
    _printf_c                                0x00000000   Number         0  stubs.o ABSOLUTE
    _printf_charcount                        0x00000000   Number         0  stubs.o ABSOLUTE
    _printf_d                                0x00000000   Number         0  stubs.o ABSOLUTE
    _printf_e                                0x00000000   Number         0  stubs.o ABSOLUTE
    _printf_f                                0x00000000   Number         0  stubs.o ABSOLUTE
    _printf_flags                            0x00000000   Number         0  stubs.o ABSOLUTE
    _printf_fp_dec                           0x00000000   Number         0  stubs.o ABSOLUTE
    _printf_fp_hex                           0x00000000   Number         0  stubs.o ABSOLUTE
    _printf_g                                0x00000000   Number         0  stubs.o ABSOLUTE
    _printf_i                                0x00000000   Number         0  stubs.o ABSOLUTE
    _printf_int_dec                          0x00000000   Number         0  stubs.o ABSOLUTE
    _printf_l                                0x00000000   Number         0  stubs.o ABSOLUTE
    _printf_lc                               0x00000000   Number         0  stubs.o ABSOLUTE
    _printf_ll                               0x00000000   Number         0  stubs.o ABSOLUTE
    _printf_lld                              0x00000000   Number         0  stubs.o ABSOLUTE
    _printf_lli                              0x00000000   Number         0  stubs.o ABSOLUTE
    _printf_llo                              0x00000000   Number         0  stubs.o ABSOLUTE
    _printf_llu                              0x00000000   Number         0  stubs.o ABSOLUTE
    _printf_llx                              0x00000000   Number         0  stubs.o ABSOLUTE
    _printf_longlong_dec                     0x00000000   Number         0  stubs.o ABSOLUTE
    _printf_longlong_hex                     0x00000000   Number         0  stubs.o ABSOLUTE
    _printf_longlong_oct                     0x00000000   Number         0  stubs.o ABSOLUTE
    _printf_ls                               0x00000000   Number         0  stubs.o ABSOLUTE
    _printf_mbtowc                           0x00000000   Number         0  stubs.o ABSOLUTE
    _printf_n                                0x00000000   Number         0  stubs.o ABSOLUTE
    _printf_o                                0x00000000   Number         0  stubs.o ABSOLUTE
    _printf_p                                0x00000000   Number         0  stubs.o ABSOLUTE
    _printf_percent                          0x00000000   Number         0  stubs.o ABSOLUTE
    _printf_pre_padding                      0x00000000   Number         0  stubs.o ABSOLUTE
    _printf_return_value                     0x00000000   Number         0  stubs.o ABSOLUTE
    _printf_s                                0x00000000   Number         0  stubs.o ABSOLUTE
    _printf_sizespec                         0x00000000   Number         0  stubs.o ABSOLUTE
    _printf_str                              0x00000000   Number         0  stubs.o ABSOLUTE
    _printf_truncate_signed                  0x00000000   Number         0  stubs.o ABSOLUTE
    _printf_truncate_unsigned                0x00000000   Number         0  stubs.o ABSOLUTE
    _printf_u                                0x00000000   Number         0  stubs.o ABSOLUTE
    _printf_wc                               0x00000000   Number         0  stubs.o ABSOLUTE
    _printf_wctomb                           0x00000000   Number         0  stubs.o ABSOLUTE
    _printf_widthprec                        0x00000000   Number         0  stubs.o ABSOLUTE
    _printf_x                                0x00000000   Number         0  stubs.o ABSOLUTE
    __cpp_initialize__aeabi_                  - Undefined Weak Reference
    __cxa_finalize                            - Undefined Weak Reference
    _clock_init                               - Undefined Weak Reference
    _microlib_exit                            - Undefined Weak Reference
    __Vectors_Size                           0x000000ec   Number         0  startup_stm32f103xb.o ABSOLUTE
    __Vectors                                0x08000000   Data           4  startup_stm32f103xb.o(RESET)
    __Vectors_End                            0x080000ec   Data           0  startup_stm32f103xb.o(RESET)
    __main                                   0x080000ed   Thumb Code     0  entry.o(.ARM.Collect$$$$00000000)
    _main_stk                                0x080000ed   Thumb Code     0  entry2.o(.ARM.Collect$$$$00000001)
    _main_scatterload                        0x080000f1   Thumb Code     0  entry5.o(.ARM.Collect$$$$00000004)
    __main_after_scatterload                 0x080000f5   Thumb Code     0  entry5.o(.ARM.Collect$$$$00000004)
    _main_clock                              0x080000f5   Thumb Code     0  entry7b.o(.ARM.Collect$$$$00000008)
    _main_cpp_init                           0x080000f5   Thumb Code     0  entry8b.o(.ARM.Collect$$$$0000000A)
    _main_init                               0x080000f5   Thumb Code     0  entry9a.o(.ARM.Collect$$$$0000000B)
    __rt_final_cpp                           0x080000fd   Thumb Code     0  entry10a.o(.ARM.Collect$$$$0000000D)
    __rt_final_exit                          0x080000fd   Thumb Code     0  entry11a.o(.ARM.Collect$$$$0000000F)
    Reset_Handler                            0x08000101   Thumb Code     8  startup_stm32f103xb.o(.text)
    ADC1_2_IRQHandler                        0x0800011b   Thumb Code     0  startup_stm32f103xb.o(.text)
    CAN1_RX1_IRQHandler                      0x0800011b   Thumb Code     0  startup_stm32f103xb.o(.text)
    CAN1_SCE_IRQHandler                      0x0800011b   Thumb Code     0  startup_stm32f103xb.o(.text)
    DMA1_Channel1_IRQHandler                 0x0800011b   Thumb Code     0  startup_stm32f103xb.o(.text)
    DMA1_Channel2_IRQHandler                 0x0800011b   Thumb Code     0  startup_stm32f103xb.o(.text)
    DMA1_Channel3_IRQHandler                 0x0800011b   Thumb Code     0  startup_stm32f103xb.o(.text)
    DMA1_Channel4_IRQHandler                 0x0800011b   Thumb Code     0  startup_stm32f103xb.o(.text)
    DMA1_Channel5_IRQHandler                 0x0800011b   Thumb Code     0  startup_stm32f103xb.o(.text)
    DMA1_Channel6_IRQHandler                 0x0800011b   Thumb Code     0  startup_stm32f103xb.o(.text)
    DMA1_Channel7_IRQHandler                 0x0800011b   Thumb Code     0  startup_stm32f103xb.o(.text)
    EXTI0_IRQHandler                         0x0800011b   Thumb Code     0  startup_stm32f103xb.o(.text)
    EXTI15_10_IRQHandler                     0x0800011b   Thumb Code     0  startup_stm32f103xb.o(.text)
    EXTI1_IRQHandler                         0x0800011b   Thumb Code     0  startup_stm32f103xb.o(.text)
    EXTI2_IRQHandler                         0x0800011b   Thumb Code     0  startup_stm32f103xb.o(.text)
    EXTI3_IRQHandler                         0x0800011b   Thumb Code     0  startup_stm32f103xb.o(.text)
    EXTI4_IRQHandler                         0x0800011b   Thumb Code     0  startup_stm32f103xb.o(.text)
    EXTI9_5_IRQHandler                       0x0800011b   Thumb Code     0  startup_stm32f103xb.o(.text)
    FLASH_IRQHandler                         0x0800011b   Thumb Code     0  startup_stm32f103xb.o(.text)
    I2C1_ER_IRQHandler                       0x0800011b   Thumb Code     0  startup_stm32f103xb.o(.text)
    I2C1_EV_IRQHandler                       0x0800011b   Thumb Code     0  startup_stm32f103xb.o(.text)
    I2C2_ER_IRQHandler                       0x0800011b   Thumb Code     0  startup_stm32f103xb.o(.text)
    I2C2_EV_IRQHandler                       0x0800011b   Thumb Code     0  startup_stm32f103xb.o(.text)
    PVD_IRQHandler                           0x0800011b   Thumb Code     0  startup_stm32f103xb.o(.text)
    RCC_IRQHandler                           0x0800011b   Thumb Code     0  startup_stm32f103xb.o(.text)
    RTC_Alarm_IRQHandler                     0x0800011b   Thumb Code     0  startup_stm32f103xb.o(.text)
    RTC_IRQHandler                           0x0800011b   Thumb Code     0  startup_stm32f103xb.o(.text)
    SPI1_IRQHandler                          0x0800011b   Thumb Code     0  startup_stm32f103xb.o(.text)
    SPI2_IRQHandler                          0x0800011b   Thumb Code     0  startup_stm32f103xb.o(.text)
    TAMPER_IRQHandler                        0x0800011b   Thumb Code     0  startup_stm32f103xb.o(.text)
    TIM1_BRK_IRQHandler                      0x0800011b   Thumb Code     0  startup_stm32f103xb.o(.text)
    TIM1_CC_IRQHandler                       0x0800011b   Thumb Code     0  startup_stm32f103xb.o(.text)
    TIM1_TRG_COM_IRQHandler                  0x0800011b   Thumb Code     0  startup_stm32f103xb.o(.text)
    TIM1_UP_IRQHandler                       0x0800011b   Thumb Code     0  startup_stm32f103xb.o(.text)
    TIM3_IRQHandler                          0x0800011b   Thumb Code     0  startup_stm32f103xb.o(.text)
    TIM4_IRQHandler                          0x0800011b   Thumb Code     0  startup_stm32f103xb.o(.text)
    USART1_IRQHandler                        0x0800011b   Thumb Code     0  startup_stm32f103xb.o(.text)
    USART2_IRQHandler                        0x0800011b   Thumb Code     0  startup_stm32f103xb.o(.text)
    USART3_IRQHandler                        0x0800011b   Thumb Code     0  startup_stm32f103xb.o(.text)
    USBWakeUp_IRQHandler                     0x0800011b   Thumb Code     0  startup_stm32f103xb.o(.text)
    USB_HP_CAN1_TX_IRQHandler                0x0800011b   Thumb Code     0  startup_stm32f103xb.o(.text)
    WWDG_IRQHandler                          0x0800011b   Thumb Code     0  startup_stm32f103xb.o(.text)
    __aeabi_memcpy                           0x08000125   Thumb Code    36  memcpya.o(.text)
    __aeabi_memcpy4                          0x08000125   Thumb Code     0  memcpya.o(.text)
    __aeabi_memcpy8                          0x08000125   Thumb Code     0  memcpya.o(.text)
    __aeabi_memset                           0x08000149   Thumb Code    14  memseta.o(.text)
    __aeabi_memset4                          0x08000149   Thumb Code     0  memseta.o(.text)
    __aeabi_memset8                          0x08000149   Thumb Code     0  memseta.o(.text)
    __aeabi_memclr                           0x08000157   Thumb Code     4  memseta.o(.text)
    __aeabi_memclr4                          0x08000157   Thumb Code     0  memseta.o(.text)
    __aeabi_memclr8                          0x08000157   Thumb Code     0  memseta.o(.text)
    _memset$wrapper                          0x0800015b   Thumb Code    18  memseta.o(.text)
    __scatterload                            0x0800016d   Thumb Code    28  init.o(.text)
    __scatterload_rt2                        0x0800016d   Thumb Code     0  init.o(.text)
    __decompress                             0x08000191   Thumb Code     0  __dczerorl2.o(.text)
    __decompress1                            0x08000191   Thumb Code    86  __dczerorl2.o(.text)
    BusFault_Handler                         0x080001e7   Thumb Code     2  stm32f1xx_it.o(i.BusFault_Handler)
    CDC_Transmit_FS                          0x08000239   Thumb Code    38  usbd_cdc_if.o(i.CDC_Transmit_FS)
    DebugMon_Handler                         0x08000265   Thumb Code     2  stm32f1xx_it.o(i.DebugMon_Handler)
    Error_Handler                            0x08000291   Thumb Code     2  main.o(i.Error_Handler)
    HAL_Delay                                0x08000295   Thumb Code    32  stm32f1xx_hal.o(i.HAL_Delay)
    HAL_GPIO_Init                            0x080002b9   Thumb Code   446  stm32f1xx_hal_gpio.o(i.HAL_GPIO_Init)
    HAL_GPIO_ReadPin                         0x08000499   Thumb Code    10  stm32f1xx_hal_gpio.o(i.HAL_GPIO_ReadPin)
    HAL_GPIO_TogglePin                       0x080004a3   Thumb Code    14  stm32f1xx_hal_gpio.o(i.HAL_GPIO_TogglePin)
    HAL_GPIO_WritePin                        0x080004b1   Thumb Code    10  stm32f1xx_hal_gpio.o(i.HAL_GPIO_WritePin)
    HAL_GetTick                              0x080004bd   Thumb Code     6  stm32f1xx_hal.o(i.HAL_GetTick)
    HAL_IncTick                              0x080004c9   Thumb Code    12  stm32f1xx_hal.o(i.HAL_IncTick)
    HAL_Init                                 0x080004d9   Thumb Code    32  stm32f1xx_hal.o(i.HAL_Init)
    HAL_InitTick                             0x080004fd   Thumb Code    54  stm32f1xx_hal.o(i.HAL_InitTick)
    HAL_MspInit                              0x0800053d   Thumb Code    52  stm32f1xx_hal_msp.o(i.HAL_MspInit)
    HAL_NVIC_EnableIRQ                       0x08000579   Thumb Code    26  stm32f1xx_hal_cortex.o(i.HAL_NVIC_EnableIRQ)
    HAL_NVIC_SetPriority                     0x08000595   Thumb Code    60  stm32f1xx_hal_cortex.o(i.HAL_NVIC_SetPriority)
    HAL_NVIC_SetPriorityGrouping             0x080005d5   Thumb Code    26  stm32f1xx_hal_cortex.o(i.HAL_NVIC_SetPriorityGrouping)
    HAL_PCDEx_PMAConfig                      0x080005f9   Thumb Code    52  stm32f1xx_hal_pcd_ex.o(i.HAL_PCDEx_PMAConfig)
    HAL_PCDEx_SetConnectionState             0x0800062d   Thumb Code     2  usbd_conf.o(i.HAL_PCDEx_SetConnectionState)
    HAL_PCD_DataInStageCallback              0x0800062f   Thumb Code    14  usbd_conf.o(i.HAL_PCD_DataInStageCallback)
    HAL_PCD_DataOutStageCallback             0x0800063d   Thumb Code    16  usbd_conf.o(i.HAL_PCD_DataOutStageCallback)
    HAL_PCD_EP_Close                         0x0800064d   Thumb Code    72  stm32f1xx_hal_pcd.o(i.HAL_PCD_EP_Close)
    HAL_PCD_EP_ClrStall                      0x08000695   Thumb Code    88  stm32f1xx_hal_pcd.o(i.HAL_PCD_EP_ClrStall)
    HAL_PCD_EP_GetRxCount                    0x080006ed   Thumb Code    14  stm32f1xx_hal_pcd.o(i.HAL_PCD_EP_GetRxCount)
    HAL_PCD_EP_Open                          0x080006fb   Thumb Code    92  stm32f1xx_hal_pcd.o(i.HAL_PCD_EP_Open)
    HAL_PCD_EP_Receive                       0x08000757   Thumb Code    46  stm32f1xx_hal_pcd.o(i.HAL_PCD_EP_Receive)
    HAL_PCD_EP_SetStall                      0x08000785   Thumb Code   106  stm32f1xx_hal_pcd.o(i.HAL_PCD_EP_SetStall)
    HAL_PCD_EP_Transmit                      0x080007ef   Thumb Code    42  stm32f1xx_hal_pcd.o(i.HAL_PCD_EP_Transmit)
    HAL_PCD_IRQHandler                       0x08000819   Thumb Code   278  stm32f1xx_hal_pcd.o(i.HAL_PCD_IRQHandler)
    HAL_PCD_Init                             0x08000931   Thumb Code   210  stm32f1xx_hal_pcd.o(i.HAL_PCD_Init)
    HAL_PCD_MspInit                          0x08000a05   Thumb Code    50  usbd_conf.o(i.HAL_PCD_MspInit)
    HAL_PCD_ResetCallback                    0x08000a41   Thumb Code    38  usbd_conf.o(i.HAL_PCD_ResetCallback)
    HAL_PCD_ResumeCallback                   0x08000a67   Thumb Code     8  usbd_conf.o(i.HAL_PCD_ResumeCallback)
    HAL_PCD_SOFCallback                      0x08000a6f   Thumb Code     8  usbd_conf.o(i.HAL_PCD_SOFCallback)
    HAL_PCD_SetAddress                       0x08000a77   Thumb Code    40  stm32f1xx_hal_pcd.o(i.HAL_PCD_SetAddress)
    HAL_PCD_SetupStageCallback               0x08000a9f   Thumb Code    14  usbd_conf.o(i.HAL_PCD_SetupStageCallback)
    HAL_PCD_Start                            0x08000aad   Thumb Code    50  stm32f1xx_hal_pcd.o(i.HAL_PCD_Start)
    HAL_PCD_SuspendCallback                  0x08000ae1   Thumb Code    30  usbd_conf.o(i.HAL_PCD_SuspendCallback)
    HAL_SPI_Init                             0x08000b05   Thumb Code   124  stm32f1xx_hal_spi.o(i.HAL_SPI_Init)
    HAL_SPI_MspInit                          0x08000b81   Thumb Code    98  spi.o(i.HAL_SPI_MspInit)
    HAL_SPI_Transmit                         0x08000bf1   Thumb Code   348  stm32f1xx_hal_spi.o(i.HAL_SPI_Transmit)
    HAL_SPI_TransmitReceive                  0x08000d4d   Thumb Code   482  stm32f1xx_hal_spi.o(i.HAL_SPI_TransmitReceive)
    HAL_SYSTICK_Config                       0x08000f2f   Thumb Code    40  stm32f1xx_hal_cortex.o(i.HAL_SYSTICK_Config)
    HAL_TIMEx_BreakCallback                  0x08000f57   Thumb Code     2  stm32f1xx_hal_tim_ex.o(i.HAL_TIMEx_BreakCallback)
    HAL_TIMEx_CommutCallback                 0x08000f59   Thumb Code     2  stm32f1xx_hal_tim_ex.o(i.HAL_TIMEx_CommutCallback)
    HAL_TIMEx_MasterConfigSynchronization    0x08000f5b   Thumb Code    66  stm32f1xx_hal_tim_ex.o(i.HAL_TIMEx_MasterConfigSynchronization)
    HAL_TIM_Base_Init                        0x08000f9d   Thumb Code    54  stm32f1xx_hal_tim.o(i.HAL_TIM_Base_Init)
    HAL_TIM_Base_MspInit                     0x08000fd5   Thumb Code    50  tim.o(i.HAL_TIM_Base_MspInit)
    HAL_TIM_ConfigClockSource                0x0800100d   Thumb Code   214  stm32f1xx_hal_tim.o(i.HAL_TIM_ConfigClockSource)
    HAL_TIM_IC_CaptureCallback               0x080010e3   Thumb Code     2  stm32f1xx_hal_tim.o(i.HAL_TIM_IC_CaptureCallback)
    HAL_TIM_IRQHandler                       0x080010e5   Thumb Code   358  stm32f1xx_hal_tim.o(i.HAL_TIM_IRQHandler)
    HAL_TIM_OC_DelayElapsedCallback          0x0800124b   Thumb Code     2  stm32f1xx_hal_tim.o(i.HAL_TIM_OC_DelayElapsedCallback)
    HAL_TIM_PWM_PulseFinishedCallback        0x0800124d   Thumb Code     2  stm32f1xx_hal_tim.o(i.HAL_TIM_PWM_PulseFinishedCallback)
    HAL_TIM_PeriodElapsedCallback            0x0800124f   Thumb Code     2  stm32f1xx_hal_tim.o(i.HAL_TIM_PeriodElapsedCallback)
    HAL_TIM_TriggerCallback                  0x08001251   Thumb Code     2  stm32f1xx_hal_tim.o(i.HAL_TIM_TriggerCallback)
    HardFault_Handler                        0x08001253   Thumb Code     2  stm32f1xx_it.o(i.HardFault_Handler)
    LL_GPIO_Init                             0x080012a5   Thumb Code   240  stm32f1xx_ll_gpio.o(i.LL_GPIO_Init)
    LL_RTC_EnterInitMode                     0x08001395   Thumb Code    66  stm32f1xx_ll_rtc.o(i.LL_RTC_EnterInitMode)
    LL_RTC_ExitInitMode                      0x080013d7   Thumb Code    66  stm32f1xx_ll_rtc.o(i.LL_RTC_ExitInitMode)
    LL_RTC_Init                              0x08001419   Thumb Code   114  stm32f1xx_ll_rtc.o(i.LL_RTC_Init)
    LL_RTC_WaitForSynchro                    0x08001491   Thumb Code    66  stm32f1xx_ll_rtc.o(i.LL_RTC_WaitForSynchro)
    LL_SetSystemCoreClock                    0x080014d5   Thumb Code     6  stm32f1xx_ll_utils.o(i.LL_SetSystemCoreClock)
    MX_GPIO_Init                             0x080014e1   Thumb Code   110  gpio.o(i.MX_GPIO_Init)
    MX_RTC_Init                              0x0800155d   Thumb Code    80  rtc.o(i.MX_RTC_Init)
    MX_SPI1_Init                             0x080015b9   Thumb Code    62  spi.o(i.MX_SPI1_Init)
    MX_TIM2_Init                             0x08001601   Thumb Code   100  tim.o(i.MX_TIM2_Init)
    MX_USB_DEVICE_Init                       0x08001669   Thumb Code    66  usb_device.o(i.MX_USB_DEVICE_Init)
    MemManage_Handler                        0x080016bd   Thumb Code     2  stm32f1xx_it.o(i.MemManage_Handler)
    NMI_Handler                              0x080016bf   Thumb Code     2  stm32f1xx_it.o(i.NMI_Handler)
    NRF24L01_RX_Mode                         0x080016c1   Thumb Code    46  nrf24.o(i.NRF24L01_RX_Mode)
    NRF24L01_Send                            0x080016f5   Thumb Code   146  nrf24.o(i.NRF24L01_Send)
    NRF24L01_TX_Mode                         0x08001791   Thumb Code    34  nrf24.o(i.NRF24L01_TX_Mode)
    NRF24_FlushRX                            0x080017bd   Thumb Code    52  nrf24.o(i.NRF24_FlushRX)
    NRF24_FlushTX                            0x080017fd   Thumb Code    52  nrf24.o(i.NRF24_FlushTX)
    NRF24_ReadReg                            0x0800183d   Thumb Code    86  nrf24.o(i.NRF24_ReadReg)
    NRF24_ToggleFeatures                     0x0800189d   Thumb Code    72  nrf24.o(i.NRF24_ToggleFeatures)
    NRF24_Transmit                           0x080018f1   Thumb Code    84  nrf24.o(i.NRF24_Transmit)
    NRF24_WriteReg                           0x0800194d   Thumb Code    66  nrf24.o(i.NRF24_WriteReg)
    NRF24_Write_Buf                          0x08001999   Thumb Code    76  nrf24.o(i.NRF24_Write_Buf)
    NRF24_ini                                0x080019ed   Thumb Code   160  nrf24.o(i.NRF24_ini)
    PendSV_Handler                           0x08001d5b   Thumb Code     2  stm32f1xx_it.o(i.PendSV_Handler)
    SVC_Handler                              0x08001e11   Thumb Code     2  stm32f1xx_it.o(i.SVC_Handler)
    SysTick_Handler                          0x08001e13   Thumb Code     4  stm32f1xx_it.o(i.SysTick_Handler)
    SystemClock_Config                       0x08001e19   Thumb Code   182  main.o(i.SystemClock_Config)
    SystemInit                               0x08001ee1   Thumb Code    56  system_stm32f1xx.o(i.SystemInit)
    TIM2_IRQHandler                          0x08001f29   Thumb Code     6  stm32f1xx_it.o(i.TIM2_IRQHandler)
    TIM_Base_SetConfig                       0x08001f35   Thumb Code    94  stm32f1xx_hal_tim.o(i.TIM_Base_SetConfig)
    TIM_ETR_SetConfig                        0x08001fa1   Thumb Code    20  stm32f1xx_hal_tim.o(i.TIM_ETR_SetConfig)
    USBD_CDC_GetDeviceQualifierDescriptor    0x080020e9   Thumb Code     8  usbd_cdc.o(i.USBD_CDC_GetDeviceQualifierDescriptor)
    USBD_CDC_ReceivePacket                   0x080021ad   Thumb Code    40  usbd_cdc.o(i.USBD_CDC_ReceivePacket)
    USBD_CDC_RegisterInterface               0x080021d5   Thumb Code    16  usbd_cdc.o(i.USBD_CDC_RegisterInterface)
    USBD_CDC_SetRxBuffer                     0x080021e5   Thumb Code    12  usbd_cdc.o(i.USBD_CDC_SetRxBuffer)
    USBD_CDC_SetTxBuffer                     0x080021f1   Thumb Code    16  usbd_cdc.o(i.USBD_CDC_SetTxBuffer)
    USBD_CDC_TransmitPacket                  0x080022ad   Thumb Code    54  usbd_cdc.o(i.USBD_CDC_TransmitPacket)
    USBD_ClrClassConfig                      0x080022e3   Thumb Code    14  usbd_core.o(i.USBD_ClrClassConfig)
    USBD_CtlContinueRx                       0x080022f1   Thumb Code    16  usbd_ioreq.o(i.USBD_CtlContinueRx)
    USBD_CtlContinueSendData                 0x08002301   Thumb Code    16  usbd_ioreq.o(i.USBD_CtlContinueSendData)
    USBD_CtlError                            0x08002311   Thumb Code    22  usbd_ctlreq.o(i.USBD_CtlError)
    USBD_CtlPrepareRx                        0x08002327   Thumb Code    30  usbd_ioreq.o(i.USBD_CtlPrepareRx)
    USBD_CtlReceiveStatus                    0x08002345   Thumb Code    22  usbd_ioreq.o(i.USBD_CtlReceiveStatus)
    USBD_CtlSendData                         0x0800235b   Thumb Code    26  usbd_ioreq.o(i.USBD_CtlSendData)
    USBD_CtlSendStatus                       0x08002375   Thumb Code    22  usbd_ioreq.o(i.USBD_CtlSendStatus)
    USBD_FS_ConfigStrDescriptor              0x0800238d   Thumb Code    16  usbd_desc.o(i.USBD_FS_ConfigStrDescriptor)
    USBD_FS_DeviceDescriptor                 0x080023ad   Thumb Code     8  usbd_desc.o(i.USBD_FS_DeviceDescriptor)
    USBD_FS_InterfaceStrDescriptor           0x080023b9   Thumb Code    16  usbd_desc.o(i.USBD_FS_InterfaceStrDescriptor)
    USBD_FS_LangIDStrDescriptor              0x080023dd   Thumb Code     8  usbd_desc.o(i.USBD_FS_LangIDStrDescriptor)
    USBD_FS_ManufacturerStrDescriptor        0x080023e9   Thumb Code    16  usbd_desc.o(i.USBD_FS_ManufacturerStrDescriptor)
    USBD_FS_ProductStrDescriptor             0x08002411   Thumb Code    16  usbd_desc.o(i.USBD_FS_ProductStrDescriptor)
    USBD_FS_SerialStrDescriptor              0x0800243d   Thumb Code    48  usbd_desc.o(i.USBD_FS_SerialStrDescriptor)
    USBD_GetString                           0x0800255d   Thumb Code    72  usbd_ctlreq.o(i.USBD_GetString)
    USBD_Init                                0x080025bd   Thumb Code    42  usbd_core.o(i.USBD_Init)
    USBD_LL_ClearStallEP                     0x080025e7   Thumb Code    18  usbd_conf.o(i.USBD_LL_ClearStallEP)
    USBD_LL_CloseEP                          0x080025f9   Thumb Code    18  usbd_conf.o(i.USBD_LL_CloseEP)
    USBD_LL_DataInStage                      0x0800260b   Thumb Code   198  usbd_core.o(i.USBD_LL_DataInStage)
    USBD_LL_DataOutStage                     0x080026d1   Thumb Code   130  usbd_core.o(i.USBD_LL_DataOutStage)
    USBD_LL_GetRxDataSize                    0x08002753   Thumb Code     8  usbd_conf.o(i.USBD_LL_GetRxDataSize)
    USBD_LL_Init                             0x0800275d   Thumb Code   118  usbd_conf.o(i.USBD_LL_Init)
    USBD_LL_IsStallEP                        0x080027dd   Thumb Code    28  usbd_conf.o(i.USBD_LL_IsStallEP)
    USBD_LL_OpenEP                           0x080027f9   Thumb Code    24  usbd_conf.o(i.USBD_LL_OpenEP)
    USBD_LL_PrepareReceive                   0x08002811   Thumb Code    18  usbd_conf.o(i.USBD_LL_PrepareReceive)
    USBD_LL_Reset                            0x08002823   Thumb Code    80  usbd_core.o(i.USBD_LL_Reset)
    USBD_LL_Resume                           0x08002873   Thumb Code    20  usbd_core.o(i.USBD_LL_Resume)
    USBD_LL_SOF                              0x08002887   Thumb Code    24  usbd_core.o(i.USBD_LL_SOF)
    USBD_LL_SetSpeed                         0x0800289f   Thumb Code     6  usbd_core.o(i.USBD_LL_SetSpeed)
    USBD_LL_SetUSBAddress                    0x080028a5   Thumb Code    18  usbd_conf.o(i.USBD_LL_SetUSBAddress)
    USBD_LL_SetupStage                       0x080028b7   Thumb Code    90  usbd_core.o(i.USBD_LL_SetupStage)
    USBD_LL_StallEP                          0x08002911   Thumb Code    18  usbd_conf.o(i.USBD_LL_StallEP)
    USBD_LL_Start                            0x08002923   Thumb Code    18  usbd_conf.o(i.USBD_LL_Start)
    USBD_LL_Suspend                          0x08002935   Thumb Code    18  usbd_core.o(i.USBD_LL_Suspend)
    USBD_LL_Transmit                         0x08002947   Thumb Code    18  usbd_conf.o(i.USBD_LL_Transmit)
    USBD_ParseSetupRequest                   0x08002959   Thumb Code    40  usbd_ctlreq.o(i.USBD_ParseSetupRequest)
    USBD_RegisterClass                       0x08002981   Thumb Code    16  usbd_core.o(i.USBD_RegisterClass)
    USBD_SetClassConfig                      0x08002991   Thumb Code    22  usbd_core.o(i.USBD_SetClassConfig)
    USBD_Start                               0x08002a2d   Thumb Code    10  usbd_core.o(i.USBD_Start)
    USBD_StdDevReq                           0x08002a37   Thumb Code   274  usbd_ctlreq.o(i.USBD_StdDevReq)
    USBD_StdEPReq                            0x08002b49   Thumb Code   336  usbd_ctlreq.o(i.USBD_StdEPReq)
    USBD_StdItfReq                           0x08002c99   Thumb Code    78  usbd_ctlreq.o(i.USBD_StdItfReq)
    USBD_static_free                         0x08002ce7   Thumb Code     2  usbd_conf.o(i.USBD_static_free)
    USBD_static_malloc                       0x08002ce9   Thumb Code     4  usbd_conf.o(i.USBD_static_malloc)
    USB_ActivateEndpoint                     0x08002cf1   Thumb Code   614  stm32f1xx_ll_usb.o(i.USB_ActivateEndpoint)
    USB_CoreInit                             0x08002f57   Thumb Code     4  stm32f1xx_ll_usb.o(i.USB_CoreInit)
    USB_DeactivateEndpoint                   0x08002f5b   Thumb Code   270  stm32f1xx_ll_usb.o(i.USB_DeactivateEndpoint)
    USB_DevConnect                           0x08003069   Thumb Code     4  stm32f1xx_ll_usb.o(i.USB_DevConnect)
    USB_DevDisconnect                        0x0800306d   Thumb Code     4  stm32f1xx_ll_usb.o(i.USB_DevDisconnect)
    USB_DevInit                              0x08003071   Thumb Code    30  stm32f1xx_ll_usb.o(i.USB_DevInit)
    USB_DisableGlobalInt                     0x0800308f   Thumb Code    14  stm32f1xx_ll_usb.o(i.USB_DisableGlobalInt)
    USB_EP0_OutStart                         0x0800309d   Thumb Code     4  stm32f1xx_ll_usb.o(i.USB_EP0_OutStart)
    USB_EPClearStall                         0x080030a1   Thumb Code   120  stm32f1xx_ll_usb.o(i.USB_EPClearStall)
    USB_EPSetStall                           0x08003119   Thumb Code    50  stm32f1xx_ll_usb.o(i.USB_EPSetStall)
    USB_EPStartXfer                          0x0800314b   Thumb Code   412  stm32f1xx_ll_usb.o(i.USB_EPStartXfer)
    USB_EnableGlobalInt                      0x080032e7   Thumb Code    14  stm32f1xx_ll_usb.o(i.USB_EnableGlobalInt)
    USB_LP_CAN1_RX0_IRQHandler               0x080032f5   Thumb Code     6  stm32f1xx_it.o(i.USB_LP_CAN1_RX0_IRQHandler)
    USB_ReadInterrupts                       0x08003301   Thumb Code     6  stm32f1xx_ll_usb.o(i.USB_ReadInterrupts)
    USB_ReadPMA                              0x08003309   Thumb Code    44  stm32f1xx_ll_usb.o(i.USB_ReadPMA)
    USB_SetCurrentMode                       0x08003335   Thumb Code     4  stm32f1xx_ll_usb.o(i.USB_SetCurrentMode)
    USB_SetDevAddress                        0x08003339   Thumb Code    12  stm32f1xx_ll_usb.o(i.USB_SetDevAddress)
    USB_WritePMA                             0x08003345   Thumb Code    38  stm32f1xx_ll_usb.o(i.USB_WritePMA)
    UsageFault_Handler                       0x0800336b   Thumb Code     2  stm32f1xx_it.o(i.UsageFault_Handler)
    __scatterload_copy                       0x0800338d   Thumb Code    14  handlers.o(i.__scatterload_copy)
    __scatterload_null                       0x0800339b   Thumb Code     2  handlers.o(i.__scatterload_null)
    __scatterload_zeroinit                   0x0800339d   Thumb Code    14  handlers.o(i.__scatterload_zeroinit)
    main                                     0x080033ad   Thumb Code    66  main.o(i.main)
    Region$$Table$$Base                      0x080033f8   Number         0  anon$$obj.o(Region$$Table)
    Region$$Table$$Limit                     0x08003418   Number         0  anon$$obj.o(Region$$Table)
    recBufLen                                0x20000000   Data           1  main.o(.data)
    FS_Desc                                  0x20000004   Data          28  usbd_desc.o(.data)
    USBD_LangIDDesc                          0x20000020   Data           4  usbd_desc.o(.data)
    USBD_FS_DeviceDesc                       0x20000024   Data          18  usbd_desc.o(.data)
    USBD_StringSerial                        0x20000038   Data          26  usbd_desc.o(.data)
    USBD_Interface_fops_FS                   0x20000054   Data          16  usbd_cdc_if.o(.data)
    TX_ADDRESS                               0x20000064   Data           3  nrf24.o(.data)
    uwTickFreq                               0x20000068   Data           1  stm32f1xx_hal.o(.data)
    uwTickPrio                               0x2000006c   Data           4  stm32f1xx_hal.o(.data)
    uwTick                                   0x20000070   Data           4  stm32f1xx_hal.o(.data)
    SystemCoreClock                          0x20000074   Data           4  system_stm32f1xx.o(.data)
    USBD_CDC_CfgHSDesc                       0x20000088   Data          67  usbd_cdc.o(.data)
    USBD_CDC_CfgFSDesc                       0x200000cc   Data          67  usbd_cdc.o(.data)
    USBD_CDC_OtherSpeedCfgDesc               0x20000110   Data          67  usbd_cdc.o(.data)
    USBD_CDC                                 0x20000154   Data          56  usbd_cdc.o(.data)
    hspi1                                    0x2000018c   Data          88  spi.o(.bss)
    htim2                                    0x200001e4   Data          64  tim.o(.bss)
    hUsbDeviceFS                             0x20000224   Data         708  usb_device.o(.bss)
    hpcd_USB_FS                              0x20000708   Data         620  usbd_conf.o(.bss)
    USBD_StrDesc                             0x20000974   Data         512  usbd_desc.o(.bss)
    UserRxBufferFS                           0x20000b74   Data          64  usbd_cdc_if.o(.bss)
    UserTxBufferFS                           0x20000bb4   Data          64  usbd_cdc_if.o(.bss)
    __initial_sp                             0x200013f8   Data           0  startup_stm32f103xb.o(STACK)



==============================================================================

Memory Map of the image

  Image Entry point : 0x080000ed

  Load Region LR_IROM1 (Base: 0x08000000, Size: 0x000035a4, Max: 0x00010000, ABSOLUTE, COMPRESSED[0x000034dc])

    Execution Region ER_IROM1 (Exec base: 0x08000000, Load base: 0x08000000, Size: 0x00003418, Max: 0x00010000, ABSOLUTE)

    Exec Addr    Load Addr    Size         Type   Attr      Idx    E Section Name        Object

    0x08000000   0x08000000   0x000000ec   Data   RO         4073    RESET               startup_stm32f103xb.o
    0x080000ec   0x080000ec   0x00000000   Code   RO         4447  * .ARM.Collect$$$$00000000  mc_w.l(entry.o)
    0x080000ec   0x080000ec   0x00000004   Code   RO         4721    .ARM.Collect$$$$00000001  mc_w.l(entry2.o)
    0x080000f0   0x080000f0   0x00000004   Code   RO         4724    .ARM.Collect$$$$00000004  mc_w.l(entry5.o)
    0x080000f4   0x080000f4   0x00000000   Code   RO         4726    .ARM.Collect$$$$00000008  mc_w.l(entry7b.o)
    0x080000f4   0x080000f4   0x00000000   Code   RO         4728    .ARM.Collect$$$$0000000A  mc_w.l(entry8b.o)
    0x080000f4   0x080000f4   0x00000008   Code   RO         4729    .ARM.Collect$$$$0000000B  mc_w.l(entry9a.o)
    0x080000fc   0x080000fc   0x00000000   Code   RO         4731    .ARM.Collect$$$$0000000D  mc_w.l(entry10a.o)
    0x080000fc   0x080000fc   0x00000000   Code   RO         4733    .ARM.Collect$$$$0000000F  mc_w.l(entry11a.o)
    0x080000fc   0x080000fc   0x00000004   Code   RO         4722    .ARM.Collect$$$$00002712  mc_w.l(entry2.o)
    0x08000100   0x08000100   0x00000024   Code   RO         4074    .text               startup_stm32f103xb.o
    0x08000124   0x08000124   0x00000024   Code   RO         4452    .text               mc_w.l(memcpya.o)
    0x08000148   0x08000148   0x00000024   Code   RO         4454    .text               mc_w.l(memseta.o)
    0x0800016c   0x0800016c   0x00000024   Code   RO         4753    .text               mc_w.l(init.o)
    0x08000190   0x08000190   0x00000056   Code   RO         4771    .text               mc_w.l(__dczerorl2.o)
    0x080001e6   0x080001e6   0x00000002   Code   RO          765    i.BusFault_Handler  stm32f1xx_it.o
    0x080001e8   0x080001e8   0x00000004   Code   RO          713    i.CDC_Control_FS    usbd_cdc_if.o
    0x080001ec   0x080001ec   0x00000004   Code   RO          714    i.CDC_DeInit_FS     usbd_cdc_if.o
    0x080001f0   0x080001f0   0x00000024   Code   RO          715    i.CDC_Init_FS       usbd_cdc_if.o
    0x08000214   0x08000214   0x00000024   Code   RO          716    i.CDC_Receive_FS    usbd_cdc_if.o
    0x08000238   0x08000238   0x0000002c   Code   RO          717    i.CDC_Transmit_FS   usbd_cdc_if.o
    0x08000264   0x08000264   0x00000002   Code   RO          766    i.DebugMon_Handler  stm32f1xx_it.o
    0x08000266   0x08000266   0x00000002   PAD
    0x08000268   0x08000268   0x00000028   Code   RO          877    i.DelayMicro        nrf24.o
    0x08000290   0x08000290   0x00000002   Code   RO            4    i.Error_Handler     main.o
    0x08000292   0x08000292   0x00000002   PAD
    0x08000294   0x08000294   0x00000024   Code   RO         1722    i.HAL_Delay         stm32f1xx_hal.o
    0x080002b8   0x080002b8   0x000001e0   Code   RO         2030    i.HAL_GPIO_Init     stm32f1xx_hal_gpio.o
    0x08000498   0x08000498   0x0000000a   Code   RO         2032    i.HAL_GPIO_ReadPin  stm32f1xx_hal_gpio.o
    0x080004a2   0x080004a2   0x0000000e   Code   RO         2033    i.HAL_GPIO_TogglePin  stm32f1xx_hal_gpio.o
    0x080004b0   0x080004b0   0x0000000a   Code   RO         2034    i.HAL_GPIO_WritePin  stm32f1xx_hal_gpio.o
    0x080004ba   0x080004ba   0x00000002   PAD
    0x080004bc   0x080004bc   0x0000000c   Code   RO         1726    i.HAL_GetTick       stm32f1xx_hal.o
    0x080004c8   0x080004c8   0x00000010   Code   RO         1732    i.HAL_IncTick       stm32f1xx_hal.o
    0x080004d8   0x080004d8   0x00000024   Code   RO         1733    i.HAL_Init          stm32f1xx_hal.o
    0x080004fc   0x080004fc   0x00000040   Code   RO         1734    i.HAL_InitTick      stm32f1xx_hal.o
    0x0800053c   0x0800053c   0x0000003c   Code   RO          853    i.HAL_MspInit       stm32f1xx_hal_msp.o
    0x08000578   0x08000578   0x0000001a   Code   RO         2190    i.HAL_NVIC_EnableIRQ  stm32f1xx_hal_cortex.o
    0x08000592   0x08000592   0x00000002   PAD
    0x08000594   0x08000594   0x00000040   Code   RO         2196    i.HAL_NVIC_SetPriority  stm32f1xx_hal_cortex.o
    0x080005d4   0x080005d4   0x00000024   Code   RO         2197    i.HAL_NVIC_SetPriorityGrouping  stm32f1xx_hal_cortex.o
    0x080005f8   0x080005f8   0x00000034   Code   RO         1288    i.HAL_PCDEx_PMAConfig  stm32f1xx_hal_pcd_ex.o
    0x0800062c   0x0800062c   0x00000002   Code   RO          415    i.HAL_PCDEx_SetConnectionState  usbd_conf.o
    0x0800062e   0x0800062e   0x0000000e   Code   RO          417    i.HAL_PCD_DataInStageCallback  usbd_conf.o
    0x0800063c   0x0800063c   0x00000010   Code   RO          418    i.HAL_PCD_DataOutStageCallback  usbd_conf.o
    0x0800064c   0x0800064c   0x00000048   Code   RO         1080    i.HAL_PCD_EP_Close  stm32f1xx_hal_pcd.o
    0x08000694   0x08000694   0x00000058   Code   RO         1081    i.HAL_PCD_EP_ClrStall  stm32f1xx_hal_pcd.o
    0x080006ec   0x080006ec   0x0000000e   Code   RO         1083    i.HAL_PCD_EP_GetRxCount  stm32f1xx_hal_pcd.o
    0x080006fa   0x080006fa   0x0000005c   Code   RO         1084    i.HAL_PCD_EP_Open   stm32f1xx_hal_pcd.o
    0x08000756   0x08000756   0x0000002e   Code   RO         1085    i.HAL_PCD_EP_Receive  stm32f1xx_hal_pcd.o
    0x08000784   0x08000784   0x0000006a   Code   RO         1086    i.HAL_PCD_EP_SetStall  stm32f1xx_hal_pcd.o
    0x080007ee   0x080007ee   0x0000002a   Code   RO         1087    i.HAL_PCD_EP_Transmit  stm32f1xx_hal_pcd.o
    0x08000818   0x08000818   0x00000116   Code   RO         1089    i.HAL_PCD_IRQHandler  stm32f1xx_hal_pcd.o
    0x0800092e   0x0800092e   0x00000002   PAD
    0x08000930   0x08000930   0x000000d2   Code   RO         1092    i.HAL_PCD_Init      stm32f1xx_hal_pcd.o
    0x08000a02   0x08000a02   0x00000002   PAD
    0x08000a04   0x08000a04   0x0000003c   Code   RO          423    i.HAL_PCD_MspInit   usbd_conf.o
    0x08000a40   0x08000a40   0x00000026   Code   RO          424    i.HAL_PCD_ResetCallback  usbd_conf.o
    0x08000a66   0x08000a66   0x00000008   Code   RO          425    i.HAL_PCD_ResumeCallback  usbd_conf.o
    0x08000a6e   0x08000a6e   0x00000008   Code   RO          426    i.HAL_PCD_SOFCallback  usbd_conf.o
    0x08000a76   0x08000a76   0x00000028   Code   RO         1098    i.HAL_PCD_SetAddress  stm32f1xx_hal_pcd.o
    0x08000a9e   0x08000a9e   0x0000000e   Code   RO          427    i.HAL_PCD_SetupStageCallback  usbd_conf.o
    0x08000aac   0x08000aac   0x00000032   Code   RO         1100    i.HAL_PCD_Start     stm32f1xx_hal_pcd.o
    0x08000ade   0x08000ade   0x00000002   PAD
    0x08000ae0   0x08000ae0   0x00000024   Code   RO          428    i.HAL_PCD_SuspendCallback  usbd_conf.o
    0x08000b04   0x08000b04   0x0000007c   Code   RO         2797    i.HAL_SPI_Init      stm32f1xx_hal_spi.o
    0x08000b80   0x08000b80   0x00000070   Code   RO          301    i.HAL_SPI_MspInit   spi.o
    0x08000bf0   0x08000bf0   0x0000015c   Code   RO         2805    i.HAL_SPI_Transmit  stm32f1xx_hal_spi.o
    0x08000d4c   0x08000d4c   0x000001e2   Code   RO         2806    i.HAL_SPI_TransmitReceive  stm32f1xx_hal_spi.o
    0x08000f2e   0x08000f2e   0x00000028   Code   RO         2201    i.HAL_SYSTICK_Config  stm32f1xx_hal_cortex.o
    0x08000f56   0x08000f56   0x00000002   Code   RO         3785    i.HAL_TIMEx_BreakCallback  stm32f1xx_hal_tim_ex.o
    0x08000f58   0x08000f58   0x00000002   Code   RO         3786    i.HAL_TIMEx_CommutCallback  stm32f1xx_hal_tim_ex.o
    0x08000f5a   0x08000f5a   0x00000042   Code   RO         3803    i.HAL_TIMEx_MasterConfigSynchronization  stm32f1xx_hal_tim_ex.o
    0x08000f9c   0x08000f9c   0x00000036   Code   RO         3110    i.HAL_TIM_Base_Init  stm32f1xx_hal_tim.o
    0x08000fd2   0x08000fd2   0x00000002   PAD
    0x08000fd4   0x08000fd4   0x00000038   Code   RO          343    i.HAL_TIM_Base_MspInit  tim.o
    0x0800100c   0x0800100c   0x000000d6   Code   RO         3119    i.HAL_TIM_ConfigClockSource  stm32f1xx_hal_tim.o
    0x080010e2   0x080010e2   0x00000002   Code   RO         3139    i.HAL_TIM_IC_CaptureCallback  stm32f1xx_hal_tim.o
    0x080010e4   0x080010e4   0x00000166   Code   RO         3153    i.HAL_TIM_IRQHandler  stm32f1xx_hal_tim.o
    0x0800124a   0x0800124a   0x00000002   Code   RO         3156    i.HAL_TIM_OC_DelayElapsedCallback  stm32f1xx_hal_tim.o
    0x0800124c   0x0800124c   0x00000002   Code   RO         3183    i.HAL_TIM_PWM_PulseFinishedCallback  stm32f1xx_hal_tim.o
    0x0800124e   0x0800124e   0x00000002   Code   RO         3191    i.HAL_TIM_PeriodElapsedCallback  stm32f1xx_hal_tim.o
    0x08001250   0x08001250   0x00000002   Code   RO         3196    i.HAL_TIM_TriggerCallback  stm32f1xx_hal_tim.o
    0x08001252   0x08001252   0x00000002   Code   RO          767    i.HardFault_Handler  stm32f1xx_it.o
    0x08001254   0x08001254   0x00000038   Code   RO          627    i.IntToUnicode      usbd_desc.o
    0x0800128c   0x0800128c   0x00000018   Code   RO          223    i.LL_APB2_GRP1_EnableClock  gpio.o
    0x080012a4   0x080012a4   0x000000f0   Code   RO         1022    i.LL_GPIO_Init      stm32f1xx_ll_gpio.o
    0x08001394   0x08001394   0x00000042   Code   RO         2694    i.LL_RTC_EnterInitMode  stm32f1xx_ll_rtc.o
    0x080013d6   0x080013d6   0x00000042   Code   RO         2695    i.LL_RTC_ExitInitMode  stm32f1xx_ll_rtc.o
    0x08001418   0x08001418   0x00000078   Code   RO         2696    i.LL_RTC_Init       stm32f1xx_ll_rtc.o
    0x08001490   0x08001490   0x00000042   Code   RO         2701    i.LL_RTC_WaitForSynchro  stm32f1xx_ll_rtc.o
    0x080014d2   0x080014d2   0x00000002   PAD
    0x080014d4   0x080014d4   0x0000000c   Code   RO         1601    i.LL_SetSystemCoreClock  stm32f1xx_ll_utils.o
    0x080014e0   0x080014e0   0x0000007c   Code   RO          224    i.MX_GPIO_Init      gpio.o
    0x0800155c   0x0800155c   0x0000005c   Code   RO          267    i.MX_RTC_Init       rtc.o
    0x080015b8   0x080015b8   0x00000048   Code   RO          302    i.MX_SPI1_Init      spi.o
    0x08001600   0x08001600   0x00000068   Code   RO          344    i.MX_TIM2_Init      tim.o
    0x08001668   0x08001668   0x00000054   Code   RO          384    i.MX_USB_DEVICE_Init  usb_device.o
    0x080016bc   0x080016bc   0x00000002   Code   RO          768    i.MemManage_Handler  stm32f1xx_it.o
    0x080016be   0x080016be   0x00000002   Code   RO          769    i.NMI_Handler       stm32f1xx_it.o
    0x080016c0   0x080016c0   0x00000034   Code   RO          878    i.NRF24L01_RX_Mode  nrf24.o
    0x080016f4   0x080016f4   0x0000009c   Code   RO          880    i.NRF24L01_Send     nrf24.o
    0x08001790   0x08001790   0x0000002c   Code   RO          881    i.NRF24L01_TX_Mode  nrf24.o
    0x080017bc   0x080017bc   0x00000040   Code   RO          882    i.NRF24_FlushRX     nrf24.o
    0x080017fc   0x080017fc   0x00000040   Code   RO          883    i.NRF24_FlushTX     nrf24.o
    0x0800183c   0x0800183c   0x00000060   Code   RO          884    i.NRF24_ReadReg     nrf24.o
    0x0800189c   0x0800189c   0x00000054   Code   RO          886    i.NRF24_ToggleFeatures  nrf24.o
    0x080018f0   0x080018f0   0x0000005c   Code   RO          887    i.NRF24_Transmit    nrf24.o
    0x0800194c   0x0800194c   0x0000004c   Code   RO          888    i.NRF24_WriteReg    nrf24.o
    0x08001998   0x08001998   0x00000054   Code   RO          889    i.NRF24_Write_Buf   nrf24.o
    0x080019ec   0x080019ec   0x000000ac   Code   RO          890    i.NRF24_ini         nrf24.o
    0x08001a98   0x08001a98   0x000002c2   Code   RO         1103    i.PCD_EP_ISR_Handler  stm32f1xx_hal_pcd.o
    0x08001d5a   0x08001d5a   0x00000002   Code   RO          770    i.PendSV_Handler    stm32f1xx_it.o
    0x08001d5c   0x08001d5c   0x00000020   Code   RO         2835    i.SPI_EndRxTxTransaction  stm32f1xx_hal_spi.o
    0x08001d7c   0x08001d7c   0x00000094   Code   RO         2840    i.SPI_WaitFlagStateUntilTimeout  stm32f1xx_hal_spi.o
    0x08001e10   0x08001e10   0x00000002   Code   RO          771    i.SVC_Handler       stm32f1xx_it.o
    0x08001e12   0x08001e12   0x00000004   Code   RO          772    i.SysTick_Handler   stm32f1xx_it.o
    0x08001e16   0x08001e16   0x00000002   PAD
    0x08001e18   0x08001e18   0x000000c8   Code   RO            5    i.SystemClock_Config  main.o
    0x08001ee0   0x08001ee0   0x00000048   Code   RO         4037    i.SystemInit        system_stm32f1xx.o
    0x08001f28   0x08001f28   0x0000000c   Code   RO          773    i.TIM2_IRQHandler   stm32f1xx_it.o
    0x08001f34   0x08001f34   0x0000006c   Code   RO         3198    i.TIM_Base_SetConfig  stm32f1xx_hal_tim.o
    0x08001fa0   0x08001fa0   0x00000014   Code   RO         3209    i.TIM_ETR_SetConfig  stm32f1xx_hal_tim.o
    0x08001fb4   0x08001fb4   0x00000010   Code   RO         3210    i.TIM_ITRx_SetConfig  stm32f1xx_hal_tim.o
    0x08001fc4   0x08001fc4   0x00000022   Code   RO         3216    i.TIM_TI1_ConfigInputStage  stm32f1xx_hal_tim.o
    0x08001fe6   0x08001fe6   0x00000024   Code   RO         3218    i.TIM_TI2_ConfigInputStage  stm32f1xx_hal_tim.o
    0x0800200a   0x0800200a   0x00000046   Code   RO         4344    i.USBD_CDC_DataIn   usbd_cdc.o
    0x08002050   0x08002050   0x0000002e   Code   RO         4345    i.USBD_CDC_DataOut  usbd_cdc.o
    0x0800207e   0x0800207e   0x00000044   Code   RO         4346    i.USBD_CDC_DeInit   usbd_cdc.o
    0x080020c2   0x080020c2   0x00000024   Code   RO         4347    i.USBD_CDC_EP0_RxReady  usbd_cdc.o
    0x080020e6   0x080020e6   0x00000002   PAD
    0x080020e8   0x080020e8   0x0000000c   Code   RO         4348    i.USBD_CDC_GetDeviceQualifierDescriptor  usbd_cdc.o
    0x080020f4   0x080020f4   0x0000000c   Code   RO         4349    i.USBD_CDC_GetFSCfgDesc  usbd_cdc.o
    0x08002100   0x08002100   0x0000000c   Code   RO         4350    i.USBD_CDC_GetHSCfgDesc  usbd_cdc.o
    0x0800210c   0x0800210c   0x0000000c   Code   RO         4351    i.USBD_CDC_GetOtherSpeedCfgDesc  usbd_cdc.o
    0x08002118   0x08002118   0x00000094   Code   RO         4352    i.USBD_CDC_Init     usbd_cdc.o
    0x080021ac   0x080021ac   0x00000028   Code   RO         4353    i.USBD_CDC_ReceivePacket  usbd_cdc.o
    0x080021d4   0x080021d4   0x00000010   Code   RO         4354    i.USBD_CDC_RegisterInterface  usbd_cdc.o
    0x080021e4   0x080021e4   0x0000000c   Code   RO         4355    i.USBD_CDC_SetRxBuffer  usbd_cdc.o
    0x080021f0   0x080021f0   0x00000010   Code   RO         4356    i.USBD_CDC_SetTxBuffer  usbd_cdc.o
    0x08002200   0x08002200   0x000000ac   Code   RO         4357    i.USBD_CDC_Setup    usbd_cdc.o
    0x080022ac   0x080022ac   0x00000036   Code   RO         4358    i.USBD_CDC_TransmitPacket  usbd_cdc.o
    0x080022e2   0x080022e2   0x0000000e   Code   RO         4081    i.USBD_ClrClassConfig  usbd_core.o
    0x080022f0   0x080022f0   0x00000010   Code   RO         4284    i.USBD_CtlContinueRx  usbd_ioreq.o
    0x08002300   0x08002300   0x00000010   Code   RO         4285    i.USBD_CtlContinueSendData  usbd_ioreq.o
    0x08002310   0x08002310   0x00000016   Code   RO         4219    i.USBD_CtlError     usbd_ctlreq.o
    0x08002326   0x08002326   0x0000001e   Code   RO         4286    i.USBD_CtlPrepareRx  usbd_ioreq.o
    0x08002344   0x08002344   0x00000016   Code   RO         4287    i.USBD_CtlReceiveStatus  usbd_ioreq.o
    0x0800235a   0x0800235a   0x0000001a   Code   RO         4288    i.USBD_CtlSendData  usbd_ioreq.o
    0x08002374   0x08002374   0x00000016   Code   RO         4289    i.USBD_CtlSendStatus  usbd_ioreq.o
    0x0800238a   0x0800238a   0x00000002   PAD
    0x0800238c   0x0800238c   0x00000020   Code   RO          628    i.USBD_FS_ConfigStrDescriptor  usbd_desc.o
    0x080023ac   0x080023ac   0x0000000c   Code   RO          629    i.USBD_FS_DeviceDescriptor  usbd_desc.o
    0x080023b8   0x080023b8   0x00000024   Code   RO          630    i.USBD_FS_InterfaceStrDescriptor  usbd_desc.o
    0x080023dc   0x080023dc   0x0000000c   Code   RO          631    i.USBD_FS_LangIDStrDescriptor  usbd_desc.o
    0x080023e8   0x080023e8   0x00000028   Code   RO          632    i.USBD_FS_ManufacturerStrDescriptor  usbd_desc.o
    0x08002410   0x08002410   0x0000002c   Code   RO          633    i.USBD_FS_ProductStrDescriptor  usbd_desc.o
    0x0800243c   0x0800243c   0x00000038   Code   RO          634    i.USBD_FS_SerialStrDescriptor  usbd_desc.o
    0x08002474   0x08002474   0x000000e8   Code   RO         4220    i.USBD_GetDescriptor  usbd_ctlreq.o
    0x0800255c   0x0800255c   0x00000048   Code   RO         4221    i.USBD_GetString    usbd_ctlreq.o
    0x080025a4   0x080025a4   0x00000018   Code   RO          429    i.USBD_Get_USB_Status  usbd_conf.o
    0x080025bc   0x080025bc   0x0000002a   Code   RO         4083    i.USBD_Init         usbd_core.o
    0x080025e6   0x080025e6   0x00000012   Code   RO          430    i.USBD_LL_ClearStallEP  usbd_conf.o
    0x080025f8   0x080025f8   0x00000012   Code   RO          431    i.USBD_LL_CloseEP   usbd_conf.o
    0x0800260a   0x0800260a   0x000000c6   Code   RO         4084    i.USBD_LL_DataInStage  usbd_core.o
    0x080026d0   0x080026d0   0x00000082   Code   RO         4085    i.USBD_LL_DataOutStage  usbd_core.o
    0x08002752   0x08002752   0x00000008   Code   RO          435    i.USBD_LL_GetRxDataSize  usbd_conf.o
    0x0800275a   0x0800275a   0x00000002   PAD
    0x0800275c   0x0800275c   0x00000080   Code   RO          436    i.USBD_LL_Init      usbd_conf.o
    0x080027dc   0x080027dc   0x0000001c   Code   RO          437    i.USBD_LL_IsStallEP  usbd_conf.o
    0x080027f8   0x080027f8   0x00000018   Code   RO          438    i.USBD_LL_OpenEP    usbd_conf.o
    0x08002810   0x08002810   0x00000012   Code   RO          439    i.USBD_LL_PrepareReceive  usbd_conf.o
    0x08002822   0x08002822   0x00000050   Code   RO         4090    i.USBD_LL_Reset     usbd_core.o
    0x08002872   0x08002872   0x00000014   Code   RO         4091    i.USBD_LL_Resume    usbd_core.o
    0x08002886   0x08002886   0x00000018   Code   RO         4092    i.USBD_LL_SOF       usbd_core.o
    0x0800289e   0x0800289e   0x00000006   Code   RO         4093    i.USBD_LL_SetSpeed  usbd_core.o
    0x080028a4   0x080028a4   0x00000012   Code   RO          440    i.USBD_LL_SetUSBAddress  usbd_conf.o
    0x080028b6   0x080028b6   0x0000005a   Code   RO         4094    i.USBD_LL_SetupStage  usbd_core.o
    0x08002910   0x08002910   0x00000012   Code   RO          441    i.USBD_LL_StallEP   usbd_conf.o
    0x08002922   0x08002922   0x00000012   Code   RO          442    i.USBD_LL_Start     usbd_conf.o
    0x08002934   0x08002934   0x00000012   Code   RO         4095    i.USBD_LL_Suspend   usbd_core.o
    0x08002946   0x08002946   0x00000012   Code   RO          444    i.USBD_LL_Transmit  usbd_conf.o
    0x08002958   0x08002958   0x00000028   Code   RO         4222    i.USBD_ParseSetupRequest  usbd_ctlreq.o
    0x08002980   0x08002980   0x00000010   Code   RO         4096    i.USBD_RegisterClass  usbd_core.o
    0x08002990   0x08002990   0x00000016   Code   RO         4098    i.USBD_SetClassConfig  usbd_core.o
    0x080029a6   0x080029a6   0x00000002   PAD
    0x080029a8   0x080029a8   0x00000084   Code   RO         4223    i.USBD_SetConfig    usbd_ctlreq.o
    0x08002a2c   0x08002a2c   0x0000000a   Code   RO         4099    i.USBD_Start        usbd_core.o
    0x08002a36   0x08002a36   0x00000112   Code   RO         4224    i.USBD_StdDevReq    usbd_ctlreq.o
    0x08002b48   0x08002b48   0x00000150   Code   RO         4225    i.USBD_StdEPReq     usbd_ctlreq.o
    0x08002c98   0x08002c98   0x0000004e   Code   RO         4226    i.USBD_StdItfReq    usbd_ctlreq.o
    0x08002ce6   0x08002ce6   0x00000002   Code   RO          445    i.USBD_static_free  usbd_conf.o
    0x08002ce8   0x08002ce8   0x00000008   Code   RO          446    i.USBD_static_malloc  usbd_conf.o
    0x08002cf0   0x08002cf0   0x00000266   Code   RO         1328    i.USB_ActivateEndpoint  stm32f1xx_ll_usb.o
    0x08002f56   0x08002f56   0x00000004   Code   RO         1331    i.USB_CoreInit      stm32f1xx_ll_usb.o
    0x08002f5a   0x08002f5a   0x0000010e   Code   RO         1333    i.USB_DeactivateEndpoint  stm32f1xx_ll_usb.o
    0x08003068   0x08003068   0x00000004   Code   RO         1334    i.USB_DevConnect    stm32f1xx_ll_usb.o
    0x0800306c   0x0800306c   0x00000004   Code   RO         1335    i.USB_DevDisconnect  stm32f1xx_ll_usb.o
    0x08003070   0x08003070   0x0000001e   Code   RO         1336    i.USB_DevInit       stm32f1xx_ll_usb.o
    0x0800308e   0x0800308e   0x0000000e   Code   RO         1337    i.USB_DisableGlobalInt  stm32f1xx_ll_usb.o
    0x0800309c   0x0800309c   0x00000004   Code   RO         1338    i.USB_EP0_OutStart  stm32f1xx_ll_usb.o
    0x080030a0   0x080030a0   0x00000078   Code   RO         1339    i.USB_EPClearStall  stm32f1xx_ll_usb.o
    0x08003118   0x08003118   0x00000032   Code   RO         1340    i.USB_EPSetStall    stm32f1xx_ll_usb.o
    0x0800314a   0x0800314a   0x0000019c   Code   RO         1341    i.USB_EPStartXfer   stm32f1xx_ll_usb.o
    0x080032e6   0x080032e6   0x0000000e   Code   RO         1342    i.USB_EnableGlobalInt  stm32f1xx_ll_usb.o
    0x080032f4   0x080032f4   0x0000000c   Code   RO          774    i.USB_LP_CAN1_RX0_IRQHandler  stm32f1xx_it.o
    0x08003300   0x08003300   0x00000006   Code   RO         1349    i.USB_ReadInterrupts  stm32f1xx_ll_usb.o
    0x08003306   0x08003306   0x00000002   PAD
    0x08003308   0x08003308   0x0000002c   Code   RO         1350    i.USB_ReadPMA       stm32f1xx_ll_usb.o
    0x08003334   0x08003334   0x00000004   Code   RO         1352    i.USB_SetCurrentMode  stm32f1xx_ll_usb.o
    0x08003338   0x08003338   0x0000000c   Code   RO         1353    i.USB_SetDevAddress  stm32f1xx_ll_usb.o
    0x08003344   0x08003344   0x00000026   Code   RO         1356    i.USB_WritePMA      stm32f1xx_ll_usb.o
    0x0800336a   0x0800336a   0x00000002   Code   RO          775    i.UsageFault_Handler  stm32f1xx_it.o
    0x0800336c   0x0800336c   0x00000020   Code   RO         2203    i.__NVIC_SetPriority  stm32f1xx_hal_cortex.o
    0x0800338c   0x0800338c   0x0000000e   Code   RO         4765    i.__scatterload_copy  mc_w.l(handlers.o)
    0x0800339a   0x0800339a   0x00000002   Code   RO         4766    i.__scatterload_null  mc_w.l(handlers.o)
    0x0800339c   0x0800339c   0x0000000e   Code   RO         4767    i.__scatterload_zeroinit  mc_w.l(handlers.o)
    0x080033aa   0x080033aa   0x00000002   PAD
    0x080033ac   0x080033ac   0x0000004c   Code   RO            6    i.main              main.o
    0x080033f8   0x080033f8   0x00000020   Data   RO         4763    Region$$Table       anon$$obj.o


    Execution Region RW_IRAM1 (Exec base: 0x20000000, Load base: 0x08003418, Size: 0x000013f8, Max: 0x00005000, ABSOLUTE, COMPRESSED[0x000000c4])

    Exec Addr    Load Addr    Size         Type   Attr      Idx    E Section Name        Object

    0x20000000   COMPRESSED   0x00000001   Data   RW            8    .data               main.o
    0x20000001   COMPRESSED   0x00000003   PAD
    0x20000004   COMPRESSED   0x0000001c   Data   RW          636    .data               usbd_desc.o
    0x20000020   COMPRESSED   0x00000032   Data   RW          637    .data               usbd_desc.o
    0x20000052   COMPRESSED   0x00000002   PAD
    0x20000054   COMPRESSED   0x00000010   Data   RW          719    .data               usbd_cdc_if.o
    0x20000064   COMPRESSED   0x00000003   Data   RW          892    .data               nrf24.o
    0x20000067   COMPRESSED   0x00000001   PAD
    0x20000068   COMPRESSED   0x0000000c   Data   RW         1740    .data               stm32f1xx_hal.o
    0x20000074   COMPRESSED   0x00000004   Data   RW         4040    .data               system_stm32f1xx.o
    0x20000078   COMPRESSED   0x00000001   Data   RW         4227    .data               usbd_ctlreq.o
    0x20000079   COMPRESSED   0x00000003   PAD
    0x2000007c   COMPRESSED   0x000000d7   Data   RW         4359    .data               usbd_cdc.o
    0x20000153   COMPRESSED   0x00000001   PAD
    0x20000154   COMPRESSED   0x00000038   Data   RW         4360    .data               usbd_cdc.o
    0x2000018c        -       0x00000058   Zero   RW          303    .bss                spi.o
    0x200001e4        -       0x00000040   Zero   RW          345    .bss                tim.o
    0x20000224        -       0x000002c4   Zero   RW          385    .bss                usb_device.o
    0x200004e8        -       0x0000048c   Zero   RW          447    .bss                usbd_conf.o
    0x20000974        -       0x00000200   Zero   RW          635    .bss                usbd_desc.o
    0x20000b74        -       0x00000080   Zero   RW          718    .bss                usbd_cdc_if.o
    0x20000bf4   COMPRESSED   0x00000004   PAD
    0x20000bf8        -       0x00000800   Zero   RW         4071    STACK               startup_stm32f103xb.o


==============================================================================

Image component sizes


      Code (inc. data)   RO Data    RW Data    ZI Data      Debug   Object Name

       148         20          0          0          0      11655   gpio.o
       278         28          0          1          0     422692   main.o
      1024        120          0          3          0       6982   nrf24.o
        92         12          0          0          0      16218   rtc.o
       184         24          0          0         88       1597   spi.o
        36          8        236          0       2048        760   startup_stm32f103xb.o
       164         28          0         12          0       5861   stm32f1xx_hal.o
       198         14          0          0          0      28911   stm32f1xx_hal_cortex.o
       514         34          0          0          0       4096   stm32f1xx_hal_gpio.o
        60          8          0          0          0        834   stm32f1xx_hal_msp.o
      1744          0          0          0          0      10273   stm32f1xx_hal_pcd.o
        52          0          0          0          0       1166   stm32f1xx_hal_pcd_ex.o
      1134          0          0          0          0       5984   stm32f1xx_hal_spi.o
       850         14          0          0          0       9421   stm32f1xx_hal_tim.o
        70          0          0          0          0       2333   stm32f1xx_hal_tim_ex.o
        44         12          0          0          0       4617   stm32f1xx_it.o
       240          0          0          0          0      10291   stm32f1xx_ll_gpio.o
       318          6          0          0          0      10791   stm32f1xx_ll_rtc.o
      1644          0          0          0          0      14469   stm32f1xx_ll_usb.o
        12          6          0          0          0       4300   stm32f1xx_ll_utils.o
        72         16          0          4          0       1147   system_stm32f1xx.o
       160         10          0          0         64       1602   tim.o
        84         18          0          0        708        752   usb_device.o
       726         16          0        271          0      12966   usbd_cdc.o
       124         24          0         16        128       3313   usbd_cdc_if.o
       544         30          0          0       1164      13341   usbd_conf.o
       670          0          0          0          0       9407   usbd_core.o
      1186         28          0          1          0       7880   usbd_ctlreq.o
       288        104          0         78        512       5617   usbd_desc.o
       132          0          0          0          0       4296   usbd_ioreq.o

    ----------------------------------------------------------------------
     12822        580        268        396       4716     633572   Object Totals
         0          0         32          0          0          0   (incl. Generated)
        30          0          0         10          4          0   (incl. Padding)

    ----------------------------------------------------------------------

      Code (inc. data)   RO Data    RW Data    ZI Data      Debug   Library Member Name

        86          0          0          0          0          0   __dczerorl2.o
         0          0          0          0          0          0   entry.o
         0          0          0          0          0          0   entry10a.o
         0          0          0          0          0          0   entry11a.o
         8          4          0          0          0          0   entry2.o
         4          0          0          0          0          0   entry5.o
         0          0          0          0          0          0   entry7b.o
         0          0          0          0          0          0   entry8b.o
         8          4          0          0          0          0   entry9a.o
        30          0          0          0          0          0   handlers.o
        36          8          0          0          0         68   init.o
        36          0          0          0          0         68   memcpya.o
        36          0          0          0          0        108   memseta.o

    ----------------------------------------------------------------------
       246         16          0          0          0        244   Library Totals
         2          0          0          0          0          0   (incl. Padding)

    ----------------------------------------------------------------------

      Code (inc. data)   RO Data    RW Data    ZI Data      Debug   Library Name

       244         16          0          0          0        244   mc_w.l

    ----------------------------------------------------------------------
       246         16          0          0          0        244   Library Totals

    ----------------------------------------------------------------------

==============================================================================


      Code (inc. data)   RO Data    RW Data    ZI Data      Debug   

     13068        596        268        396       4716     624688   Grand Totals
     13068        596        268        196       4716     624688   ELF Image Totals (compressed)
     13068        596        268        196          0          0   ROM Totals

==============================================================================

    Total RO  Size (Code + RO Data)                13336 (  13.02kB)
    Total RW  Size (RW Data + ZI Data)              5112 (   4.99kB)
    Total ROM Size (Code + RO Data + RW Data)      13532 (  13.21kB)

==============================================================================

