Component: ARM Compiler 5.06 update 6 (build 750) Tool: armlink [4d35ed]

==============================================================================

Section Cross References

    main.o(i.SystemClock_Config) refers to stm32f1xx_ll_utils.o(i.LL_SetSystemCoreClock) for LL_SetSystemCoreClock
    main.o(i.SystemClock_Config) refers to stm32f1xx_hal.o(i.HAL_InitTick) for HAL_InitTick
    main.o(i.main) refers to stm32f1xx_hal.o(i.HAL_Init) for HAL_Init
    main.o(i.main) refers to main.o(i.SystemClock_Config) for SystemClock_Config
    main.o(i.main) refers to gpio.o(i.MX_GPIO_Init) for MX_GPIO_Init
    main.o(i.main) refers to rtc.o(i.MX_RTC_Init) for MX_RTC_Init
    main.o(i.main) refers to usb_device.o(i.MX_USB_DEVICE_Init) for MX_USB_DEVICE_Init
    main.o(i.main) refers to tim.o(i.MX_TIM2_Init) for MX_TIM2_Init
    main.o(i.main) refers to spi.o(i.MX_SPI1_Init) for MX_SPI1_Init
    main.o(i.main) refers to stm32f1xx_hal.o(i.HAL_Delay) for HAL_Delay
    main.o(i.main) refers to nrf24.o(i.NRF24_ini) for NRF24_ini
    main.o(i.main) refers to memcpya.o(.text) for __aeabi_memcpy
    main.o(i.main) refers to strlen.o(.text) for strlen
    main.o(i.main) refers to usbd_cdc_if.o(i.CDC_Transmit_FS) for CDC_Transmit_FS
    main.o(i.main) refers to usbd_cdc_if.o(.bss) for UserRxBufferFS
    main.o(i.main) refers to main.o(.bss) for .bss
    gpio.o(i.MX_GPIO_Init) refers to memseta.o(.text) for __aeabi_memclr4
    gpio.o(i.MX_GPIO_Init) refers to gpio.o(i.LL_APB2_GRP1_EnableClock) for LL_APB2_GRP1_EnableClock
    gpio.o(i.MX_GPIO_Init) refers to stm32f1xx_ll_gpio.o(i.LL_GPIO_Init) for LL_GPIO_Init
    rtc.o(i.MX_RTC_Init) refers to stm32f1xx_ll_rtc.o(i.LL_RTC_Init) for LL_RTC_Init
    spi.o(i.HAL_SPI_MspDeInit) refers to stm32f1xx_hal_gpio.o(i.HAL_GPIO_DeInit) for HAL_GPIO_DeInit
    spi.o(i.HAL_SPI_MspInit) refers to stm32f1xx_hal_gpio.o(i.HAL_GPIO_Init) for HAL_GPIO_Init
    spi.o(i.MX_SPI1_Init) refers to stm32f1xx_hal_spi.o(i.HAL_SPI_Init) for HAL_SPI_Init
    spi.o(i.MX_SPI1_Init) refers to main.o(i.Error_Handler) for Error_Handler
    spi.o(i.MX_SPI1_Init) refers to spi.o(.bss) for .bss
    tim.o(i.HAL_TIM_Base_MspDeInit) refers to stm32f1xx_hal_cortex.o(i.HAL_NVIC_DisableIRQ) for HAL_NVIC_DisableIRQ
    tim.o(i.HAL_TIM_Base_MspInit) refers to stm32f1xx_hal_cortex.o(i.HAL_NVIC_SetPriority) for HAL_NVIC_SetPriority
    tim.o(i.HAL_TIM_Base_MspInit) refers to stm32f1xx_hal_cortex.o(i.HAL_NVIC_EnableIRQ) for HAL_NVIC_EnableIRQ
    tim.o(i.MX_TIM2_Init) refers to stm32f1xx_hal_tim.o(i.HAL_TIM_Base_Init) for HAL_TIM_Base_Init
    tim.o(i.MX_TIM2_Init) refers to main.o(i.Error_Handler) for Error_Handler
    tim.o(i.MX_TIM2_Init) refers to stm32f1xx_hal_tim.o(i.HAL_TIM_ConfigClockSource) for HAL_TIM_ConfigClockSource
    tim.o(i.MX_TIM2_Init) refers to stm32f1xx_hal_tim_ex.o(i.HAL_TIMEx_MasterConfigSynchronization) for HAL_TIMEx_MasterConfigSynchronization
    tim.o(i.MX_TIM2_Init) refers to tim.o(.bss) for .bss
    usb_device.o(i.MX_USB_DEVICE_Init) refers to usbd_core.o(i.USBD_Init) for USBD_Init
    usb_device.o(i.MX_USB_DEVICE_Init) refers to main.o(i.Error_Handler) for Error_Handler
    usb_device.o(i.MX_USB_DEVICE_Init) refers to usbd_core.o(i.USBD_RegisterClass) for USBD_RegisterClass
    usb_device.o(i.MX_USB_DEVICE_Init) refers to usbd_cdc.o(i.USBD_CDC_RegisterInterface) for USBD_CDC_RegisterInterface
    usb_device.o(i.MX_USB_DEVICE_Init) refers to usbd_core.o(i.USBD_Start) for USBD_Start
    usb_device.o(i.MX_USB_DEVICE_Init) refers to usbd_desc.o(.data) for FS_Desc
    usb_device.o(i.MX_USB_DEVICE_Init) refers to usb_device.o(.bss) for .bss
    usb_device.o(i.MX_USB_DEVICE_Init) refers to usbd_cdc.o(.data) for USBD_CDC
    usb_device.o(i.MX_USB_DEVICE_Init) refers to usbd_cdc_if.o(.data) for USBD_Interface_fops_FS
    usbd_conf.o(i.HAL_PCD_ConnectCallback) refers to usbd_core.o(i.USBD_LL_DevConnected) for USBD_LL_DevConnected
    usbd_conf.o(i.HAL_PCD_DataInStageCallback) refers to usbd_core.o(i.USBD_LL_DataInStage) for USBD_LL_DataInStage
    usbd_conf.o(i.HAL_PCD_DataOutStageCallback) refers to usbd_core.o(i.USBD_LL_DataOutStage) for USBD_LL_DataOutStage
    usbd_conf.o(i.HAL_PCD_DisconnectCallback) refers to usbd_core.o(i.USBD_LL_DevDisconnected) for USBD_LL_DevDisconnected
    usbd_conf.o(i.HAL_PCD_ISOINIncompleteCallback) refers to usbd_core.o(i.USBD_LL_IsoINIncomplete) for USBD_LL_IsoINIncomplete
    usbd_conf.o(i.HAL_PCD_ISOOUTIncompleteCallback) refers to usbd_core.o(i.USBD_LL_IsoOUTIncomplete) for USBD_LL_IsoOUTIncomplete
    usbd_conf.o(i.HAL_PCD_MspDeInit) refers to stm32f1xx_hal_cortex.o(i.HAL_NVIC_DisableIRQ) for HAL_NVIC_DisableIRQ
    usbd_conf.o(i.HAL_PCD_MspInit) refers to stm32f1xx_hal_cortex.o(i.HAL_NVIC_SetPriority) for HAL_NVIC_SetPriority
    usbd_conf.o(i.HAL_PCD_MspInit) refers to stm32f1xx_hal_cortex.o(i.HAL_NVIC_EnableIRQ) for HAL_NVIC_EnableIRQ
[...]
    ..\Drivers\STM32F1xx_HAL_Driver\Src\stm32f1xx_hal_gpio.c 0x00000000   Number         0  stm32f1xx_hal_gpio.o ABSOLUTE
    ..\Drivers\STM32F1xx_HAL_Driver\Src\stm32f1xx_hal_gpio_ex.c 0x00000000   Number         0  stm32f1xx_hal_gpio_ex.o ABSOLUTE
    ..\Drivers\STM32F1xx_HAL_Driver\Src\stm32f1xx_hal_pcd.c 0x00000000   Number         0  stm32f1xx_hal_pcd.o ABSOLUTE
    ..\Drivers\STM32F1xx_HAL_Driver\Src\stm32f1xx_hal_pcd_ex.c 0x00000000   Number         0  stm32f1xx_hal_pcd_ex.o ABSOLUTE
    ..\Drivers\STM32F1xx_HAL_Driver\Src\stm32f1xx_hal_pwr.c 0x00000000   Number         0  stm32f1xx_hal_pwr.o ABSOLUTE
    ..\Drivers\STM32F1xx_HAL_Driver\Src\stm32f1xx_hal_rcc.c 0x00000000   Number         0  stm32f1xx_hal_rcc.o ABSOLUTE
    ..\Drivers\STM32F1xx_HAL_Driver\Src\stm32f1xx_hal_rcc_ex.c 0x00000000   Number         0  stm32f1xx_hal_rcc_ex.o ABSOLUTE
    ..\Drivers\STM32F1xx_HAL_Driver\Src\stm32f1xx_hal_spi.c 0x00000000   Number         0  stm32f1xx_hal_spi.o ABSOLUTE
    ..\Drivers\STM32F1xx_HAL_Driver\Src\stm32f1xx_hal_tim.c 0x00000000   Number         0  stm32f1xx_hal_tim.o ABSOLUTE
    ..\Drivers\STM32F1xx_HAL_Driver\Src\stm32f1xx_hal_tim_ex.c 0x00000000   Number         0  stm32f1xx_hal_tim_ex.o ABSOLUTE
    ..\Drivers\STM32F1xx_HAL_Driver\Src\stm32f1xx_ll_exti.c 0x00000000   Number         0  stm32f1xx_ll_exti.o ABSOLUTE
    ..\Drivers\STM32F1xx_HAL_Driver\Src\stm32f1xx_ll_gpio.c 0x00000000   Number         0  stm32f1xx_ll_gpio.o ABSOLUTE
    ..\Drivers\STM32F1xx_HAL_Driver\Src\stm32f1xx_ll_rcc.c 0x00000000   Number         0  stm32f1xx_ll_rcc.o ABSOLUTE
    ..\Drivers\STM32F1xx_HAL_Driver\Src\stm32f1xx_ll_rtc.c 0x00000000   Number         0  stm32f1xx_ll_rtc.o ABSOLUTE
    ..\Drivers\STM32F1xx_HAL_Driver\Src\stm32f1xx_ll_usb.c 0x00000000   Number         0  stm32f1xx_ll_usb.o ABSOLUTE
    ..\Drivers\STM32F1xx_HAL_Driver\Src\stm32f1xx_ll_utils.c 0x00000000   Number         0  stm32f1xx_ll_utils.o ABSOLUTE
    ..\Middlewares\ST\STM32_USB_Device_Library\Class\CDC\Src\usbd_cdc.c 0x00000000   Number         0  usbd_cdc.o ABSOLUTE
    ..\Middlewares\ST\STM32_USB_Device_Library\Core\Src\usbd_core.c 0x00000000   Number         0  usbd_core.o ABSOLUTE
    ..\Middlewares\ST\STM32_USB_Device_Library\Core\Src\usbd_ctlreq.c 0x00000000   Number         0  usbd_ctlreq.o ABSOLUTE
    ..\Middlewares\ST\STM32_USB_Device_Library\Core\Src\usbd_ioreq.c 0x00000000   Number         0  usbd_ioreq.o ABSOLUTE
    ..\Src\NRF24.c                           0x00000000   Number         0  nrf24.o ABSOLUTE
    ..\Src\gpio.c                            0x00000000   Number         0  gpio.o ABSOLUTE
    ..\Src\main.c                            0x00000000   Number         0  main.o ABSOLUTE
    ..\Src\rtc.c                             0x00000000   Number         0  rtc.o ABSOLUTE
    ..\Src\spi.c                             0x00000000   Number         0  spi.o ABSOLUTE
    ..\Src\stm32f1xx_hal_msp.c               0x00000000   Number         0  stm32f1xx_hal_msp.o ABSOLUTE
    ..\Src\stm32f1xx_it.c                    0x00000000   Number         0  stm32f1xx_it.o ABSOLUTE
    ..\Src\system_stm32f1xx.c                0x00000000   Number         0  system_stm32f1xx.o ABSOLUTE
    ..\Src\tim.c                             0x00000000   Number         0  tim.o ABSOLUTE
    ..\Src\usb_device.c                      0x00000000   Number         0  usb_device.o ABSOLUTE
    ..\Src\usbd_cdc_if.c                     0x00000000   Number         0  usbd_cdc_if.o ABSOLUTE
    ..\Src\usbd_conf.c                       0x00000000   Number         0  usbd_conf.o ABSOLUTE
    ..\Src\usbd_desc.c                       0x00000000   Number         0  usbd_desc.o ABSOLUTE
    ..\\Src\\NRF24.c                         0x00000000   Number         0  nrf24.o ABSOLUTE
    cdrcmple.s                               0x00000000   Number         0  cdrcmple.o ABSOLUTE
    dc.s                                     0x00000000   Number         0  dc.o ABSOLUTE
    handlers.s                               0x00000000   Number         0  handlers.o ABSOLUTE
    init.s                                   0x00000000   Number         0  init.o ABSOLUTE
    startup_stm32f103xb.s                    0x00000000   Number         0  startup_stm32f103xb.o ABSOLUTE
    RESET                                    0x08000000   Section      236  startup_stm32f103xb.o(RESET)
    .ARM.Collect$$$$00000000                 0x080000ec   Section        0  entry.o(.ARM.Collect$$$$00000000)
    .ARM.Collect$$$$00000001                 0x080000ec   Section        4  entry2.o(.ARM.Collect$$$$00000001)
    .ARM.Collect$$$$00000004                 0x080000f0   Section        4  entry5.o(.ARM.Collect$$$$00000004)
    .ARM.Collect$$$$00000008                 0x080000f4   Section        0  entry7b.o(.ARM.Collect$$$$00000008)
    .ARM.Collect$$$$0000000A                 0x080000f4   Section        0  entry8b.o(.ARM.Collect$$$$0000000A)
    .ARM.Collect$$$$0000000B                 0x080000f4   Section        8  entry9a.o(.ARM.Collect$$$$0000000B)
    .ARM.Collect$$$$0000000D                 0x080000fc   Section        0  entry10a.o(.ARM.Collect$$$$0000000D)
    .ARM.Collect$$$$0000000F                 0x080000fc   Section        0  entry11a.o(.ARM.Collect$$$$0000000F)
    .ARM.Collect$$$$00002712                 0x080000fc   Section        4  entry2.o(.ARM.Collect$$$$00002712)
    __lit__00000000                          0x080000fc   Data           4  entry2.o(.ARM.Collect$$$$00002712)
    .text                                    0x08000100   Section       36  startup_stm32f103xb.o(.text)
    .text                                    0x08000124   Section        0  memcpya.o(.text)
    .text                                    0x08000148   Section        0  memseta.o(.text)
    .text                                    0x0800016c   Section        0  strlen.o(.text)
    .text                                    0x0800017c   Section       36  init.o(.text)
    .text                                    0x080001a0   Section        0  __dczerorl2.o(.text)
    i.BusFault_Handler                       0x080001f6   Section        0  stm32f1xx_it.o(i.BusFault_Handler)
    i.CDC_Control_FS                         0x080001f8   Section        0  usbd_cdc_if.o(i.CDC_Control_FS)
    CDC_Control_FS                           0x080001f9   Thumb Code     4  usbd_cdc_if.o(i.CDC_Control_FS)
    i.CDC_DeInit_FS                          0x080001fc   Section        0  usbd_cdc_if.o(i.CDC_DeInit_FS)
    CDC_DeInit_FS                            0x080001fd   Thumb Code     4  usbd_cdc_if.o(i.CDC_DeInit_FS)
    i.CDC_Init_FS                            0x08000200   Section        0  usbd_cdc_if.o(i.CDC_Init_FS)
    CDC_Init_FS                              0x08000201   Thumb Code    26  usbd_cdc_if.o(i.CDC_Init_FS)
    i.CDC_Receive_FS                         0x08000224   Section        0  usbd_cdc_if.o(i.CDC_Receive_FS)
    CDC_Receive_FS                           0x08000225   Thumb Code    20  usbd_cdc_if.o(i.CDC_Receive_FS)
    i.CDC_Transmit_FS                        0x0800023c   Section        0  usbd_cdc_if.o(i.CDC_Transmit_FS)
    i.DebugMon_Handler                       0x08000268   Section        0  stm32f1xx_it.o(i.DebugMon_Handler)
    i.DelayMicro                             0x0800026c   Section        0  nrf24.o(i.DelayMicro)
    DelayMicro                               0x0800026d   Thumb Code    30  nrf24.o(i.DelayMicro)
    i.Error_Handler                          0x08000294   Section        0  main.o(i.Error_Handler)
    i.HAL_Delay                              0x08000298   Section        0  stm32f1xx_hal.o(i.HAL_Delay)
    i.HAL_GPIO_Init                          0x080002bc   Section        0  stm32f1xx_hal_gpio.o(i.HAL_GPIO_Init)
    i.HAL_GPIO_WritePin                      0x0800049c   Section        0  stm32f1xx_hal_gpio.o(i.HAL_GPIO_WritePin)
    i.HAL_GetTick                            0x080004a8   Section        0  stm32f1xx_hal.o(i.HAL_GetTick)
    i.HAL_IncTick                            0x080004b4   Section        0  stm32f1xx_hal.o(i.HAL_IncTick)
    i.HAL_Init                               0x080004c4   Section        0  stm32f1xx_hal.o(i.HAL_Init)
    i.HAL_InitTick                           0x080004e8   Section        0  stm32f1xx_hal.o(i.HAL_InitTick)
    i.HAL_MspInit                            0x08000528   Section        0  stm32f1xx_hal_msp.o(i.HAL_MspInit)
    i.HAL_NVIC_EnableIRQ                     0x08000564   Section        0  stm32f1xx_hal_cortex.o(i.HAL_NVIC_EnableIRQ)
    i.HAL_NVIC_SetPriority                   0x08000580   Section        0  stm32f1xx_hal_cortex.o(i.HAL_NVIC_SetPriority)
    i.HAL_NVIC_SetPriorityGrouping           0x080005c0   Section        0  stm32f1xx_hal_cortex.o(i.HAL_NVIC_SetPriorityGrouping)
    i.HAL_PCDEx_PMAConfig                    0x080005e4   Section        0  stm32f1xx_hal_pcd_ex.o(i.HAL_PCDEx_PMAConfig)
    i.HAL_PCDEx_SetConnectionState           0x08000618   Section        0  usbd_conf.o(i.HAL_PCDEx_SetConnectionState)
    i.HAL_PCD_DataInStageCallback            0x0800061a   Section        0  usbd_conf.o(i.HAL_PCD_DataInStageCallback)
    i.HAL_PCD_DataOutStageCallback           0x08000628   Section        0  usbd_conf.o(i.HAL_PCD_DataOutStageCallback)
    i.HAL_PCD_EP_Close                       0x08000638   Section        0  stm32f1xx_hal_pcd.o(i.HAL_PCD_EP_Close)
    i.HAL_PCD_EP_ClrStall                    0x08000680   Section        0  stm32f1xx_hal_pcd.o(i.HAL_PCD_EP_ClrStall)
    i.HAL_PCD_EP_GetRxCount                  0x080006d8   Section        0  stm32f1xx_hal_pcd.o(i.HAL_PCD_EP_GetRxCount)
    i.HAL_PCD_EP_Open                        0x080006e6   Section        0  stm32f1xx_hal_pcd.o(i.HAL_PCD_EP_Open)
    i.HAL_PCD_EP_Receive                     0x08000742   Section        0  stm32f1xx_hal_pcd.o(i.HAL_PCD_EP_Receive)
    i.HAL_PCD_EP_SetStall                    0x08000770   Section        0  stm32f1xx_hal_pcd.o(i.HAL_PCD_EP_SetStall)
    i.HAL_PCD_EP_Transmit                    0x080007da   Section        0  stm32f1xx_hal_pcd.o(i.HAL_PCD_EP_Transmit)
    i.HAL_PCD_IRQHandler                     0x08000804   Section        0  stm32f1xx_hal_pcd.o(i.HAL_PCD_IRQHandler)
    i.HAL_PCD_Init                           0x0800091c   Section        0  stm32f1xx_hal_pcd.o(i.HAL_PCD_Init)
    i.HAL_PCD_MspInit                        0x080009f0   Section        0  usbd_conf.o(i.HAL_PCD_MspInit)
    i.HAL_PCD_ResetCallback                  0x08000a2c   Section        0  usbd_conf.o(i.HAL_PCD_ResetCallback)
    i.HAL_PCD_ResumeCallback                 0x08000a52   Section        0  usbd_conf.o(i.HAL_PCD_ResumeCallback)
    i.HAL_PCD_SOFCallback                    0x08000a5a   Section        0  usbd_conf.o(i.HAL_PCD_SOFCallback)
    i.HAL_PCD_SetAddress                     0x08000a62   Section        0  stm32f1xx_hal_pcd.o(i.HAL_PCD_SetAddress)
    i.HAL_PCD_SetupStageCallback             0x08000a8a   Section        0  usbd_conf.o(i.HAL_PCD_SetupStageCallback)
    i.HAL_PCD_Start                          0x08000a98   Section        0  stm32f1xx_hal_pcd.o(i.HAL_PCD_Start)
    i.HAL_PCD_SuspendCallback                0x08000acc   Section        0  usbd_conf.o(i.HAL_PCD_SuspendCallback)
    i.HAL_SPI_Init                           0x08000af0   Section        0  stm32f1xx_hal_spi.o(i.HAL_SPI_Init)
    i.HAL_SPI_MspInit                        0x08000b6c   Section        0  spi.o(i.HAL_SPI_MspInit)
    i.HAL_SPI_Transmit                       0x08000bdc   Section        0  stm32f1xx_hal_spi.o(i.HAL_SPI_Transmit)
    i.HAL_SPI_TransmitReceive                0x08000d38   Section        0  stm32f1xx_hal_spi.o(i.HAL_SPI_TransmitReceive)
    i.HAL_SYSTICK_Config                     0x08000f1a   Section        0  stm32f1xx_hal_cortex.o(i.HAL_SYSTICK_Config)
    i.HAL_TIMEx_BreakCallback                0x08000f42   Section        0  stm32f1xx_hal_tim_ex.o(i.HAL_TIMEx_BreakCallback)
    i.HAL_TIMEx_CommutCallback               0x08000f44   Section        0  stm32f1xx_hal_tim_ex.o(i.HAL_TIMEx_CommutCallback)
    i.HAL_TIMEx_MasterConfigSynchronization  0x08000f46   Section        0  stm32f1xx_hal_tim_ex.o(i.HAL_TIMEx_MasterConfigSynchronization)
    i.HAL_TIM_Base_Init                      0x08000f88   Section        0  stm32f1xx_hal_tim.o(i.HAL_TIM_Base_Init)
    i.HAL_TIM_Base_MspInit                   0x08000fc0   Section        0  tim.o(i.HAL_TIM_Base_MspInit)
    i.HAL_TIM_ConfigClockSource              0x08000ff8   Section        0  stm32f1xx_hal_tim.o(i.HAL_TIM_ConfigClockSource)
    i.HAL_TIM_IC_CaptureCallback             0x080010ce   Section        0  stm32f1xx_hal_tim.o(i.HAL_TIM_IC_CaptureCallback)
    i.HAL_TIM_IRQHandler                     0x080010d0   Section        0  stm32f1xx_hal_tim.o(i.HAL_TIM_IRQHandler)
    i.HAL_TIM_OC_DelayElapsedCallback        0x08001236   Section        0  stm32f1xx_hal_tim.o(i.HAL_TIM_OC_DelayElapsedCallback)
    i.HAL_TIM_PWM_PulseFinishedCallback      0x08001238   Section        0  stm32f1xx_hal_tim.o(i.HAL_TIM_PWM_PulseFinishedCallback)
    i.HAL_TIM_PeriodElapsedCallback          0x0800123a   Section        0  stm32f1xx_hal_tim.o(i.HAL_TIM_PeriodElapsedCallback)
    i.HAL_TIM_TriggerCallback                0x0800123c   Section        0  stm32f1xx_hal_tim.o(i.HAL_TIM_TriggerCallback)
    i.HardFault_Handler                      0x0800123e   Section        0  stm32f1xx_it.o(i.HardFault_Handler)
    i.IntToUnicode                           0x08001240   Section        0  usbd_desc.o(i.IntToUnicode)
    IntToUnicode                             0x08001241   Thumb Code    56  usbd_desc.o(i.IntToUnicode)
    i.LL_APB2_GRP1_EnableClock               0x08001278   Section        0  gpio.o(i.LL_APB2_GRP1_EnableClock)
    LL_APB2_GRP1_EnableClock                 0x08001279   Thumb Code    18  gpio.o(i.LL_APB2_GRP1_EnableClock)
    i.LL_GPIO_Init                           0x08001290   Section        0  stm32f1xx_ll_gpio.o(i.LL_GPIO_Init)
    i.LL_RTC_EnterInitMode                   0x08001380   Section        0  stm32f1xx_ll_rtc.o(i.LL_RTC_EnterInitMode)
    i.LL_RTC_ExitInitMode                    0x080013c2   Section        0  stm32f1xx_ll_rtc.o(i.LL_RTC_ExitInitMode)
    i.LL_RTC_Init                            0x08001404   Section        0  stm32f1xx_ll_rtc.o(i.LL_RTC_Init)
    i.LL_RTC_WaitForSynchro                  0x0800147c   Section        0  stm32f1xx_ll_rtc.o(i.LL_RTC_WaitForSynchro)
    i.LL_SetSystemCoreClock                  0x080014c0   Section        0  stm32f1xx_ll_utils.o(i.LL_SetSystemCoreClock)
    i.MX_GPIO_Init                           0x080014cc   Section        0  gpio.o(i.MX_GPIO_Init)
    i.MX_RTC_Init                            0x08001548   Section        0  rtc.o(i.MX_RTC_Init)
    i.MX_SPI1_Init                           0x080015a4   Section        0  spi.o(i.MX_SPI1_Init)
    i.MX_TIM2_Init                           0x080015ec   Section        0  tim.o(i.MX_TIM2_Init)
    i.MX_USB_DEVICE_Init                     0x08001654   Section        0  usb_device.o(i.MX_USB_DEVICE_Init)
    i.MemManage_Handler                      0x080016a8   Section        0  stm32f1xx_it.o(i.MemManage_Handler)
    i.NMI_Handler                            0x080016aa   Section        0  stm32f1xx_it.o(i.NMI_Handler)
    i.NRF24L01_RX_Mode                       0x080016ac   Section        0  nrf24.o(i.NRF24L01_RX_Mode)
    i.NRF24_FlushRX                          0x080016e0   Section        0  nrf24.o(i.NRF24_FlushRX)
    i.NRF24_FlushTX                          0x08001720   Section        0  nrf24.o(i.NRF24_FlushTX)
    i.NRF24_ReadReg                          0x08001760   Section        0  nrf24.o(i.NRF24_ReadReg)
    i.NRF24_ToggleFeatures                   0x080017c0   Section        0  nrf24.o(i.NRF24_ToggleFeatures)
    i.NRF24_WriteReg                         0x08001814   Section        0  nrf24.o(i.NRF24_WriteReg)
    i.NRF24_Write_Buf                        0x08001860   Section        0  nrf24.o(i.NRF24_Write_Buf)
    i.NRF24_ini                              0x080018b4   Section        0  nrf24.o(i.NRF24_ini)
    i.PCD_EP_ISR_Handler                     0x08001960   Section        0  stm32f1xx_hal_pcd.o(i.PCD_EP_ISR_Handler)
    PCD_EP_ISR_Handler                       0x08001961   Thumb Code   706  stm32f1xx_hal_pcd.o(i.PCD_EP_ISR_Handler)
    i.PendSV_Handler                         0x08001c22   Section        0  stm32f1xx_it.o(i.PendSV_Handler)
    i.SPI_EndRxTxTransaction                 0x08001c24   Section        0  stm32f1xx_hal_spi.o(i.SPI_EndRxTxTransaction)
    SPI_EndRxTxTransaction                   0x08001c25   Thumb Code    32  stm32f1xx_hal_spi.o(i.SPI_EndRxTxTransaction)
    i.SPI_WaitFlagStateUntilTimeout          0x08001c44   Section        0  stm32f1xx_hal_spi.o(i.SPI_WaitFlagStateUntilTimeout)
    SPI_WaitFlagStateUntilTimeout            0x08001c45   Thumb Code   148  stm32f1xx_hal_spi.o(i.SPI_WaitFlagStateUntilTimeout)
    i.SVC_Handler                            0x08001cd8   Section        0  stm32f1xx_it.o(i.SVC_Handler)
    i.SysTick_Handler                        0x08001cda   Section        0  stm32f1xx_it.o(i.SysTick_Handler)
    i.SystemClock_Config                     0x08001ce0   Section        0  main.o(i.SystemClock_Config)
    i.SystemInit                             0x08001da8   Section        0  system_stm32f1xx.o(i.SystemInit)
    i.TIM2_IRQHandler                        0x08001df0   Section        0  stm32f1xx_it.o(i.TIM2_IRQHandler)
    i.TIM_Base_SetConfig                     0x08001dfc   Section        0  stm32f1xx_hal_tim.o(i.TIM_Base_SetConfig)
    i.TIM_ETR_SetConfig                      0x08001e68   Section        0  stm32f1xx_hal_tim.o(i.TIM_ETR_SetConfig)
    i.TIM_ITRx_SetConfig                     0x08001e7c   Section        0  stm32f1xx_hal_tim.o(i.TIM_ITRx_SetConfig)
    TIM_ITRx_SetConfig                       0x08001e7d   Thumb Code    16  stm32f1xx_hal_tim.o(i.TIM_ITRx_SetConfig)
    i.TIM_TI1_ConfigInputStage               0x08001e8c   Section        0  stm32f1xx_hal_tim.o(i.TIM_TI1_ConfigInputStage)
    TIM_TI1_ConfigInputStage                 0x08001e8d   Thumb Code    34  stm32f1xx_hal_tim.o(i.TIM_TI1_ConfigInputStage)
    i.TIM_TI2_ConfigInputStage               0x08001eae   Section        0  stm32f1xx_hal_tim.o(i.TIM_TI2_ConfigInputStage)
    TIM_TI2_ConfigInputStage                 0x08001eaf   Thumb Code    36  stm32f1xx_hal_tim.o(i.TIM_TI2_ConfigInputStage)
    i.USBD_CDC_DataIn                        0x08001ed2   Section        0  usbd_cdc.o(i.USBD_CDC_DataIn)
    USBD_CDC_DataIn                          0x08001ed3   Thumb Code    70  usbd_cdc.o(i.USBD_CDC_DataIn)
    i.USBD_CDC_DataOut                       0x08001f18   Section        0  usbd_cdc.o(i.USBD_CDC_DataOut)
    USBD_CDC_DataOut                         0x08001f19   Thumb Code    46  usbd_cdc.o(i.USBD_CDC_DataOut)
    i.USBD_CDC_DeInit                        0x08001f46   Section        0  usbd_cdc.o(i.USBD_CDC_DeInit)
    USBD_CDC_DeInit                          0x08001f47   Thumb Code    68  usbd_cdc.o(i.USBD_CDC_DeInit)
    i.USBD_CDC_EP0_RxReady                   0x08001f8a   Section        0  usbd_cdc.o(i.USBD_CDC_EP0_RxReady)
    USBD_CDC_EP0_RxReady                     0x08001f8b   Thumb Code    36  usbd_cdc.o(i.USBD_CDC_EP0_RxReady)
    i.USBD_CDC_GetDeviceQualifierDescriptor  0x08001fb0   Section        0  usbd_cdc.o(i.USBD_CDC_GetDeviceQualifierDescriptor)
    i.USBD_CDC_GetFSCfgDesc                  0x08001fbc   Section        0  usbd_cdc.o(i.USBD_CDC_GetFSCfgDesc)
    USBD_CDC_GetFSCfgDesc                    0x08001fbd   Thumb Code     8  usbd_cdc.o(i.USBD_CDC_GetFSCfgDesc)
    i.USBD_CDC_GetHSCfgDesc                  0x08001fc8   Section        0  usbd_cdc.o(i.USBD_CDC_GetHSCfgDesc)
    USBD_CDC_GetHSCfgDesc                    0x08001fc9   Thumb Code     8  usbd_cdc.o(i.USBD_CDC_GetHSCfgDesc)
    i.USBD_CDC_GetOtherSpeedCfgDesc          0x08001fd4   Section        0  usbd_cdc.o(i.USBD_CDC_GetOtherSpeedCfgDesc)
    USBD_CDC_GetOtherSpeedCfgDesc            0x08001fd5   Thumb Code     8  usbd_cdc.o(i.USBD_CDC_GetOtherSpeedCfgDesc)
    i.USBD_CDC_Init                          0x08001fe0   Section        0  usbd_cdc.o(i.USBD_CDC_Init)
    USBD_CDC_Init                            0x08001fe1   Thumb Code   148  usbd_cdc.o(i.USBD_CDC_Init)
    i.USBD_CDC_ReceivePacket                 0x08002074   Section        0  usbd_cdc.o(i.USBD_CDC_ReceivePacket)
    i.USBD_CDC_RegisterInterface             0x0800209c   Section        0  usbd_cdc.o(i.USBD_CDC_RegisterInterface)
    i.USBD_CDC_SetRxBuffer                   0x080020ac   Section        0  usbd_cdc.o(i.USBD_CDC_SetRxBuffer)
    i.USBD_CDC_SetTxBuffer                   0x080020b8   Section        0  usbd_cdc.o(i.USBD_CDC_SetTxBuffer)
    i.USBD_CDC_Setup                         0x080020c8   Section        0  usbd_cdc.o(i.USBD_CDC_Setup)
    USBD_CDC_Setup                           0x080020c9   Thumb Code   172  usbd_cdc.o(i.USBD_CDC_Setup)
    i.USBD_CDC_TransmitPacket                0x08002174   Section        0  usbd_cdc.o(i.USBD_CDC_TransmitPacket)
    i.USBD_ClrClassConfig                    0x080021aa   Section        0  usbd_core.o(i.USBD_ClrClassConfig)
    i.USBD_CtlContinueRx                     0x080021b8   Section        0  usbd_ioreq.o(i.USBD_CtlContinueRx)
    i.USBD_CtlContinueSendData               0x080021c8   Section        0  usbd_ioreq.o(i.USBD_CtlContinueSendData)
    i.USBD_CtlError                          0x080021d8   Section        0  usbd_ctlreq.o(i.USBD_CtlError)
    i.USBD_CtlPrepareRx                      0x080021ee   Section        0  usbd_ioreq.o(i.USBD_CtlPrepareRx)
    i.USBD_CtlReceiveStatus                  0x0800220c   Section        0  usbd_ioreq.o(i.USBD_CtlReceiveStatus)
    i.USBD_CtlSendData                       0x08002222   Section        0  usbd_ioreq.o(i.USBD_CtlSendData)
    i.USBD_CtlSendStatus                     0x0800223c   Section        0  usbd_ioreq.o(i.USBD_CtlSendStatus)
    i.USBD_FS_ConfigStrDescriptor            0x08002254   Section        0  usbd_desc.o(i.USBD_FS_ConfigStrDescriptor)
    i.USBD_FS_DeviceDescriptor               0x08002274   Section        0  usbd_desc.o(i.USBD_FS_DeviceDescriptor)
    i.USBD_FS_InterfaceStrDescriptor         0x08002280   Section        0  usbd_desc.o(i.USBD_FS_InterfaceStrDescriptor)
    i.USBD_FS_LangIDStrDescriptor            0x080022a4   Section        0  usbd_desc.o(i.USBD_FS_LangIDStrDescriptor)
    i.USBD_FS_ManufacturerStrDescriptor      0x080022b0   Section        0  usbd_desc.o(i.USBD_FS_ManufacturerStrDescriptor)
    i.USBD_FS_ProductStrDescriptor           0x080022d8   Section        0  usbd_desc.o(i.USBD_FS_ProductStrDescriptor)
    i.USBD_FS_SerialStrDescriptor            0x08002304   Section        0  usbd_desc.o(i.USBD_FS_SerialStrDescriptor)
    i.USBD_GetDescriptor                     0x0800233c   Section        0  usbd_ctlreq.o(i.USBD_GetDescriptor)
    USBD_GetDescriptor                       0x0800233d   Thumb Code   232  usbd_ctlreq.o(i.USBD_GetDescriptor)
    i.USBD_GetString                         0x08002424   Section        0  usbd_ctlreq.o(i.USBD_GetString)
    i.USBD_Get_USB_Status                    0x0800246c   Section        0  usbd_conf.o(i.USBD_Get_USB_Status)
    USBD_Get_USB_Status                      0x0800246d   Thumb Code    24  usbd_conf.o(i.USBD_Get_USB_Status)
    i.USBD_Init                              0x08002484   Section        0  usbd_core.o(i.USBD_Init)
    i.USBD_LL_ClearStallEP                   0x080024ae   Section        0  usbd_conf.o(i.USBD_LL_ClearStallEP)
    i.USBD_LL_CloseEP                        0x080024c0   Section        0  usbd_conf.o(i.USBD_LL_CloseEP)
    i.USBD_LL_DataInStage                    0x080024d2   Section        0  usbd_core.o(i.USBD_LL_DataInStage)
    i.USBD_LL_DataOutStage                   0x08002598   Section        0  usbd_core.o(i.USBD_LL_DataOutStage)
    i.USBD_LL_GetRxDataSize                  0x0800261a   Section        0  usbd_conf.o(i.USBD_LL_GetRxDataSize)
    i.USBD_LL_Init                           0x08002624   Section        0  usbd_conf.o(i.USBD_LL_Init)
    i.USBD_LL_IsStallEP                      0x080026a4   Section        0  usbd_conf.o(i.USBD_LL_IsStallEP)
    i.USBD_LL_OpenEP                         0x080026c0   Section        0  usbd_conf.o(i.USBD_LL_OpenEP)
    i.USBD_LL_PrepareReceive                 0x080026d8   Section        0  usbd_conf.o(i.USBD_LL_PrepareReceive)
    i.USBD_LL_Reset                          0x080026ea   Section        0  usbd_core.o(i.USBD_LL_Reset)
    i.USBD_LL_Resume                         0x0800273a   Section        0  usbd_core.o(i.USBD_LL_Resume)
    i.USBD_LL_SOF                            0x0800274e   Section        0  usbd_core.o(i.USBD_LL_SOF)
    i.USBD_LL_SetSpeed                       0x08002766   Section        0  usbd_core.o(i.USBD_LL_SetSpeed)
    i.USBD_LL_SetUSBAddress                  0x0800276c   Section        0  usbd_conf.o(i.USBD_LL_SetUSBAddress)
    i.USBD_LL_SetupStage                     0x0800277e   Section        0  usbd_core.o(i.USBD_LL_SetupStage)
    i.USBD_LL_StallEP                        0x080027d8   Section        0  usbd_conf.o(i.USBD_LL_StallEP)
    i.USBD_LL_Start                          0x080027ea   Section        0  usbd_conf.o(i.USBD_LL_Start)
    i.USBD_LL_Suspend                        0x080027fc   Section        0  usbd_core.o(i.USBD_LL_Suspend)
    i.USBD_LL_Transmit                       0x0800280e   Section        0  usbd_conf.o(i.USBD_LL_Transmit)
    i.USBD_ParseSetupRequest                 0x08002820   Section        0  usbd_ctlreq.o(i.USBD_ParseSetupRequest)
    i.USBD_RegisterClass                     0x08002848   Section        0  usbd_core.o(i.USBD_RegisterClass)
    i.USBD_SetClassConfig                    0x08002858   Section        0  usbd_core.o(i.USBD_SetClassConfig)
    i.USBD_SetConfig                         0x08002870   Section        0  usbd_ctlreq.o(i.USBD_SetConfig)
    USBD_SetConfig                           0x08002871   Thumb Code   128  usbd_ctlreq.o(i.USBD_SetConfig)
    i.USBD_Start                             0x080028f4   Section        0  usbd_core.o(i.USBD_Start)
    i.USBD_StdDevReq                         0x080028fe   Section        0  usbd_ctlreq.o(i.USBD_StdDevReq)
    i.USBD_StdEPReq                          0x08002a10   Section        0  usbd_ctlreq.o(i.USBD_StdEPReq)
    i.USBD_StdItfReq                         0x08002b60   Section        0  usbd_ctlreq.o(i.USBD_StdItfReq)
    i.USBD_static_free                       0x08002bae   Section        0  usbd_conf.o(i.USBD_static_free)
    i.USBD_static_malloc                     0x08002bb0   Section        0  usbd_conf.o(i.USBD_static_malloc)
    i.USB_ActivateEndpoint                   0x08002bb8   Section        0  stm32f1xx_ll_usb.o(i.USB_ActivateEndpoint)
    i.USB_CoreInit                           0x08002e1e   Section        0  stm32f1xx_ll_usb.o(i.USB_CoreInit)
    i.USB_DeactivateEndpoint                 0x08002e22   Section        0  stm32f1xx_ll_usb.o(i.USB_DeactivateEndpoint)
    i.USB_DevConnect                         0x08002f30   Section        0  stm32f1xx_ll_usb.o(i.USB_DevConnect)
    i.USB_DevDisconnect                      0x08002f34   Section        0  stm32f1xx_ll_usb.o(i.USB_DevDisconnect)
    i.USB_DevInit                            0x08002f38   Section        0  stm32f1xx_ll_usb.o(i.USB_DevInit)
    i.USB_DisableGlobalInt                   0x08002f56   Section        0  stm32f1xx_ll_usb.o(i.USB_DisableGlobalInt)
    i.USB_EP0_OutStart                       0x08002f64   Section        0  stm32f1xx_ll_usb.o(i.USB_EP0_OutStart)
    i.USB_EPClearStall                       0x08002f68   Section        0  stm32f1xx_ll_usb.o(i.USB_EPClearStall)
    i.USB_EPSetStall                         0x08002fe0   Section        0  stm32f1xx_ll_usb.o(i.USB_EPSetStall)
    i.USB_EPStartXfer                        0x08003012   Section        0  stm32f1xx_ll_usb.o(i.USB_EPStartXfer)
    i.USB_EnableGlobalInt                    0x080031ae   Section        0  stm32f1xx_ll_usb.o(i.USB_EnableGlobalInt)
    i.USB_LP_CAN1_RX0_IRQHandler             0x080031bc   Section        0  stm32f1xx_it.o(i.USB_LP_CAN1_RX0_IRQHandler)
    i.USB_ReadInterrupts                     0x080031c8   Section        0  stm32f1xx_ll_usb.o(i.USB_ReadInterrupts)
    i.USB_ReadPMA                            0x080031d0   Section        0  stm32f1xx_ll_usb.o(i.USB_ReadPMA)
    i.USB_SetCurrentMode                     0x080031fc   Section        0  stm32f1xx_ll_usb.o(i.USB_SetCurrentMode)
    i.USB_SetDevAddress                      0x08003200   Section        0  stm32f1xx_ll_usb.o(i.USB_SetDevAddress)
    i.USB_WritePMA                           0x0800320c   Section        0  stm32f1xx_ll_usb.o(i.USB_WritePMA)
    i.UsageFault_Handler                     0x08003232   Section        0  stm32f1xx_it.o(i.UsageFault_Handler)
    i.__NVIC_SetPriority                     0x08003234   Section        0  stm32f1xx_hal_cortex.o(i.__NVIC_SetPriority)
    __NVIC_SetPriority                       0x08003235   Thumb Code    32  stm32f1xx_hal_cortex.o(i.__NVIC_SetPriority)
    i.__scatterload_copy                     0x08003254   Section       14  handlers.o(i.__scatterload_copy)
    i.__scatterload_null                     0x08003262   Section        2  handlers.o(i.__scatterload_null)
    i.__scatterload_zeroinit                 0x08003264   Section       14  handlers.o(i.__scatterload_zeroinit)
    i.main                                   0x08003274   Section        0  main.o(i.main)
    .data                                    0x20000000   Section       28  usbd_desc.o(.data)
    .data                                    0x2000001c   Section       50  usbd_desc.o(.data)
    .data                                    0x20000050   Section       16  usbd_cdc_if.o(.data)
    .data                                    0x20000060   Section        3  nrf24.o(.data)
    .data                                    0x20000064   Section       12  stm32f1xx_hal.o(.data)
    .data                                    0x20000070   Section        4  system_stm32f1xx.o(.data)
    .data                                    0x20000074   Section        1  usbd_ctlreq.o(.data)
    cfgidx                                   0x20000074   Data           1  usbd_ctlreq.o(.data)
    .data                                    0x20000078   Section      215  usbd_cdc.o(.data)
    USBD_CDC_DeviceQualifierDesc             0x20000078   Data          10  usbd_cdc.o(.data)
    .data                                    0x20000150   Section       56  usbd_cdc.o(.data)
    .bss                                     0x20000188   Section       21  main.o(.bss)
    .bss                                     0x200001a0   Section       88  spi.o(.bss)
    .bss                                     0x200001f8   Section       64  tim.o(.bss)
    .bss                                     0x20000238   Section      708  usb_device.o(.bss)
    .bss                                     0x200004fc   Section     1164  usbd_conf.o(.bss)
    mem                                      0x200004fc   Data         544  usbd_conf.o(.bss)
    .bss                                     0x20000988   Section      512  usbd_desc.o(.bss)
    .bss                                     0x20000b88   Section      128  usbd_cdc_if.o(.bss)
    STACK                                    0x20000c08   Section     2048  startup_stm32f103xb.o(STACK)

    Global Symbols

    Symbol Name                              Value     Ov Type        Size  Object(Section)

    BuildAttributes$$THM_ISAv4$P$D$K$B$S$PE$A:L22UL41UL21$X:L11$S22US41US21$IEEE1$IW$USESV6$~STKCKD$USESV7$~SHL$OSPACE$ROPI$EBA8$MICROLIB$REQ8$PRES8$EABIv2 0x00000000   Number         0  anon$$obj.o ABSOLUTE
    __ARM_use_no_argv                        0x00000000   Number         0  main.o ABSOLUTE
    _printf_a                                0x00000000   Number         0  stubs.o ABSOLUTE
    _printf_c                                0x00000000   Number         0  stubs.o ABSOLUTE
    _printf_charcount                        0x00000000   Number         0  stubs.o ABSOLUTE
    _printf_d                                0x00000000   Number         0  stubs.o ABSOLUTE
    _printf_e                                0x00000000   Number         0  stubs.o ABSOLUTE
    _printf_f                                0x00000000   Number         0  stubs.o ABSOLUTE
    _printf_flags                            0x00000000   Number         0  stubs.o ABSOLUTE
    _printf_fp_dec                           0x00000000   Number         0  stubs.o ABSOLUTE
    _printf_fp_hex                           0x00000000   Number         0  stubs.o ABSOLUTE
    _printf_g                                0x00000000   Number         0  stubs.o ABSOLUTE
    _printf_i                                0x00000000   Number         0  stubs.o ABSOLUTE
    _printf_int_dec                          0x00000000   Number         0  stubs.o ABSOLUTE
    _printf_l                                0x00000000   Number         0  stubs.o ABSOLUTE
    _printf_lc                               0x00000000   Number         0  stubs.o ABSOLUTE
    _printf_ll                               0x00000000   Number         0  stubs.o ABSOLUTE
    _printf_lld                              0x00000000   Number         0  stubs.o ABSOLUTE
    _printf_lli                              0x00000000   Number         0  stubs.o ABSOLUTE
    _printf_llo                              0x00000000   Number         0  stubs.o ABSOLUTE
    _printf_llu                              0x00000000   Number         0  stubs.o ABSOLUTE
    _printf_llx                              0x00000000   Number         0  stubs.o ABSOLUTE
    _printf_longlong_dec                     0x00000000   Number         0  stubs.o ABSOLUTE
    _printf_longlong_hex                     0x00000000   Number         0  stubs.o ABSOLUTE
    _printf_longlong_oct                     0x00000000   Number         0  stubs.o ABSOLUTE
    _printf_ls                               0x00000000   Number         0  stubs.o ABSOLUTE
    _printf_mbtowc                           0x00000000   Number         0  stubs.o ABSOLUTE
    _printf_n                                0x00000000   Number         0  stubs.o ABSOLUTE
    _printf_o                                0x00000000   Number         0  stubs.o ABSOLUTE
    _printf_p                                0x00000000   Number         0  stubs.o ABSOLUTE
    _printf_percent                          0x00000000   Number         0  stubs.o ABSOLUTE
    _printf_pre_padding                      0x00000000   Number         0  stubs.o ABSOLUTE
    _printf_return_value                     0x00000000   Number         0  stubs.o ABSOLUTE
    _printf_s                                0x00000000   Number         0  stubs.o ABSOLUTE
    _printf_sizespec                         0x00000000   Number         0  stubs.o ABSOLUTE
    _printf_str                              0x00000000   Number         0  stubs.o ABSOLUTE
    _printf_truncate_signed                  0x00000000   Number         0  stubs.o ABSOLUTE
    _printf_truncate_unsigned                0x00000000   Number         0  stubs.o ABSOLUTE
    _printf_u                                0x00000000   Number         0  stubs.o ABSOLUTE
    _printf_wc                               0x00000000   Number         0  stubs.o ABSOLUTE
    _printf_wctomb                           0x00000000   Number         0  stubs.o ABSOLUTE
    _printf_widthprec                        0x00000000   Number         0  stubs.o ABSOLUTE
    _printf_x                                0x00000000   Number         0  stubs.o ABSOLUTE
    __cpp_initialize__aeabi_                  - Undefined Weak Reference
    __cxa_finalize                            - Undefined Weak Reference
    _clock_init                               - Undefined Weak Reference
    _microlib_exit                            - Undefined Weak Reference
    __Vectors_Size                           0x000000ec   Number         0  startup_stm32f103xb.o ABSOLUTE
    __Vectors                                0x08000000   Data           4  startup_stm32f103xb.o(RESET)
    __Vectors_End                            0x080000ec   Data           0  startup_stm32f103xb.o(RESET)
    __main                                   0x080000ed   Thumb Code     0  entry.o(.ARM.Collect$$$$00000000)
    _main_stk                                0x080000ed   Thumb Code     0  entry2.o(.ARM.Collect$$$$00000001)
    _main_scatterload                        0x080000f1   Thumb Code     0  entry5.o(.ARM.Collect$$$$00000004)
    __main_after_scatterload                 0x080000f5   Thumb Code     0  entry5.o(.ARM.Collect$$$$00000004)
    _main_clock                              0x080000f5   Thumb Code     0  entry7b.o(.ARM.Collect$$$$00000008)
    _main_cpp_init                           0x080000f5   Thumb Code     0  entry8b.o(.ARM.Collect$$$$0000000A)
    _main_init                               0x080000f5   Thumb Code     0  entry9a.o(.ARM.Collect$$$$0000000B)
    __rt_final_cpp                           0x080000fd   Thumb Code     0  entry10a.o(.ARM.Collect$$$$0000000D)
    __rt_final_exit                          0x080000fd   Thumb Code     0  entry11a.o(.ARM.Collect$$$$0000000F)
    Reset_Handler                            0x08000101   Thumb Code     8  startup_stm32f103xb.o(.text)
    ADC1_2_IRQHandler                        0x0800011b   Thumb Code     0  startup_stm32f103xb.o(.text)
    CAN1_RX1_IRQHandler                      0x0800011b   Thumb Code     0  startup_stm32f103xb.o(.text)
    CAN1_SCE_IRQHandler                      0x0800011b   Thumb Code     0  startup_stm32f103xb.o(.text)
    DMA1_Channel1_IRQHandler                 0x0800011b   Thumb Code     0  startup_stm32f103xb.o(.text)
    DMA1_Channel2_IRQHandler                 0x0800011b   Thumb Code     0  startup_stm32f103xb.o(.text)
    DMA1_Channel3_IRQHandler                 0x0800011b   Thumb Code     0  startup_stm32f103xb.o(.text)
    DMA1_Channel4_IRQHandler                 0x0800011b   Thumb Code     0  startup_stm32f103xb.o(.text)
    DMA1_Channel5_IRQHandler                 0x0800011b   Thumb Code     0  startup_stm32f103xb.o(.text)
    DMA1_Channel6_IRQHandler                 0x0800011b   Thumb Code     0  startup_stm32f103xb.o(.text)
    DMA1_Channel7_IRQHandler                 0x0800011b   Thumb Code     0  startup_stm32f103xb.o(.text)
    EXTI0_IRQHandler                         0x0800011b   Thumb Code     0  startup_stm32f103xb.o(.text)
    EXTI15_10_IRQHandler                     0x0800011b   Thumb Code     0  startup_stm32f103xb.o(.text)
    EXTI1_IRQHandler                         0x0800011b   Thumb Code     0  startup_stm32f103xb.o(.text)
    EXTI2_IRQHandler                         0x0800011b   Thumb Code     0  startup_stm32f103xb.o(.text)
    EXTI3_IRQHandler                         0x0800011b   Thumb Code     0  startup_stm32f103xb.o(.text)
    EXTI4_IRQHandler                         0x0800011b   Thumb Code     0  startup_stm32f103xb.o(.text)
    EXTI9_5_IRQHandler                       0x0800011b   Thumb Code     0  startup_stm32f103xb.o(.text)
    FLASH_IRQHandler                         0x0800011b   Thumb Code     0  startup_stm32f103xb.o(.text)
    I2C1_ER_IRQHandler                       0x0800011b   Thumb Code     0  startup_stm32f103xb.o(.text)
    I2C1_EV_IRQHandler                       0x0800011b   Thumb Code     0  startup_stm32f103xb.o(.text)
    I2C2_ER_IRQHandler                       0x0800011b   Thumb Code     0  startup_stm32f103xb.o(.text)
    I2C2_EV_IRQHandler                       0x0800011b   Thumb Code     0  startup_stm32f103xb.o(.text)
    PVD_IRQHandler                           0x0800011b   Thumb Code     0  startup_stm32f103xb.o(.text)
    RCC_IRQHandler                           0x0800011b   Thumb Code     0  startup_stm32f103xb.o(.text)
    RTC_Alarm_IRQHandler                     0x0800011b   Thumb Code     0  startup_stm32f103xb.o(.text)
    RTC_IRQHandler                           0x0800011b   Thumb Code     0  startup_stm32f103xb.o(.text)
    SPI1_IRQHandler                          0x0800011b   Thumb Code     0  startup_stm32f103xb.o(.text)
    SPI2_IRQHandler                          0x0800011b   Thumb Code     0  startup_stm32f103xb.o(.text)
    TAMPER_IRQHandler                        0x0800011b   Thumb Code     0  startup_stm32f103xb.o(.text)
    TIM1_BRK_IRQHandler                      0x0800011b   Thumb Code     0  startup_stm32f103xb.o(.text)
    TIM1_CC_IRQHandler                       0x0800011b   Thumb Code     0  startup_stm32f103xb.o(.text)
    TIM1_TRG_COM_IRQHandler                  0x0800011b   Thumb Code     0  startup_stm32f103xb.o(.text)
    TIM1_UP_IRQHandler                       0x0800011b   Thumb Code     0  startup_stm32f103xb.o(.text)
    TIM3_IRQHandler                          0x0800011b   Thumb Code     0  startup_stm32f103xb.o(.text)
    TIM4_IRQHandler                          0x0800011b   Thumb Code     0  startup_stm32f103xb.o(.text)
    USART1_IRQHandler                        0x0800011b   Thumb Code     0  startup_stm32f103xb.o(.text)
    USART2_IRQHandler                        0x0800011b   Thumb Code     0  startup_stm32f103xb.o(.text)
    USART3_IRQHandler                        0x0800011b   Thumb Code     0  startup_stm32f103xb.o(.text)
    USBWakeUp_IRQHandler                     0x0800011b   Thumb Code     0  startup_stm32f103xb.o(.text)
    USB_HP_CAN1_TX_IRQHandler                0x0800011b   Thumb Code     0  startup_stm32f103xb.o(.text)
    WWDG_IRQHandler                          0x0800011b   Thumb Code     0  startup_stm32f103xb.o(.text)
    __aeabi_memcpy                           0x08000125   Thumb Code    36  memcpya.o(.text)
    __aeabi_memcpy4                          0x08000125   Thumb Code     0  memcpya.o(.text)
    __aeabi_memcpy8                          0x08000125   Thumb Code     0  memcpya.o(.text)
    __aeabi_memset                           0x08000149   Thumb Code    14  memseta.o(.text)
    __aeabi_memset4                          0x08000149   Thumb Code     0  memseta.o(.text)
    __aeabi_memset8                          0x08000149   Thumb Code     0  memseta.o(.text)
    __aeabi_memclr                           0x08000157   Thumb Code     4  memseta.o(.text)
    __aeabi_memclr4                          0x08000157   Thumb Code     0  memseta.o(.text)
    __aeabi_memclr8                          0x08000157   Thumb Code     0  memseta.o(.text)
    _memset$wrapper                          0x0800015b   Thumb Code    18  memseta.o(.text)
    strlen                                   0x0800016d   Thumb Code    14  strlen.o(.text)
    __scatterload                            0x0800017d   Thumb Code    28  init.o(.text)
    __scatterload_rt2                        0x0800017d   Thumb Code     0  init.o(.text)
    __decompress                             0x080001a1   Thumb Code     0  __dczerorl2.o(.text)
    __decompress1                            0x080001a1   Thumb Code    86  __dczerorl2.o(.text)
    BusFault_Handler                         0x080001f7   Thumb Code     2  stm32f1xx_it.o(i.BusFault_Handler)
    CDC_Transmit_FS                          0x0800023d   Thumb Code    38  usbd_cdc_if.o(i.CDC_Transmit_FS)
    DebugMon_Handler                         0x08000269   Thumb Code     2  stm32f1xx_it.o(i.DebugMon_Handler)
    Error_Handler                            0x08000295   Thumb Code     2  main.o(i.Error_Handler)
    HAL_Delay                                0x08000299   Thumb Code    32  stm32f1xx_hal.o(i.HAL_Delay)
    HAL_GPIO_Init                            0x080002bd   Thumb Code   446  stm32f1xx_hal_gpio.o(i.HAL_GPIO_Init)
    HAL_GPIO_WritePin                        0x0800049d   Thumb Code    10  stm32f1xx_hal_gpio.o(i.HAL_GPIO_WritePin)
    HAL_GetTick                              0x080004a9   Thumb Code     6  stm32f1xx_hal.o(i.HAL_GetTick)
    HAL_IncTick                              0x080004b5   Thumb Code    12  stm32f1xx_hal.o(i.HAL_IncTick)
    HAL_Init                                 0x080004c5   Thumb Code    32  stm32f1xx_hal.o(i.HAL_Init)
    HAL_InitTick                             0x080004e9   Thumb Code    54  stm32f1xx_hal.o(i.HAL_InitTick)
    HAL_MspInit                              0x08000529   Thumb Code    52  stm32f1xx_hal_msp.o(i.HAL_MspInit)
    HAL_NVIC_EnableIRQ                       0x08000565   Thumb Code    26  stm32f1xx_hal_cortex.o(i.HAL_NVIC_EnableIRQ)
    HAL_NVIC_SetPriority                     0x08000581   Thumb Code    60  stm32f1xx_hal_cortex.o(i.HAL_NVIC_SetPriority)
    HAL_NVIC_SetPriorityGrouping             0x080005c1   Thumb Code    26  stm32f1xx_hal_cortex.o(i.HAL_NVIC_SetPriorityGrouping)
    HAL_PCDEx_PMAConfig                      0x080005e5   Thumb Code    52  stm32f1xx_hal_pcd_ex.o(i.HAL_PCDEx_PMAConfig)
    HAL_PCDEx_SetConnectionState             0x08000619   Thumb Code     2  usbd_conf.o(i.HAL_PCDEx_SetConnectionState)
    HAL_PCD_DataInStageCallback              0x0800061b   Thumb Code    14  usbd_conf.o(i.HAL_PCD_DataInStageCallback)
    HAL_PCD_DataOutStageCallback             0x08000629   Thumb Code    16  usbd_conf.o(i.HAL_PCD_DataOutStageCallback)
    HAL_PCD_EP_Close                         0x08000639   Thumb Code    72  stm32f1xx_hal_pcd.o(i.HAL_PCD_EP_Close)
    HAL_PCD_EP_ClrStall                      0x08000681   Thumb Code    88  stm32f1xx_hal_pcd.o(i.HAL_PCD_EP_ClrStall)
    HAL_PCD_EP_GetRxCount                    0x080006d9   Thumb Code    14  stm32f1xx_hal_pcd.o(i.HAL_PCD_EP_GetRxCount)
    HAL_PCD_EP_Open                          0x080006e7   Thumb Code    92  stm32f1xx_hal_pcd.o(i.HAL_PCD_EP_Open)
    HAL_PCD_EP_Receive                       0x08000743   Thumb Code    46  stm32f1xx_hal_pcd.o(i.HAL_PCD_EP_Receive)
    HAL_PCD_EP_SetStall                      0x08000771   Thumb Code   106  stm32f1xx_hal_pcd.o(i.HAL_PCD_EP_SetStall)
    HAL_PCD_EP_Transmit                      0x080007db   Thumb Code    42  stm32f1xx_hal_pcd.o(i.HAL_PCD_EP_Transmit)
    HAL_PCD_IRQHandler                       0x08000805   Thumb Code   278  stm32f1xx_hal_pcd.o(i.HAL_PCD_IRQHandler)
    HAL_PCD_Init                             0x0800091d   Thumb Code   210  stm32f1xx_hal_pcd.o(i.HAL_PCD_Init)
    HAL_PCD_MspInit                          0x080009f1   Thumb Code    50  usbd_conf.o(i.HAL_PCD_MspInit)
    HAL_PCD_ResetCallback                    0x08000a2d   Thumb Code    38  usbd_conf.o(i.HAL_PCD_ResetCallback)
    HAL_PCD_ResumeCallback                   0x08000a53   Thumb Code     8  usbd_conf.o(i.HAL_PCD_ResumeCallback)
    HAL_PCD_SOFCallback                      0x08000a5b   Thumb Code     8  usbd_conf.o(i.HAL_PCD_SOFCallback)
    HAL_PCD_SetAddress                       0x08000a63   Thumb Code    40  stm32f1xx_hal_pcd.o(i.HAL_PCD_SetAddress)
    HAL_PCD_SetupStageCallback               0x08000a8b   Thumb Code    14  usbd_conf.o(i.HAL_PCD_SetupStageCallback)
    HAL_PCD_Start                            0x08000a99   Thumb Code    50  stm32f1xx_hal_pcd.o(i.HAL_PCD_Start)
    HAL_PCD_SuspendCallback                  0x08000acd   Thumb Code    30  usbd_conf.o(i.HAL_PCD_SuspendCallback)
    HAL_SPI_Init                             0x08000af1   Thumb Code   124  stm32f1xx_hal_spi.o(i.HAL_SPI_Init)
    HAL_SPI_MspInit                          0x08000b6d   Thumb Code    98  spi.o(i.HAL_SPI_MspInit)
    HAL_SPI_Transmit                         0x08000bdd   Thumb Code   348  stm32f1xx_hal_spi.o(i.HAL_SPI_Transmit)
    HAL_SPI_TransmitReceive                  0x08000d39   Thumb Code   482  stm32f1xx_hal_spi.o(i.HAL_SPI_TransmitReceive)
    HAL_SYSTICK_Config                       0x08000f1b   Thumb Code    40  stm32f1xx_hal_cortex.o(i.HAL_SYSTICK_Config)
    HAL_TIMEx_BreakCallback                  0x08000f43   Thumb Code     2  stm32f1xx_hal_tim_ex.o(i.HAL_TIMEx_BreakCallback)
    HAL_TIMEx_CommutCallback                 0x08000f45   Thumb Code     2  stm32f1xx_hal_tim_ex.o(i.HAL_TIMEx_CommutCallback)
    HAL_TIMEx_MasterConfigSynchronization    0x08000f47   Thumb Code    66  stm32f1xx_hal_tim_ex.o(i.HAL_TIMEx_MasterConfigSynchronization)
    HAL_TIM_Base_Init                        0x08000f89   Thumb Code    54  stm32f1xx_hal_tim.o(i.HAL_TIM_Base_Init)
    HAL_TIM_Base_MspInit                     0x08000fc1   Thumb Code    50  tim.o(i.HAL_TIM_Base_MspInit)
    HAL_TIM_ConfigClockSource                0x08000ff9   Thumb Code   214  stm32f1xx_hal_tim.o(i.HAL_TIM_ConfigClockSource)
    HAL_TIM_IC_CaptureCallback               0x080010cf   Thumb Code     2  stm32f1xx_hal_tim.o(i.HAL_TIM_IC_CaptureCallback)
    HAL_TIM_IRQHandler                       0x080010d1   Thumb Code   358  stm32f1xx_hal_tim.o(i.HAL_TIM_IRQHandler)
    HAL_TIM_OC_DelayElapsedCallback          0x08001237   Thumb Code     2  stm32f1xx_hal_tim.o(i.HAL_TIM_OC_DelayElapsedCallback)
    HAL_TIM_PWM_PulseFinishedCallback        0x08001239   Thumb Code     2  stm32f1xx_hal_tim.o(i.HAL_TIM_PWM_PulseFinishedCallback)
    HAL_TIM_PeriodElapsedCallback            0x0800123b   Thumb Code     2  stm32f1xx_hal_tim.o(i.HAL_TIM_PeriodElapsedCallback)
    HAL_TIM_TriggerCallback                  0x0800123d   Thumb Code     2  stm32f1xx_hal_tim.o(i.HAL_TIM_TriggerCallback)
    HardFault_Handler                        0x0800123f   Thumb Code     2  stm32f1xx_it.o(i.HardFault_Handler)
    LL_GPIO_Init                             0x08001291   Thumb Code   240  stm32f1xx_ll_gpio.o(i.LL_GPIO_Init)
    LL_RTC_EnterInitMode                     0x08001381   Thumb Code    66  stm32f1xx_ll_rtc.o(i.LL_RTC_EnterInitMode)
    LL_RTC_ExitInitMode                      0x080013c3   Thumb Code    66  stm32f1xx_ll_rtc.o(i.LL_RTC_ExitInitMode)
    LL_RTC_Init                              0x08001405   Thumb Code   114  stm32f1xx_ll_rtc.o(i.LL_RTC_Init)
    LL_RTC_WaitForSynchro                    0x0800147d   Thumb Code    66  stm32f1xx_ll_rtc.o(i.LL_RTC_WaitForSynchro)
    LL_SetSystemCoreClock                    0x080014c1   Thumb Code     6  stm32f1xx_ll_utils.o(i.LL_SetSystemCoreClock)
    MX_GPIO_Init                             0x080014cd   Thumb Code   110  gpio.o(i.MX_GPIO_Init)
    MX_RTC_Init                              0x08001549   Thumb Code    80  rtc.o(i.MX_RTC_Init)
    MX_SPI1_Init                             0x080015a5   Thumb Code    62  spi.o(i.MX_SPI1_Init)
    MX_TIM2_Init                             0x080015ed   Thumb Code   100  tim.o(i.MX_TIM2_Init)
    MX_USB_DEVICE_Init                       0x08001655   Thumb Code    66  usb_device.o(i.MX_USB_DEVICE_Init)
    MemManage_Handler                        0x080016a9   Thumb Code     2  stm32f1xx_it.o(i.MemManage_Handler)
    NMI_Handler                              0x080016ab   Thumb Code     2  stm32f1xx_it.o(i.NMI_Handler)
    NRF24L01_RX_Mode                         0x080016ad   Thumb Code    46  nrf24.o(i.NRF24L01_RX_Mode)
    NRF24_FlushRX                            0x080016e1   Thumb Code    52  nrf24.o(i.NRF24_FlushRX)
    NRF24_FlushTX                            0x08001721   Thumb Code    52  nrf24.o(i.NRF24_FlushTX)
    NRF24_ReadReg                            0x08001761   Thumb Code    86  nrf24.o(i.NRF24_ReadReg)
    NRF24_ToggleFeatures                     0x080017c1   Thumb Code    72  nrf24.o(i.NRF24_ToggleFeatures)
    NRF24_WriteReg                           0x08001815   Thumb Code    66  nrf24.o(i.NRF24_WriteReg)
    NRF24_Write_Buf                          0x08001861   Thumb Code    76  nrf24.o(i.NRF24_Write_Buf)
    NRF24_ini                                0x080018b5   Thumb Code   160  nrf24.o(i.NRF24_ini)
    PendSV_Handler                           0x08001c23   Thumb Code     2  stm32f1xx_it.o(i.PendSV_Handler)
    SVC_Handler                              0x08001cd9   Thumb Code     2  stm32f1xx_it.o(i.SVC_Handler)
    SysTick_Handler                          0x08001cdb   Thumb Code     4  stm32f1xx_it.o(i.SysTick_Handler)
    SystemClock_Config                       0x08001ce1   Thumb Code   182  main.o(i.SystemClock_Config)
    SystemInit                               0x08001da9   Thumb Code    56  system_stm32f1xx.o(i.SystemInit)
    TIM2_IRQHandler                          0x08001df1   Thumb Code     6  stm32f1xx_it.o(i.TIM2_IRQHandler)
    TIM_Base_SetConfig                       0x08001dfd   Thumb Code    94  stm32f1xx_hal_tim.o(i.TIM_Base_SetConfig)
    TIM_ETR_SetConfig                        0x08001e69   Thumb Code    20  stm32f1xx_hal_tim.o(i.TIM_ETR_SetConfig)
    USBD_CDC_GetDeviceQualifierDescriptor    0x08001fb1   Thumb Code     8  usbd_cdc.o(i.USBD_CDC_GetDeviceQualifierDescriptor)
    USBD_CDC_ReceivePacket                   0x08002075   Thumb Code    40  usbd_cdc.o(i.USBD_CDC_ReceivePacket)
    USBD_CDC_RegisterInterface               0x0800209d   Thumb Code    16  usbd_cdc.o(i.USBD_CDC_RegisterInterface)
    USBD_CDC_SetRxBuffer                     0x080020ad   Thumb Code    12  usbd_cdc.o(i.USBD_CDC_SetRxBuffer)
    USBD_CDC_SetTxBuffer                     0x080020b9   Thumb Code    16  usbd_cdc.o(i.USBD_CDC_SetTxBuffer)
    USBD_CDC_TransmitPacket                  0x08002175   Thumb Code    54  usbd_cdc.o(i.USBD_CDC_TransmitPacket)
    USBD_ClrClassConfig                      0x080021ab   Thumb Code    14  usbd_core.o(i.USBD_ClrClassConfig)
    USBD_CtlContinueRx                       0x080021b9   Thumb Code    16  usbd_ioreq.o(i.USBD_CtlContinueRx)
    USBD_CtlContinueSendData                 0x080021c9   Thumb Code    16  usbd_ioreq.o(i.USBD_CtlContinueSendData)
    USBD_CtlError                            0x080021d9   Thumb Code    22  usbd_ctlreq.o(i.USBD_CtlError)
    USBD_CtlPrepareRx                        0x080021ef   Thumb Code    30  usbd_ioreq.o(i.USBD_CtlPrepareRx)
    USBD_CtlReceiveStatus                    0x0800220d   Thumb Code    22  usbd_ioreq.o(i.USBD_CtlReceiveStatus)
    USBD_CtlSendData                         0x08002223   Thumb Code    26  usbd_ioreq.o(i.USBD_CtlSendData)
    USBD_CtlSendStatus                       0x0800223d   Thumb Code    22  usbd_ioreq.o(i.USBD_CtlSendStatus)
    USBD_FS_ConfigStrDescriptor              0x08002255   Thumb Code    16  usbd_desc.o(i.USBD_FS_ConfigStrDescriptor)
    USBD_FS_DeviceDescriptor                 0x08002275   Thumb Code     8  usbd_desc.o(i.USBD_FS_DeviceDescriptor)
    USBD_FS_InterfaceStrDescriptor           0x08002281   Thumb Code    16  usbd_desc.o(i.USBD_FS_InterfaceStrDescriptor)
    USBD_FS_LangIDStrDescriptor              0x080022a5   Thumb Code     8  usbd_desc.o(i.USBD_FS_LangIDStrDescriptor)
    USBD_FS_ManufacturerStrDescriptor        0x080022b1   Thumb Code    16  usbd_desc.o(i.USBD_FS_ManufacturerStrDescriptor)
    USBD_FS_ProductStrDescriptor             0x080022d9   Thumb Code    16  usbd_desc.o(i.USBD_FS_ProductStrDescriptor)
    USBD_FS_SerialStrDescriptor              0x08002305   Thumb Code    48  usbd_desc.o(i.USBD_FS_SerialStrDescriptor)
    USBD_GetString                           0x08002425   Thumb Code    72  usbd_ctlreq.o(i.USBD_GetString)
    USBD_Init                                0x08002485   Thumb Code    42  usbd_core.o(i.USBD_Init)
    USBD_LL_ClearStallEP                     0x080024af   Thumb Code    18  usbd_conf.o(i.USBD_LL_ClearStallEP)
    USBD_LL_CloseEP                          0x080024c1   Thumb Code    18  usbd_conf.o(i.USBD_LL_CloseEP)
    USBD_LL_DataInStage                      0x080024d3   Thumb Code   198  usbd_core.o(i.USBD_LL_DataInStage)
    USBD_LL_DataOutStage                     0x08002599   Thumb Code   130  usbd_core.o(i.USBD_LL_DataOutStage)
    USBD_LL_GetRxDataSize                    0x0800261b   Thumb Code     8  usbd_conf.o(i.USBD_LL_GetRxDataSize)
    USBD_LL_Init                             0x08002625   Thumb Code   118  usbd_conf.o(i.USBD_LL_Init)
    USBD_LL_IsStallEP                        0x080026a5   Thumb Code    28  usbd_conf.o(i.USBD_LL_IsStallEP)
    USBD_LL_OpenEP                           0x080026c1   Thumb Code    24  usbd_conf.o(i.USBD_LL_OpenEP)
    USBD_LL_PrepareReceive                   0x080026d9   Thumb Code    18  usbd_conf.o(i.USBD_LL_PrepareReceive)
    USBD_LL_Reset                            0x080026eb   Thumb Code    80  usbd_core.o(i.USBD_LL_Reset)
    USBD_LL_Resume                           0x0800273b   Thumb Code    20  usbd_core.o(i.USBD_LL_Resume)
    USBD_LL_SOF                              0x0800274f   Thumb Code    24  usbd_core.o(i.USBD_LL_SOF)
    USBD_LL_SetSpeed                         0x08002767   Thumb Code     6  usbd_core.o(i.USBD_LL_SetSpeed)
    USBD_LL_SetUSBAddress                    0x0800276d   Thumb Code    18  usbd_conf.o(i.USBD_LL_SetUSBAddress)
    USBD_LL_SetupStage                       0x0800277f   Thumb Code    90  usbd_core.o(i.USBD_LL_SetupStage)
    USBD_LL_StallEP                          0x080027d9   Thumb Code    18  usbd_conf.o(i.USBD_LL_StallEP)
    USBD_LL_Start                            0x080027eb   Thumb Code    18  usbd_conf.o(i.USBD_LL_Start)
    USBD_LL_Suspend                          0x080027fd   Thumb Code    18  usbd_core.o(i.USBD_LL_Suspend)
    USBD_LL_Transmit                         0x0800280f   Thumb Code    18  usbd_conf.o(i.USBD_LL_Transmit)
    USBD_ParseSetupRequest                   0x08002821   Thumb Code    40  usbd_ctlreq.o(i.USBD_ParseSetupRequest)
    USBD_RegisterClass                       0x08002849   Thumb Code    16  usbd_core.o(i.USBD_RegisterClass)
    USBD_SetClassConfig                      0x08002859   Thumb Code    22  usbd_core.o(i.USBD_SetClassConfig)
    USBD_Start                               0x080028f5   Thumb Code    10  usbd_core.o(i.USBD_Start)
    USBD_StdDevReq                           0x080028ff   Thumb Code   274  usbd_ctlreq.o(i.USBD_StdDevReq)
    USBD_StdEPReq                            0x08002a11   Thumb Code   336  usbd_ctlreq.o(i.USBD_StdEPReq)
    USBD_StdItfReq                           0x08002b61   Thumb Code    78  usbd_ctlreq.o(i.USBD_StdItfReq)
    USBD_static_free                         0x08002baf   Thumb Code     2  usbd_conf.o(i.USBD_static_free)
    USBD_static_malloc                       0x08002bb1   Thumb Code     4  usbd_conf.o(i.USBD_static_malloc)
    USB_ActivateEndpoint                     0x08002bb9   Thumb Code   614  stm32f1xx_ll_usb.o(i.USB_ActivateEndpoint)
    USB_CoreInit                             0x08002e1f   Thumb Code     4  stm32f1xx_ll_usb.o(i.USB_CoreInit)
    USB_DeactivateEndpoint                   0x08002e23   Thumb Code   270  stm32f1xx_ll_usb.o(i.USB_DeactivateEndpoint)
    USB_DevConnect                           0x08002f31   Thumb Code     4  stm32f1xx_ll_usb.o(i.USB_DevConnect)
    USB_DevDisconnect                        0x08002f35   Thumb Code     4  stm32f1xx_ll_usb.o(i.USB_DevDisconnect)
    USB_DevInit                              0x08002f39   Thumb Code    30  stm32f1xx_ll_usb.o(i.USB_DevInit)
    USB_DisableGlobalInt                     0x08002f57   Thumb Code    14  stm32f1xx_ll_usb.o(i.USB_DisableGlobalInt)
    USB_EP0_OutStart                         0x08002f65   Thumb Code     4  stm32f1xx_ll_usb.o(i.USB_EP0_OutStart)
    USB_EPClearStall                         0x08002f69   Thumb Code   120  stm32f1xx_ll_usb.o(i.USB_EPClearStall)
    USB_EPSetStall                           0x08002fe1   Thumb Code    50  stm32f1xx_ll_usb.o(i.USB_EPSetStall)
    USB_EPStartXfer                          0x08003013   Thumb Code   412  stm32f1xx_ll_usb.o(i.USB_EPStartXfer)
    USB_EnableGlobalInt                      0x080031af   Thumb Code    14  stm32f1xx_ll_usb.o(i.USB_EnableGlobalInt)
    USB_LP_CAN1_RX0_IRQHandler               0x080031bd   Thumb Code     6  stm32f1xx_it.o(i.USB_LP_CAN1_RX0_IRQHandler)
    USB_ReadInterrupts                       0x080031c9   Thumb Code     6  stm32f1xx_ll_usb.o(i.USB_ReadInterrupts)
    USB_ReadPMA                              0x080031d1   Thumb Code    44  stm32f1xx_ll_usb.o(i.USB_ReadPMA)
    USB_SetCurrentMode                       0x080031fd   Thumb Code     4  stm32f1xx_ll_usb.o(i.USB_SetCurrentMode)
    USB_SetDevAddress                        0x08003201   Thumb Code    12  stm32f1xx_ll_usb.o(i.USB_SetDevAddress)
    USB_WritePMA                             0x0800320d   Thumb Code    38  stm32f1xx_ll_usb.o(i.USB_WritePMA)
    UsageFault_Handler                       0x08003233   Thumb Code     2  stm32f1xx_it.o(i.UsageFault_Handler)
    __scatterload_copy                       0x08003255   Thumb Code    14  handlers.o(i.__scatterload_copy)
    __scatterload_null                       0x08003263   Thumb Code     2  handlers.o(i.__scatterload_null)
    __scatterload_zeroinit                   0x08003265   Thumb Code    14  handlers.o(i.__scatterload_zeroinit)
    main                                     0x08003275   Thumb Code    74  main.o(i.main)
    Region$$Table$$Base                      0x080032c8   Number         0  anon$$obj.o(Region$$Table)
    Region$$Table$$Limit                     0x080032e8   Number         0  anon$$obj.o(Region$$Table)
    FS_Desc                                  0x20000000   Data          28  usbd_desc.o(.data)
    USBD_LangIDDesc                          0x2000001c   Data           4  usbd_desc.o(.data)
    USBD_FS_DeviceDesc                       0x20000020   Data          18  usbd_desc.o(.data)
    USBD_StringSerial                        0x20000034   Data          26  usbd_desc.o(.data)
    USBD_Interface_fops_FS                   0x20000050   Data          16  usbd_cdc_if.o(.data)
    TX_ADDRESS                               0x20000060   Data           3  nrf24.o(.data)
    uwTickFreq                               0x20000064   Data           1  stm32f1xx_hal.o(.data)
    uwTickPrio                               0x20000068   Data           4  stm32f1xx_hal.o(.data)
    uwTick                                   0x2000006c   Data           4  stm32f1xx_hal.o(.data)
    SystemCoreClock                          0x20000070   Data           4  system_stm32f1xx.o(.data)
    USBD_CDC_CfgHSDesc                       0x20000084   Data          67  usbd_cdc.o(.data)
    USBD_CDC_CfgFSDesc                       0x200000c8   Data          67  usbd_cdc.o(.data)
    USBD_CDC_OtherSpeedCfgDesc               0x2000010c   Data          67  usbd_cdc.o(.data)
    USBD_CDC                                 0x20000150   Data          56  usbd_cdc.o(.data)
    str_tx                                   0x20000188   Data          21  main.o(.bss)
    hspi1                                    0x200001a0   Data          88  spi.o(.bss)
    htim2                                    0x200001f8   Data          64  tim.o(.bss)
    hUsbDeviceFS                             0x20000238   Data         708  usb_device.o(.bss)
    hpcd_USB_FS                              0x2000071c   Data         620  usbd_conf.o(.bss)
    USBD_StrDesc                             0x20000988   Data         512  usbd_desc.o(.bss)
    UserRxBufferFS                           0x20000b88   Data          64  usbd_cdc_if.o(.bss)
    UserTxBufferFS                           0x20000bc8   Data          64  usbd_cdc_if.o(.bss)
    __initial_sp                             0x20001408   Data           0  startup_stm32f103xb.o(STACK)



==============================================================================

Memory Map of the image

  Image Entry point : 0x080000ed

  Load Region LR_IROM1 (Base: 0x08000000, Size: 0x00003470, Max: 0x00010000, ABSOLUTE, COMPRESSED[0x000033ac])

    Execution Region ER_IROM1 (Exec base: 0x08000000, Load base: 0x08000000, Size: 0x000032e8, Max: 0x00010000, ABSOLUTE)

    Exec Addr    Load Addr    Size         Type   Attr      Idx    E Section Name        Object

    0x08000000   0x08000000   0x000000ec   Data   RO         4075    RESET               startup_stm32f103xb.o
    0x080000ec   0x080000ec   0x00000000   Code   RO         4449  * .ARM.Collect$$$$00000000  mc_w.l(entry.o)
    0x080000ec   0x080000ec   0x00000004   Code   RO         4723    .ARM.Collect$$$$00000001  mc_w.l(entry2.o)
    0x080000f0   0x080000f0   0x00000004   Code   RO         4726    .ARM.Collect$$$$00000004  mc_w.l(entry5.o)
    0x080000f4   0x080000f4   0x00000000   Code   RO         4728    .ARM.Collect$$$$00000008  mc_w.l(entry7b.o)
    0x080000f4   0x080000f4   0x00000000   Code   RO         4730    .ARM.Collect$$$$0000000A  mc_w.l(entry8b.o)
    0x080000f4   0x080000f4   0x00000008   Code   RO         4731    .ARM.Collect$$$$0000000B  mc_w.l(entry9a.o)
    0x080000fc   0x080000fc   0x00000000   Code   RO         4733    .ARM.Collect$$$$0000000D  mc_w.l(entry10a.o)
    0x080000fc   0x080000fc   0x00000000   Code   RO         4735    .ARM.Collect$$$$0000000F  mc_w.l(entry11a.o)
    0x080000fc   0x080000fc   0x00000004   Code   RO         4724    .ARM.Collect$$$$00002712  mc_w.l(entry2.o)
    0x08000100   0x08000100   0x00000024   Code   RO         4076    .text               startup_stm32f103xb.o
    0x08000124   0x08000124   0x00000024   Code   RO         4454    .text               mc_w.l(memcpya.o)
    0x08000148   0x08000148   0x00000024   Code   RO         4456    .text               mc_w.l(memseta.o)
    0x0800016c   0x0800016c   0x0000000e   Code   RO         4458    .text               mc_w.l(strlen.o)
    0x0800017a   0x0800017a   0x00000002   PAD
    0x0800017c   0x0800017c   0x00000024   Code   RO         4755    .text               mc_w.l(init.o)
    0x080001a0   0x080001a0   0x00000056   Code   RO         4773    .text               mc_w.l(__dczerorl2.o)
    0x080001f6   0x080001f6   0x00000002   Code   RO          767    i.BusFault_Handler  stm32f1xx_it.o
    0x080001f8   0x080001f8   0x00000004   Code   RO          715    i.CDC_Control_FS    usbd_cdc_if.o
    0x080001fc   0x080001fc   0x00000004   Code   RO          716    i.CDC_DeInit_FS     usbd_cdc_if.o
    0x08000200   0x08000200   0x00000024   Code   RO          717    i.CDC_Init_FS       usbd_cdc_if.o
    0x08000224   0x08000224   0x00000018   Code   RO          718    i.CDC_Receive_FS    usbd_cdc_if.o
    0x0800023c   0x0800023c   0x0000002c   Code   RO          719    i.CDC_Transmit_FS   usbd_cdc_if.o
    0x08000268   0x08000268   0x00000002   Code   RO          768    i.DebugMon_Handler  stm32f1xx_it.o
    0x0800026a   0x0800026a   0x00000002   PAD
    0x0800026c   0x0800026c   0x00000028   Code   RO          879    i.DelayMicro        nrf24.o
    0x08000294   0x08000294   0x00000002   Code   RO            4    i.Error_Handler     main.o
    0x08000296   0x08000296   0x00000002   PAD
    0x08000298   0x08000298   0x00000024   Code   RO         1724    i.HAL_Delay         stm32f1xx_hal.o
    0x080002bc   0x080002bc   0x000001e0   Code   RO         2032    i.HAL_GPIO_Init     stm32f1xx_hal_gpio.o
    0x0800049c   0x0800049c   0x0000000a   Code   RO         2036    i.HAL_GPIO_WritePin  stm32f1xx_hal_gpio.o
    0x080004a6   0x080004a6   0x00000002   PAD
    0x080004a8   0x080004a8   0x0000000c   Code   RO         1728    i.HAL_GetTick       stm32f1xx_hal.o
    0x080004b4   0x080004b4   0x00000010   Code   RO         1734    i.HAL_IncTick       stm32f1xx_hal.o
    0x080004c4   0x080004c4   0x00000024   Code   RO         1735    i.HAL_Init          stm32f1xx_hal.o
    0x080004e8   0x080004e8   0x00000040   Code   RO         1736    i.HAL_InitTick      stm32f1xx_hal.o
    0x08000528   0x08000528   0x0000003c   Code   RO          855    i.HAL_MspInit       stm32f1xx_hal_msp.o
    0x08000564   0x08000564   0x0000001a   Code   RO         2192    i.HAL_NVIC_EnableIRQ  stm32f1xx_hal_cortex.o
    0x0800057e   0x0800057e   0x00000002   PAD
    0x08000580   0x08000580   0x00000040   Code   RO         2198    i.HAL_NVIC_SetPriority  stm32f1xx_hal_cortex.o
    0x080005c0   0x080005c0   0x00000024   Code   RO         2199    i.HAL_NVIC_SetPriorityGrouping  stm32f1xx_hal_cortex.o
    0x080005e4   0x080005e4   0x00000034   Code   RO         1290    i.HAL_PCDEx_PMAConfig  stm32f1xx_hal_pcd_ex.o
    0x08000618   0x08000618   0x00000002   Code   RO          417    i.HAL_PCDEx_SetConnectionState  usbd_conf.o
    0x0800061a   0x0800061a   0x0000000e   Code   RO          419    i.HAL_PCD_DataInStageCallback  usbd_conf.o
    0x08000628   0x08000628   0x00000010   Code   RO          420    i.HAL_PCD_DataOutStageCallback  usbd_conf.o
    0x08000638   0x08000638   0x00000048   Code   RO         1082    i.HAL_PCD_EP_Close  stm32f1xx_hal_pcd.o
    0x08000680   0x08000680   0x00000058   Code   RO         1083    i.HAL_PCD_EP_ClrStall  stm32f1xx_hal_pcd.o
    0x080006d8   0x080006d8   0x0000000e   Code   RO         1085    i.HAL_PCD_EP_GetRxCount  stm32f1xx_hal_pcd.o
    0x080006e6   0x080006e6   0x0000005c   Code   RO         1086    i.HAL_PCD_EP_Open   stm32f1xx_hal_pcd.o
    0x08000742   0x08000742   0x0000002e   Code   RO         1087    i.HAL_PCD_EP_Receive  stm32f1xx_hal_pcd.o
    0x08000770   0x08000770   0x0000006a   Code   RO         1088    i.HAL_PCD_EP_SetStall  stm32f1xx_hal_pcd.o
    0x080007da   0x080007da   0x0000002a   Code   RO         1089    i.HAL_PCD_EP_Transmit  stm32f1xx_hal_pcd.o
    0x08000804   0x08000804   0x00000116   Code   RO         1091    i.HAL_PCD_IRQHandler  stm32f1xx_hal_pcd.o
    0x0800091a   0x0800091a   0x00000002   PAD
    0x0800091c   0x0800091c   0x000000d2   Code   RO         1094    i.HAL_PCD_Init      stm32f1xx_hal_pcd.o
    0x080009ee   0x080009ee   0x00000002   PAD
    0x080009f0   0x080009f0   0x0000003c   Code   RO          425    i.HAL_PCD_MspInit   usbd_conf.o
    0x08000a2c   0x08000a2c   0x00000026   Code   RO          426    i.HAL_PCD_ResetCallback  usbd_conf.o
    0x08000a52   0x08000a52   0x00000008   Code   RO          427    i.HAL_PCD_ResumeCallback  usbd_conf.o
    0x08000a5a   0x08000a5a   0x00000008   Code   RO          428    i.HAL_PCD_SOFCallback  usbd_conf.o
    0x08000a62   0x08000a62   0x00000028   Code   RO         1100    i.HAL_PCD_SetAddress  stm32f1xx_hal_pcd.o
    0x08000a8a   0x08000a8a   0x0000000e   Code   RO          429    i.HAL_PCD_SetupStageCallback  usbd_conf.o
    0x08000a98   0x08000a98   0x00000032   Code   RO         1102    i.HAL_PCD_Start     stm32f1xx_hal_pcd.o
    0x08000aca   0x08000aca   0x00000002   PAD
    0x08000acc   0x08000acc   0x00000024   Code   RO          430    i.HAL_PCD_SuspendCallback  usbd_conf.o
    0x08000af0   0x08000af0   0x0000007c   Code   RO         2799    i.HAL_SPI_Init      stm32f1xx_hal_spi.o
    0x08000b6c   0x08000b6c   0x00000070   Code   RO          303    i.HAL_SPI_MspInit   spi.o
    0x08000bdc   0x08000bdc   0x0000015c   Code   RO         2807    i.HAL_SPI_Transmit  stm32f1xx_hal_spi.o
    0x08000d38   0x08000d38   0x000001e2   Code   RO         2808    i.HAL_SPI_TransmitReceive  stm32f1xx_hal_spi.o
    0x08000f1a   0x08000f1a   0x00000028   Code   RO         2203    i.HAL_SYSTICK_Config  stm32f1xx_hal_cortex.o
    0x08000f42   0x08000f42   0x00000002   Code   RO         3787    i.HAL_TIMEx_BreakCallback  stm32f1xx_hal_tim_ex.o
    0x08000f44   0x08000f44   0x00000002   Code   RO         3788    i.HAL_TIMEx_CommutCallback  stm32f1xx_hal_tim_ex.o
    0x08000f46   0x08000f46   0x00000042   Code   RO         3805    i.HAL_TIMEx_MasterConfigSynchronization  stm32f1xx_hal_tim_ex.o
    0x08000f88   0x08000f88   0x00000036   Code   RO         3112    i.HAL_TIM_Base_Init  stm32f1xx_hal_tim.o
    0x08000fbe   0x08000fbe   0x00000002   PAD
    0x08000fc0   0x08000fc0   0x00000038   Code   RO          345    i.HAL_TIM_Base_MspInit  tim.o
    0x08000ff8   0x08000ff8   0x000000d6   Code   RO         3121    i.HAL_TIM_ConfigClockSource  stm32f1xx_hal_tim.o
    0x080010ce   0x080010ce   0x00000002   Code   RO         3141    i.HAL_TIM_IC_CaptureCallback  stm32f1xx_hal_tim.o
    0x080010d0   0x080010d0   0x00000166   Code   RO         3155    i.HAL_TIM_IRQHandler  stm32f1xx_hal_tim.o
    0x08001236   0x08001236   0x00000002   Code   RO         3158    i.HAL_TIM_OC_DelayElapsedCallback  stm32f1xx_hal_tim.o
    0x08001238   0x08001238   0x00000002   Code   RO         3185    i.HAL_TIM_PWM_PulseFinishedCallback  stm32f1xx_hal_tim.o
    0x0800123a   0x0800123a   0x00000002   Code   RO         3193    i.HAL_TIM_PeriodElapsedCallback  stm32f1xx_hal_tim.o
    0x0800123c   0x0800123c   0x00000002   Code   RO         3198    i.HAL_TIM_TriggerCallback  stm32f1xx_hal_tim.o
    0x0800123e   0x0800123e   0x00000002   Code   RO          769    i.HardFault_Handler  stm32f1xx_it.o
    0x08001240   0x08001240   0x00000038   Code   RO          629    i.IntToUnicode      usbd_desc.o
    0x08001278   0x08001278   0x00000018   Code   RO          225    i.LL_APB2_GRP1_EnableClock  gpio.o
    0x08001290   0x08001290   0x000000f0   Code   RO         1024    i.LL_GPIO_Init      stm32f1xx_ll_gpio.o
    0x08001380   0x08001380   0x00000042   Code   RO         2696    i.LL_RTC_EnterInitMode  stm32f1xx_ll_rtc.o
    0x080013c2   0x080013c2   0x00000042   Code   RO         2697    i.LL_RTC_ExitInitMode  stm32f1xx_ll_rtc.o
    0x08001404   0x08001404   0x00000078   Code   RO         2698    i.LL_RTC_Init       stm32f1xx_ll_rtc.o
    0x0800147c   0x0800147c   0x00000042   Code   RO         2703    i.LL_RTC_WaitForSynchro  stm32f1xx_ll_rtc.o
    0x080014be   0x080014be   0x00000002   PAD
    0x080014c0   0x080014c0   0x0000000c   Code   RO         1603    i.LL_SetSystemCoreClock  stm32f1xx_ll_utils.o
    0x080014cc   0x080014cc   0x0000007c   Code   RO          226    i.MX_GPIO_Init      gpio.o
    0x08001548   0x08001548   0x0000005c   Code   RO          269    i.MX_RTC_Init       rtc.o
    0x080015a4   0x080015a4   0x00000048   Code   RO          304    i.MX_SPI1_Init      spi.o
    0x080015ec   0x080015ec   0x00000068   Code   RO          346    i.MX_TIM2_Init      tim.o
    0x08001654   0x08001654   0x00000054   Code   RO          386    i.MX_USB_DEVICE_Init  usb_device.o
    0x080016a8   0x080016a8   0x00000002   Code   RO          770    i.MemManage_Handler  stm32f1xx_it.o
    0x080016aa   0x080016aa   0x00000002   Code   RO          771    i.NMI_Handler       stm32f1xx_it.o
    0x080016ac   0x080016ac   0x00000034   Code   RO          880    i.NRF24L01_RX_Mode  nrf24.o
    0x080016e0   0x080016e0   0x00000040   Code   RO          884    i.NRF24_FlushRX     nrf24.o
    0x08001720   0x08001720   0x00000040   Code   RO          885    i.NRF24_FlushTX     nrf24.o
    0x08001760   0x08001760   0x00000060   Code   RO          886    i.NRF24_ReadReg     nrf24.o
    0x080017c0   0x080017c0   0x00000054   Code   RO          888    i.NRF24_ToggleFeatures  nrf24.o
    0x08001814   0x08001814   0x0000004c   Code   RO          890    i.NRF24_WriteReg    nrf24.o
    0x08001860   0x08001860   0x00000054   Code   RO          891    i.NRF24_Write_Buf   nrf24.o
    0x080018b4   0x080018b4   0x000000ac   Code   RO          892    i.NRF24_ini         nrf24.o
    0x08001960   0x08001960   0x000002c2   Code   RO         1105    i.PCD_EP_ISR_Handler  stm32f1xx_hal_pcd.o
    0x08001c22   0x08001c22   0x00000002   Code   RO          772    i.PendSV_Handler    stm32f1xx_it.o
    0x08001c24   0x08001c24   0x00000020   Code   RO         2837    i.SPI_EndRxTxTransaction  stm32f1xx_hal_spi.o
    0x08001c44   0x08001c44   0x00000094   Code   RO         2842    i.SPI_WaitFlagStateUntilTimeout  stm32f1xx_hal_spi.o
    0x08001cd8   0x08001cd8   0x00000002   Code   RO          773    i.SVC_Handler       stm32f1xx_it.o
    0x08001cda   0x08001cda   0x00000004   Code   RO          774    i.SysTick_Handler   stm32f1xx_it.o
    0x08001cde   0x08001cde   0x00000002   PAD
    0x08001ce0   0x08001ce0   0x000000c8   Code   RO            5    i.SystemClock_Config  main.o
    0x08001da8   0x08001da8   0x00000048   Code   RO         4039    i.SystemInit        system_stm32f1xx.o
    0x08001df0   0x08001df0   0x0000000c   Code   RO          775    i.TIM2_IRQHandler   stm32f1xx_it.o
    0x08001dfc   0x08001dfc   0x0000006c   Code   RO         3200    i.TIM_Base_SetConfig  stm32f1xx_hal_tim.o
    0x08001e68   0x08001e68   0x00000014   Code   RO         3211    i.TIM_ETR_SetConfig  stm32f1xx_hal_tim.o
    0x08001e7c   0x08001e7c   0x00000010   Code   RO         3212    i.TIM_ITRx_SetConfig  stm32f1xx_hal_tim.o
    0x08001e8c   0x08001e8c   0x00000022   Code   RO         3218    i.TIM_TI1_ConfigInputStage  stm32f1xx_hal_tim.o
    0x08001eae   0x08001eae   0x00000024   Code   RO         3220    i.TIM_TI2_ConfigInputStage  stm32f1xx_hal_tim.o
    0x08001ed2   0x08001ed2   0x00000046   Code   RO         4346    i.USBD_CDC_DataIn   usbd_cdc.o
    0x08001f18   0x08001f18   0x0000002e   Code   RO         4347    i.USBD_CDC_DataOut  usbd_cdc.o
    0x08001f46   0x08001f46   0x00000044   Code   RO         4348    i.USBD_CDC_DeInit   usbd_cdc.o
    0x08001f8a   0x08001f8a   0x00000024   Code   RO         4349    i.USBD_CDC_EP0_RxReady  usbd_cdc.o
    0x08001fae   0x08001fae   0x00000002   PAD
    0x08001fb0   0x08001fb0   0x0000000c   Code   RO         4350    i.USBD_CDC_GetDeviceQualifierDescriptor  usbd_cdc.o
    0x08001fbc   0x08001fbc   0x0000000c   Code   RO         4351    i.USBD_CDC_GetFSCfgDesc  usbd_cdc.o
    0x08001fc8   0x08001fc8   0x0000000c   Code   RO         4352    i.USBD_CDC_GetHSCfgDesc  usbd_cdc.o
    0x08001fd4   0x08001fd4   0x0000000c   Code   RO         4353    i.USBD_CDC_GetOtherSpeedCfgDesc  usbd_cdc.o
    0x08001fe0   0x08001fe0   0x00000094   Code   RO         4354    i.USBD_CDC_Init     usbd_cdc.o
    0x08002074   0x08002074   0x00000028   Code   RO         4355    i.USBD_CDC_ReceivePacket  usbd_cdc.o
    0x0800209c   0x0800209c   0x00000010   Code   RO         4356    i.USBD_CDC_RegisterInterface  usbd_cdc.o
    0x080020ac   0x080020ac   0x0000000c   Code   RO         4357    i.USBD_CDC_SetRxBuffer  usbd_cdc.o
    0x080020b8   0x080020b8   0x00000010   Code   RO         4358    i.USBD_CDC_SetTxBuffer  usbd_cdc.o
    0x080020c8   0x080020c8   0x000000ac   Code   RO         4359    i.USBD_CDC_Setup    usbd_cdc.o
    0x08002174   0x08002174   0x00000036   Code   RO         4360    i.USBD_CDC_TransmitPacket  usbd_cdc.o
    0x080021aa   0x080021aa   0x0000000e   Code   RO         4083    i.USBD_ClrClassConfig  usbd_core.o
    0x080021b8   0x080021b8   0x00000010   Code   RO         4286    i.USBD_CtlContinueRx  usbd_ioreq.o
    0x080021c8   0x080021c8   0x00000010   Code   RO         4287    i.USBD_CtlContinueSendData  usbd_ioreq.o
    0x080021d8   0x080021d8   0x00000016   Code   RO         4221    i.USBD_CtlError     usbd_ctlreq.o
    0x080021ee   0x080021ee   0x0000001e   Code   RO         4288    i.USBD_CtlPrepareRx  usbd_ioreq.o
    0x0800220c   0x0800220c   0x00000016   Code   RO         4289    i.USBD_CtlReceiveStatus  usbd_ioreq.o
    0x08002222   0x08002222   0x0000001a   Code   RO         4290    i.USBD_CtlSendData  usbd_ioreq.o
    0x0800223c   0x0800223c   0x00000016   Code   RO         4291    i.USBD_CtlSendStatus  usbd_ioreq.o
    0x08002252   0x08002252   0x00000002   PAD
    0x08002254   0x08002254   0x00000020   Code   RO          630    i.USBD_FS_ConfigStrDescriptor  usbd_desc.o
    0x08002274   0x08002274   0x0000000c   Code   RO          631    i.USBD_FS_DeviceDescriptor  usbd_desc.o
    0x08002280   0x08002280   0x00000024   Code   RO          632    i.USBD_FS_InterfaceStrDescriptor  usbd_desc.o
    0x080022a4   0x080022a4   0x0000000c   Code   RO          633    i.USBD_FS_LangIDStrDescriptor  usbd_desc.o
    0x080022b0   0x080022b0   0x00000028   Code   RO          634    i.USBD_FS_ManufacturerStrDescriptor  usbd_desc.o
    0x080022d8   0x080022d8   0x0000002c   Code   RO          635    i.USBD_FS_ProductStrDescriptor  usbd_desc.o
    0x08002304   0x08002304   0x00000038   Code   RO          636    i.USBD_FS_SerialStrDescriptor  usbd_desc.o
    0x0800233c   0x0800233c   0x000000e8   Code   RO         4222    i.USBD_GetDescriptor  usbd_ctlreq.o
    0x08002424   0x08002424   0x00000048   Code   RO         4223    i.USBD_GetString    usbd_ctlreq.o
    0x0800246c   0x0800246c   0x00000018   Code   RO          431    i.USBD_Get_USB_Status  usbd_conf.o
    0x08002484   0x08002484   0x0000002a   Code   RO         4085    i.USBD_Init         usbd_core.o
    0x080024ae   0x080024ae   0x00000012   Code   RO          432    i.USBD_LL_ClearStallEP  usbd_conf.o
    0x080024c0   0x080024c0   0x00000012   Code   RO          433    i.USBD_LL_CloseEP   usbd_conf.o
    0x080024d2   0x080024d2   0x000000c6   Code   RO         4086    i.USBD_LL_DataInStage  usbd_core.o
    0x08002598   0x08002598   0x00000082   Code   RO         4087    i.USBD_LL_DataOutStage  usbd_core.o
    0x0800261a   0x0800261a   0x00000008   Code   RO          437    i.USBD_LL_GetRxDataSize  usbd_conf.o
    0x08002622   0x08002622   0x00000002   PAD
    0x08002624   0x08002624   0x00000080   Code   RO          438    i.USBD_LL_Init      usbd_conf.o
    0x080026a4   0x080026a4   0x0000001c   Code   RO          439    i.USBD_LL_IsStallEP  usbd_conf.o
    0x080026c0   0x080026c0   0x00000018   Code   RO          440    i.USBD_LL_OpenEP    usbd_conf.o
    0x080026d8   0x080026d8   0x00000012   Code   RO          441    i.USBD_LL_PrepareReceive  usbd_conf.o
    0x080026ea   0x080026ea   0x00000050   Code   RO         4092    i.USBD_LL_Reset     usbd_core.o
    0x0800273a   0x0800273a   0x00000014   Code   RO         4093    i.USBD_LL_Resume    usbd_core.o
    0x0800274e   0x0800274e   0x00000018   Code   RO         4094    i.USBD_LL_SOF       usbd_core.o
    0x08002766   0x08002766   0x00000006   Code   RO         4095    i.USBD_LL_SetSpeed  usbd_core.o
    0x0800276c   0x0800276c   0x00000012   Code   RO          442    i.USBD_LL_SetUSBAddress  usbd_conf.o
    0x0800277e   0x0800277e   0x0000005a   Code   RO         4096    i.USBD_LL_SetupStage  usbd_core.o
    0x080027d8   0x080027d8   0x00000012   Code   RO          443    i.USBD_LL_StallEP   usbd_conf.o
    0x080027ea   0x080027ea   0x00000012   Code   RO          444    i.USBD_LL_Start     usbd_conf.o
    0x080027fc   0x080027fc   0x00000012   Code   RO         4097    i.USBD_LL_Suspend   usbd_core.o
    0x0800280e   0x0800280e   0x00000012   Code   RO          446    i.USBD_LL_Transmit  usbd_conf.o
    0x08002820   0x08002820   0x00000028   Code   RO         4224    i.USBD_ParseSetupRequest  usbd_ctlreq.o
    0x08002848   0x08002848   0x00000010   Code   RO         4098    i.USBD_RegisterClass  usbd_core.o
    0x08002858   0x08002858   0x00000016   Code   RO         4100    i.USBD_SetClassConfig  usbd_core.o
    0x0800286e   0x0800286e   0x00000002   PAD
    0x08002870   0x08002870   0x00000084   Code   RO         4225    i.USBD_SetConfig    usbd_ctlreq.o
    0x080028f4   0x080028f4   0x0000000a   Code   RO         4101    i.USBD_Start        usbd_core.o
    0x080028fe   0x080028fe   0x00000112   Code   RO         4226    i.USBD_StdDevReq    usbd_ctlreq.o
    0x08002a10   0x08002a10   0x00000150   Code   RO         4227    i.USBD_StdEPReq     usbd_ctlreq.o
    0x08002b60   0x08002b60   0x0000004e   Code   RO         4228    i.USBD_StdItfReq    usbd_ctlreq.o
    0x08002bae   0x08002bae   0x00000002   Code   RO          447    i.USBD_static_free  usbd_conf.o
    0x08002bb0   0x08002bb0   0x00000008   Code   RO          448    i.USBD_static_malloc  usbd_conf.o
    0x08002bb8   0x08002bb8   0x00000266   Code   RO         1330    i.USB_ActivateEndpoint  stm32f1xx_ll_usb.o
    0x08002e1e   0x08002e1e   0x00000004   Code   RO         1333    i.USB_CoreInit      stm32f1xx_ll_usb.o
    0x08002e22   0x08002e22   0x0000010e   Code   RO         1335    i.USB_DeactivateEndpoint  stm32f1xx_ll_usb.o
    0x08002f30   0x08002f30   0x00000004   Code   RO         1336    i.USB_DevConnect    stm32f1xx_ll_usb.o
    0x08002f34   0x08002f34   0x00000004   Code   RO         1337    i.USB_DevDisconnect  stm32f1xx_ll_usb.o
    0x08002f38   0x08002f38   0x0000001e   Code   RO         1338    i.USB_DevInit       stm32f1xx_ll_usb.o
    0x08002f56   0x08002f56   0x0000000e   Code   RO         1339    i.USB_DisableGlobalInt  stm32f1xx_ll_usb.o
    0x08002f64   0x08002f64   0x00000004   Code   RO         1340    i.USB_EP0_OutStart  stm32f1xx_ll_usb.o
    0x08002f68   0x08002f68   0x00000078   Code   RO         1341    i.USB_EPClearStall  stm32f1xx_ll_usb.o
    0x08002fe0   0x08002fe0   0x00000032   Code   RO         1342    i.USB_EPSetStall    stm32f1xx_ll_usb.o
    0x08003012   0x08003012   0x0000019c   Code   RO         1343    i.USB_EPStartXfer   stm32f1xx_ll_usb.o
    0x080031ae   0x080031ae   0x0000000e   Code   RO         1344    i.USB_EnableGlobalInt  stm32f1xx_ll_usb.o
    0x080031bc   0x080031bc   0x0000000c   Code   RO          776    i.USB_LP_CAN1_RX0_IRQHandler  stm32f1xx_it.o
    0x080031c8   0x080031c8   0x00000006   Code   RO         1351    i.USB_ReadInterrupts  stm32f1xx_ll_usb.o
    0x080031ce   0x080031ce   0x00000002   PAD
    0x080031d0   0x080031d0   0x0000002c   Code   RO         1352    i.USB_ReadPMA       stm32f1xx_ll_usb.o
    0x080031fc   0x080031fc   0x00000004   Code   RO         1354    i.USB_SetCurrentMode  stm32f1xx_ll_usb.o
    0x08003200   0x08003200   0x0000000c   Code   RO         1355    i.USB_SetDevAddress  stm32f1xx_ll_usb.o
    0x0800320c   0x0800320c   0x00000026   Code   RO         1358    i.USB_WritePMA      stm32f1xx_ll_usb.o
    0x08003232   0x08003232   0x00000002   Code   RO          777    i.UsageFault_Handler  stm32f1xx_it.o
    0x08003234   0x08003234   0x00000020   Code   RO         2205    i.__NVIC_SetPriority  stm32f1xx_hal_cortex.o
    0x08003254   0x08003254   0x0000000e   Code   RO         4767    i.__scatterload_copy  mc_w.l(handlers.o)
    0x08003262   0x08003262   0x00000002   Code   RO         4768    i.__scatterload_null  mc_w.l(handlers.o)
    0x08003264   0x08003264   0x0000000e   Code   RO         4769    i.__scatterload_zeroinit  mc_w.l(handlers.o)
    0x08003272   0x08003272   0x00000002   PAD
    0x08003274   0x08003274   0x00000054   Code   RO            6    i.main              main.o
    0x080032c8   0x080032c8   0x00000020   Data   RO         4765    Region$$Table       anon$$obj.o


    Execution Region RW_IRAM1 (Exec base: 0x20000000, Load base: 0x080032e8, Size: 0x00001408, Max: 0x00005000, ABSOLUTE, COMPRESSED[0x000000c4])

    Exec Addr    Load Addr    Size         Type   Attr      Idx    E Section Name        Object

    0x20000000   COMPRESSED   0x0000001c   Data   RW          638    .data               usbd_desc.o
    0x2000001c   COMPRESSED   0x00000032   Data   RW          639    .data               usbd_desc.o
    0x2000004e   COMPRESSED   0x00000002   PAD
    0x20000050   COMPRESSED   0x00000010   Data   RW          721    .data               usbd_cdc_if.o
    0x20000060   COMPRESSED   0x00000003   Data   RW          894    .data               nrf24.o
    0x20000063   COMPRESSED   0x00000001   PAD
    0x20000064   COMPRESSED   0x0000000c   Data   RW         1742    .data               stm32f1xx_hal.o
    0x20000070   COMPRESSED   0x00000004   Data   RW         4042    .data               system_stm32f1xx.o
    0x20000074   COMPRESSED   0x00000001   Data   RW         4229    .data               usbd_ctlreq.o
    0x20000075   COMPRESSED   0x00000003   PAD
    0x20000078   COMPRESSED   0x000000d7   Data   RW         4361    .data               usbd_cdc.o
    0x2000014f   COMPRESSED   0x00000001   PAD
    0x20000150   COMPRESSED   0x00000038   Data   RW         4362    .data               usbd_cdc.o
    0x20000188        -       0x00000015   Zero   RW            9    .bss                main.o
    0x2000019d   COMPRESSED   0x00000003   PAD
    0x200001a0        -       0x00000058   Zero   RW          305    .bss                spi.o
    0x200001f8        -       0x00000040   Zero   RW          347    .bss                tim.o
    0x20000238        -       0x000002c4   Zero   RW          387    .bss                usb_device.o
    0x200004fc        -       0x0000048c   Zero   RW          449    .bss                usbd_conf.o
    0x20000988        -       0x00000200   Zero   RW          637    .bss                usbd_desc.o
    0x20000b88        -       0x00000080   Zero   RW          720    .bss                usbd_cdc_if.o
    0x20000c08        -       0x00000800   Zero   RW         4073    STACK               startup_stm32f103xb.o


==============================================================================

Image component sizes


      Code (inc. data)   RO Data    RW Data    ZI Data      Debug   Object Name

       148         20          0          0          0      11655   gpio.o
       286         28          0          0         21     422769   main.o
       732         92          0          3          0       5345   nrf24.o
        92         12          0          0          0      16218   rtc.o
       184         24          0          0         88       1597   spi.o
        36          8        236          0       2048        760   startup_stm32f103xb.o
       164         28          0         12          0       5861   stm32f1xx_hal.o
       198         14          0          0          0      28911   stm32f1xx_hal_cortex.o
       490         34          0          0          0       2880   stm32f1xx_hal_gpio.o
        60          8          0          0          0        834   stm32f1xx_hal_msp.o
      1744          0          0          0          0      10273   stm32f1xx_hal_pcd.o
        52          0          0          0          0       1166   stm32f1xx_hal_pcd_ex.o
      1134          0          0          0          0       5984   stm32f1xx_hal_spi.o
       850         14          0          0          0       9421   stm32f1xx_hal_tim.o
        70          0          0          0          0       2333   stm32f1xx_hal_tim_ex.o
        44         12          0          0          0       4617   stm32f1xx_it.o
       240          0          0          0          0      10291   stm32f1xx_ll_gpio.o
       318          6          0          0          0      10791   stm32f1xx_ll_rtc.o
      1644          0          0          0          0      14469   stm32f1xx_ll_usb.o
        12          6          0          0          0       4300   stm32f1xx_ll_utils.o
        72         16          0          4          0       1147   system_stm32f1xx.o
       160         10          0          0         64       1602   tim.o
        84         18          0          0        708        752   usb_device.o
       726         16          0        271          0      12966   usbd_cdc.o
       112         20          0         16        128       3231   usbd_cdc_if.o
       544         30          0          0       1164      13341   usbd_conf.o
       670          0          0          0          0       9407   usbd_core.o
      1186         28          0          1          0       7880   usbd_ctlreq.o
       288        104          0         78        512       5617   usbd_desc.o
       132          0          0          0          0       4296   usbd_ioreq.o

    ----------------------------------------------------------------------
     12502        548        268        392       4736     630714   Object Totals
         0          0         32          0          0          0   (incl. Generated)
        30          0          0          7          3          0   (incl. Padding)

    ----------------------------------------------------------------------

      Code (inc. data)   RO Data    RW Data    ZI Data      Debug   Library Member Name

        86          0          0          0          0          0   __dczerorl2.o
         0          0          0          0          0          0   entry.o
         0          0          0          0          0          0   entry10a.o
         0          0          0          0          0          0   entry11a.o
         8          4          0          0          0          0   entry2.o
         4          0          0          0          0          0   entry5.o
         0          0          0          0          0          0   entry7b.o
         0          0          0          0          0          0   entry8b.o
         8          4          0          0          0          0   entry9a.o
        30          0          0          0          0          0   handlers.o
        36          8          0          0          0         68   init.o
        36          0          0          0          0         68   memcpya.o
        36          0          0          0          0        108   memseta.o
        14          0          0          0          0         68   strlen.o

    ----------------------------------------------------------------------
       262         16          0          0          0        312   Library Totals
         4          0          0          0          0          0   (incl. Padding)

    ----------------------------------------------------------------------

      Code (inc. data)   RO Data    RW Data    ZI Data      Debug   Library Name

       258         16          0          0          0        312   mc_w.l

    ----------------------------------------------------------------------
       262         16          0          0          0        312   Library Totals

    ----------------------------------------------------------------------

==============================================================================


      Code (inc. data)   RO Data    RW Data    ZI Data      Debug   

     12764        564        268        392       4736     622106   Grand Totals
     12764        564        268        196       4736     622106   ELF Image Totals (compressed)
     12764        564        268        196          0          0   ROM Totals

==============================================================================

    Total RO  Size (Code + RO Data)                13032 (  12.73kB)
    Total RW  Size (RW Data + ZI Data)              5128 (   5.01kB)
    Total ROM Size (Code + RO Data + RW Data)      13228 (  12.92kB)

==============================================================================

